Archive member included to satisfy reference by file (symbol)

/usr/local/Cellar/gcc-arm-none-eabi/20180627/bin/../lib/gcc/arm-none-eabi/7.3.1/thumb/v7-m/libgcc.a(_arm_addsubdf3.o)
                              obj/app.o (__aeabi_dsub)
/usr/local/Cellar/gcc-arm-none-eabi/20180627/bin/../lib/gcc/arm-none-eabi/7.3.1/thumb/v7-m/libgcc.a(_arm_muldivdf3.o)
                              obj/app.o (__aeabi_dmul)
/usr/local/Cellar/gcc-arm-none-eabi/20180627/bin/../lib/gcc/arm-none-eabi/7.3.1/thumb/v7-m/libgcc.a(_arm_cmpdf2.o)
                              obj/app.o (__aeabi_dcmpeq)
/usr/local/Cellar/gcc-arm-none-eabi/20180627/bin/../lib/gcc/arm-none-eabi/7.3.1/thumb/v7-m/libgcc.a(_arm_fixdfsi.o)
                              obj/app.o (__aeabi_d2iz)
/usr/local/Cellar/gcc-arm-none-eabi/20180627/bin/../lib/gcc/arm-none-eabi/7.3.1/../../../../arm-none-eabi/lib/thumb/v7-m/libm.a(lib_a-s_cos.o)
                              obj/app.o (cos)
/usr/local/Cellar/gcc-arm-none-eabi/20180627/bin/../lib/gcc/arm-none-eabi/7.3.1/../../../../arm-none-eabi/lib/thumb/v7-m/libm.a(lib_a-s_round.o)
                              obj/app.o (round)
/usr/local/Cellar/gcc-arm-none-eabi/20180627/bin/../lib/gcc/arm-none-eabi/7.3.1/../../../../arm-none-eabi/lib/thumb/v7-m/libm.a(lib_a-s_sin.o)
                              obj/app.o (sin)
/usr/local/Cellar/gcc-arm-none-eabi/20180627/bin/../lib/gcc/arm-none-eabi/7.3.1/../../../../arm-none-eabi/lib/thumb/v7-m/libm.a(lib_a-w_fmod.o)
                              obj/app.o (fmod)
/usr/local/Cellar/gcc-arm-none-eabi/20180627/bin/../lib/gcc/arm-none-eabi/7.3.1/../../../../arm-none-eabi/lib/thumb/v7-m/libm.a(lib_a-e_fmod.o)
                              /usr/local/Cellar/gcc-arm-none-eabi/20180627/bin/../lib/gcc/arm-none-eabi/7.3.1/../../../../arm-none-eabi/lib/thumb/v7-m/libm.a(lib_a-w_fmod.o) (__ieee754_fmod)
/usr/local/Cellar/gcc-arm-none-eabi/20180627/bin/../lib/gcc/arm-none-eabi/7.3.1/../../../../arm-none-eabi/lib/thumb/v7-m/libm.a(lib_a-e_rem_pio2.o)
                              /usr/local/Cellar/gcc-arm-none-eabi/20180627/bin/../lib/gcc/arm-none-eabi/7.3.1/../../../../arm-none-eabi/lib/thumb/v7-m/libm.a(lib_a-s_cos.o) (__ieee754_rem_pio2)
/usr/local/Cellar/gcc-arm-none-eabi/20180627/bin/../lib/gcc/arm-none-eabi/7.3.1/../../../../arm-none-eabi/lib/thumb/v7-m/libm.a(lib_a-k_cos.o)
                              /usr/local/Cellar/gcc-arm-none-eabi/20180627/bin/../lib/gcc/arm-none-eabi/7.3.1/../../../../arm-none-eabi/lib/thumb/v7-m/libm.a(lib_a-s_cos.o) (__kernel_cos)
/usr/local/Cellar/gcc-arm-none-eabi/20180627/bin/../lib/gcc/arm-none-eabi/7.3.1/../../../../arm-none-eabi/lib/thumb/v7-m/libm.a(lib_a-k_rem_pio2.o)
                              /usr/local/Cellar/gcc-arm-none-eabi/20180627/bin/../lib/gcc/arm-none-eabi/7.3.1/../../../../arm-none-eabi/lib/thumb/v7-m/libm.a(lib_a-e_rem_pio2.o) (__kernel_rem_pio2)
/usr/local/Cellar/gcc-arm-none-eabi/20180627/bin/../lib/gcc/arm-none-eabi/7.3.1/../../../../arm-none-eabi/lib/thumb/v7-m/libm.a(lib_a-k_sin.o)
                              /usr/local/Cellar/gcc-arm-none-eabi/20180627/bin/../lib/gcc/arm-none-eabi/7.3.1/../../../../arm-none-eabi/lib/thumb/v7-m/libm.a(lib_a-s_cos.o) (__kernel_sin)
/usr/local/Cellar/gcc-arm-none-eabi/20180627/bin/../lib/gcc/arm-none-eabi/7.3.1/../../../../arm-none-eabi/lib/thumb/v7-m/libm.a(lib_a-s_fabs.o)
                              /usr/local/Cellar/gcc-arm-none-eabi/20180627/bin/../lib/gcc/arm-none-eabi/7.3.1/../../../../arm-none-eabi/lib/thumb/v7-m/libm.a(lib_a-e_rem_pio2.o) (fabs)
/usr/local/Cellar/gcc-arm-none-eabi/20180627/bin/../lib/gcc/arm-none-eabi/7.3.1/../../../../arm-none-eabi/lib/thumb/v7-m/libm.a(lib_a-s_floor.o)
                              /usr/local/Cellar/gcc-arm-none-eabi/20180627/bin/../lib/gcc/arm-none-eabi/7.3.1/../../../../arm-none-eabi/lib/thumb/v7-m/libm.a(lib_a-k_rem_pio2.o) (floor)
/usr/local/Cellar/gcc-arm-none-eabi/20180627/bin/../lib/gcc/arm-none-eabi/7.3.1/../../../../arm-none-eabi/lib/thumb/v7-m/libm.a(lib_a-s_lib_ver.o)
                              /usr/local/Cellar/gcc-arm-none-eabi/20180627/bin/../lib/gcc/arm-none-eabi/7.3.1/../../../../arm-none-eabi/lib/thumb/v7-m/libm.a(lib_a-w_fmod.o) (__fdlib_version)
/usr/local/Cellar/gcc-arm-none-eabi/20180627/bin/../lib/gcc/arm-none-eabi/7.3.1/../../../../arm-none-eabi/lib/thumb/v7-m/libm.a(lib_a-s_matherr.o)
                              /usr/local/Cellar/gcc-arm-none-eabi/20180627/bin/../lib/gcc/arm-none-eabi/7.3.1/../../../../arm-none-eabi/lib/thumb/v7-m/libm.a(lib_a-w_fmod.o) (matherr)
/usr/local/Cellar/gcc-arm-none-eabi/20180627/bin/../lib/gcc/arm-none-eabi/7.3.1/../../../../arm-none-eabi/lib/thumb/v7-m/libm.a(lib_a-s_scalbn.o)
                              /usr/local/Cellar/gcc-arm-none-eabi/20180627/bin/../lib/gcc/arm-none-eabi/7.3.1/../../../../arm-none-eabi/lib/thumb/v7-m/libm.a(lib_a-k_rem_pio2.o) (scalbn)
[...]
Memory Configuration

Name             Origin             Length             Attributes
FLASH            0x0000000008000000 0x000000000001fc00 xr
RAM              0x0000000020000000 0x0000000000005000 xrw
*default*        0x0000000000000000 0xffffffffffffffff

Linker script and memory map

LOAD /usr/local/Cellar/gcc-arm-none-eabi/20180627/bin/../lib/gcc/arm-none-eabi/7.3.1/thumb/v7-m/crti.o
LOAD /usr/local/Cellar/gcc-arm-none-eabi/20180627/bin/../lib/gcc/arm-none-eabi/7.3.1/thumb/v7-m/crtbegin.o
LOAD /usr/local/Cellar/gcc-arm-none-eabi/20180627/bin/../lib/gcc/arm-none-eabi/7.3.1/../../../../arm-none-eabi/lib/thumb/v7-m/crt0.o
LOAD obj/app.o
LOAD obj/assert.o
LOAD obj/constManager.o
LOAD obj/deviceDefinition.o
LOAD obj/msp.o
LOAD obj/stm32f1xx_it.o
LOAD obj/system_stm32f1xx.o
LOAD obj/trapezoid_ctrl.o
LOAD obj/stm32f1xx_hal.o
LOAD obj/stm32f1xx_hal_adc.o
LOAD obj/stm32f1xx_hal_adc_ex.o
LOAD obj/stm32f1xx_hal_can.o
LOAD obj/stm32f1xx_hal_cec.o
LOAD obj/stm32f1xx_hal_cortex.o
LOAD obj/stm32f1xx_hal_crc.o
LOAD obj/stm32f1xx_hal_dac.o
LOAD obj/stm32f1xx_hal_dac_ex.o
LOAD obj/stm32f1xx_hal_dma.o
LOAD obj/stm32f1xx_hal_eth.o
LOAD obj/stm32f1xx_hal_flash.o
LOAD obj/stm32f1xx_hal_flash_ex.o
LOAD obj/stm32f1xx_hal_gpio.o
LOAD obj/stm32f1xx_hal_gpio_ex.o
LOAD obj/stm32f1xx_hal_hcd.o
LOAD obj/stm32f1xx_hal_i2c.o
LOAD obj/stm32f1xx_hal_i2s.o
LOAD obj/stm32f1xx_hal_irda.o
LOAD obj/stm32f1xx_hal_iwdg.o
LOAD obj/stm32f1xx_hal_nand.o
LOAD obj/stm32f1xx_hal_nor.o
LOAD obj/stm32f1xx_hal_pccard.o
LOAD obj/stm32f1xx_hal_pcd.o
LOAD obj/stm32f1xx_hal_pcd_ex.o
LOAD obj/stm32f1xx_hal_pwr.o
LOAD obj/stm32f1xx_hal_rcc.o
LOAD obj/stm32f1xx_hal_rcc_ex.o
LOAD obj/stm32f1xx_hal_rtc.o
LOAD obj/stm32f1xx_hal_rtc_ex.o
LOAD obj/stm32f1xx_hal_sd.o
LOAD obj/stm32f1xx_hal_smartcard.o
LOAD obj/stm32f1xx_hal_spi.o
LOAD obj/stm32f1xx_hal_spi_ex.o
LOAD obj/stm32f1xx_hal_sram.o
LOAD obj/stm32f1xx_hal_tim.o
LOAD obj/stm32f1xx_hal_tim_ex.o
LOAD obj/stm32f1xx_hal_uart.o
LOAD obj/stm32f1xx_hal_usart.o
LOAD obj/stm32f1xx_hal_wwdg.o
LOAD obj/stm32f1xx_ll_fsmc.o
LOAD obj/stm32f1xx_ll_sdmmc.o
LOAD obj/stm32f1xx_ll_usb.o
LOAD obj/MW_ENCODER.o
LOAD obj/MW_GPIO.o
LOAD obj/MW_I2C.o
LOAD obj/MW_IWDG.o
LOAD obj/MW_TIM.o
LOAD obj/MW_USART.o
LOAD obj/MW_flash.o
LOAD obj/message.o
LOAD obj/xprintf.o
LOAD obj/DD_AB.o
LOAD obj/DD_ENCODER.o
LOAD obj/DD_Gene.o
LOAD obj/DD_LD.o
LOAD obj/DD_MD.o
LOAD obj/DD_RC.o
LOAD obj/DD_SS.o
LOAD obj/DD_SV.o
LOAD obj/SystemTaskManager.o
LOAD obj/startup.o
START GROUP
LOAD /usr/local/Cellar/gcc-arm-none-eabi/20180627/bin/../lib/gcc/arm-none-eabi/7.3.1/thumb/v7-m/libgcc.a
LOAD /usr/local/Cellar/gcc-arm-none-eabi/20180627/bin/../lib/gcc/arm-none-eabi/7.3.1/../../../../arm-none-eabi/lib/thumb/v7-m/libm.a
END GROUP
START GROUP
LOAD /usr/local/Cellar/gcc-arm-none-eabi/20180627/bin/../lib/gcc/arm-none-eabi/7.3.1/thumb/v7-m/libgcc.a
LOAD /usr/local/Cellar/gcc-arm-none-eabi/20180627/bin/../lib/gcc/arm-none-eabi/7.3.1/../../../../arm-none-eabi/lib/thumb/v7-m/libc_nano.a
END GROUP
START GROUP
LOAD /usr/local/Cellar/gcc-arm-none-eabi/20180627/bin/../lib/gcc/arm-none-eabi/7.3.1/thumb/v7-m/libgcc.a
LOAD /usr/local/Cellar/gcc-arm-none-eabi/20180627/bin/../lib/gcc/arm-none-eabi/7.3.1/../../../../arm-none-eabi/lib/thumb/v7-m/libc_nano.a
END GROUP
LOAD /usr/local/Cellar/gcc-arm-none-eabi/20180627/bin/../lib/gcc/arm-none-eabi/7.3.1/thumb/v7-m/crtend.o
LOAD /usr/local/Cellar/gcc-arm-none-eabi/20180627/bin/../lib/gcc/arm-none-eabi/7.3.1/thumb/v7-m/crtn.o
                0x0000000020005000                _estack = 0x20005000
                0x0000000000000200                _Min_Heap_Size = 0x200
                0x0000000000000400                _Min_Stack_Size = 0x400

.isr_vector     0x0000000008000000      0x10c
                0x0000000008000000                . = ALIGN (0x4)
 *(.isr_vector)
 .isr_vector    0x0000000008000000      0x10c obj/startup.o
                0x0000000008000000                g_pfnVectors
                0x000000000800010c                . = ALIGN (0x4)

.text           0x0000000008000110     0xb870
                0x0000000008000110                . = ALIGN (0x4)
 *(.text)
 .text          0x0000000008000110       0x40 /usr/local/Cellar/gcc-arm-none-eabi/20180627/bin/../lib/gcc/arm-none-eabi/7.3.1/thumb/v7-m/crtbegin.o
 .text          0x0000000008000150      0x378 /usr/local/Cellar/gcc-arm-none-eabi/20180627/bin/../lib/gcc/arm-none-eabi/7.3.1/thumb/v7-m/libgcc.a(_arm_addsubdf3.o)
                0x0000000008000150                __aeabi_drsub
                0x0000000008000158                __subdf3
                0x0000000008000158                __aeabi_dsub
                0x000000000800015c                __aeabi_dadd
                0x000000000800015c                __adddf3
                0x00000000080003d4                __aeabi_ui2d
                0x00000000080003d4                __floatunsidf
                0x00000000080003f4                __floatsidf
                0x00000000080003f4                __aeabi_i2d
                0x0000000008000418                __extendsfdf2
                0x0000000008000418                __aeabi_f2d
                0x000000000800045c                __aeabi_ul2d
                0x000000000800045c                __floatundidf
                0x000000000800046c                __aeabi_l2d
                0x000000000800046c                __floatdidf
 .text          0x00000000080004c8      0x424 /usr/local/Cellar/gcc-arm-none-eabi/20180627/bin/../lib/gcc/arm-none-eabi/7.3.1/thumb/v7-m/libgcc.a(_arm_muldivdf3.o)
                0x00000000080004c8                __aeabi_dmul
                0x00000000080004c8                __muldf3
                0x000000000800071c                __aeabi_ddiv
                0x000000000800071c                __divdf3
 .text          0x00000000080008ec      0x110 /usr/local/Cellar/gcc-arm-none-eabi/20180627/bin/../lib/gcc/arm-none-eabi/7.3.1/thumb/v7-m/libgcc.a(_arm_cmpdf2.o)
                0x00000000080008ec                __gedf2
                0x00000000080008ec                __gtdf2
                0x00000000080008f4                __ledf2
                0x00000000080008f4                __ltdf2
                0x00000000080008fc                __cmpdf2
                0x00000000080008fc                __eqdf2
                0x00000000080008fc                __nedf2
                0x0000000008000978                __aeabi_cdrcmple
                0x0000000008000988                __aeabi_cdcmple
                0x0000000008000988                __aeabi_cdcmpeq
                0x0000000008000998                __aeabi_dcmpeq
                0x00000000080009ac                __aeabi_dcmplt
                0x00000000080009c0                __aeabi_dcmple
                0x00000000080009d4                __aeabi_dcmpge
                0x00000000080009e8                __aeabi_dcmpgt
 .text          0x00000000080009fc       0x50 /usr/local/Cellar/gcc-arm-none-eabi/20180627/bin/../lib/gcc/arm-none-eabi/7.3.1/thumb/v7-m/libgcc.a(_arm_fixdfsi.o)
                0x00000000080009fc                __fixdfsi
                0x00000000080009fc                __aeabi_d2iz
 .text          0x0000000008000a4c       0x2c /usr/local/Cellar/gcc-arm-none-eabi/20180627/bin/../lib/gcc/arm-none-eabi/7.3.1/thumb/v7-m/libgcc.a(_arm_unorddf2.o)
                0x0000000008000a4c                __aeabi_dcmpun
                0x0000000008000a4c                __unorddf2
 *(.text*)
 .text.decide_straight_duty
                0x0000000008000a78      0x2dc obj/app.o
 .text.get_diff
                0x0000000008000d54       0x2e obj/app.o
 *fill*         0x0000000008000d82        0x2 
 .text.all_motor_stop
                0x0000000008000d84       0x24 obj/app.o
 .text.sus_motor_stop
                0x0000000008000da8       0x14 obj/app.o
 .text.fill_array
                0x0000000008000dbc       0x1e obj/app.o
 *fill*         0x0000000008000dda        0x2 
 .text.first_up_mecha_move
                0x0000000008000ddc       0x74 obj/app.o
 .text.zeneba_mecha_move
                0x0000000008000e50       0x9c obj/app.o
 .text.arm_mecha_move
                0x0000000008000eec      0x308 obj/app.o
 .text.get_object
                0x00000000080011f4      0x134 obj/app.o
 .text.I2C_Encoder
                0x0000000008001328      0x268 obj/app.o
 .text.decide_turn_duty
                0x0000000008001590      0x554 obj/app.o
 .text.steering_2_init
                0x0000000008001ae4       0x34 obj/app.o
 .text.steering_1_init
                0x0000000008001b18       0x34 obj/app.o
 *fill*         0x0000000008001b4c        0x4 
 .text.steering_spin_to_target
                0x0000000008001b50      0x2d8 obj/app.o
 .text.odmetry_position
                0x0000000008001e28      0x608 obj/app.o
 .text.go_to_target
                0x0000000008002430      0x4f8 obj/app.o
 .text.appInit  0x0000000008002928        0xa obj/app.o
                0x0000000008002928                appInit
 *fill*         0x0000000008002932        0x6 
 .text.appTask  0x0000000008002938     0x32ec obj/app.o
                0x0000000008002938                appTask
 .text.assert_failed
                0x0000000008005c24        0x2 obj/assert.o
                0x0000000008005c24                assert_failed
 *fill*         0x0000000008005c26        0x2 
 .text.reloadDefault
                0x0000000008005c28       0x18 obj/constManager.o
 .text.load     0x0000000008005c40       0x40 obj/constManager.o
 .text.ad_init  0x0000000008005c80        0xc obj/constManager.o
                0x0000000008005c80                ad_init
 .text.HAL_MspInit
                0x0000000008005c8c       0x7c obj/msp.o
                0x0000000008005c8c                HAL_MspInit
 .text.HAL_I2C_MspInit
                0x0000000008005d08      0x1a4 obj/msp.o
                0x0000000008005d08                HAL_I2C_MspInit
 .text.HAL_TIM_Encoder_MspInit
                0x0000000008005eac       0x8c obj/msp.o
                0x0000000008005eac                HAL_TIM_Encoder_MspInit
 .text.HAL_UART_MspInit
                0x0000000008005f38      0x1fc obj/msp.o
                0x0000000008005f38                HAL_UART_MspInit
 .text.NMI_Handler
                0x0000000008006134        0x2 obj/stm32f1xx_it.o
                0x0000000008006134                NMI_Handler
 .text.HardFault_Handler
                0x0000000008006136        0x2 obj/stm32f1xx_it.o
                0x0000000008006136                HardFault_Handler
 .text.MemManage_Handler
                0x0000000008006138        0x2 obj/stm32f1xx_it.o
                0x0000000008006138                MemManage_Handler
 .text.BusFault_Handler
                0x000000000800613a        0x2 obj/stm32f1xx_it.o
                0x000000000800613a                BusFault_Handler
 .text.UsageFault_Handler
                0x000000000800613c        0x2 obj/stm32f1xx_it.o
                0x000000000800613c                UsageFault_Handler
 .text.SVC_Handler
                0x000000000800613e        0x2 obj/stm32f1xx_it.o
                0x000000000800613e                SVC_Handler
 .text.DebugMon_Handler
                0x0000000008006140        0x2 obj/stm32f1xx_it.o
                0x0000000008006140                DebugMon_Handler
 .text.PendSV_Handler
                0x0000000008006142        0x2 obj/stm32f1xx_it.o
                0x0000000008006142                PendSV_Handler
 .text.SysTick_Handler
                0x0000000008006144       0x18 obj/stm32f1xx_it.o
                0x0000000008006144                SysTick_Handler
 .text.DMA1_Channel7_IRQHandler
                0x000000000800615c       0x10 obj/stm32f1xx_it.o
                0x000000000800615c                DMA1_Channel7_IRQHandler
 .text.DMA1_Channel3_IRQHandler
                0x000000000800616c       0x10 obj/stm32f1xx_it.o
                0x000000000800616c                DMA1_Channel3_IRQHandler
 .text.USART3_IRQHandler
                0x000000000800617c       0x10 obj/stm32f1xx_it.o
                0x000000000800617c                USART3_IRQHandler
 .text.USART2_IRQHandler
                0x000000000800618c       0x10 obj/stm32f1xx_it.o
                0x000000000800618c                USART2_IRQHandler
 .text.DMA1_Channel4_IRQHandler
                0x000000000800619c       0x10 obj/stm32f1xx_it.o
                0x000000000800619c                DMA1_Channel4_IRQHandler
 .text.DMA1_Channel5_IRQHandler
                0x00000000080061ac       0x10 obj/stm32f1xx_it.o
                0x00000000080061ac                DMA1_Channel5_IRQHandler
 .text.SystemInit
                0x00000000080061bc       0x4c obj/system_stm32f1xx.o
                0x00000000080061bc                SystemInit
 .text.HAL_InitTick
                0x0000000008006208       0x28 obj/stm32f1xx_hal.o
                0x0000000008006208                HAL_InitTick
 .text.HAL_Init
                0x0000000008006230       0x24 obj/stm32f1xx_hal.o
                0x0000000008006230                HAL_Init
 .text.HAL_IncTick
                0x0000000008006254       0x10 obj/stm32f1xx_hal.o
                0x0000000008006254                HAL_IncTick
 .text.HAL_GetTick
                0x0000000008006264        0xc obj/stm32f1xx_hal.o
                0x0000000008006264                HAL_GetTick
 .text.HAL_Delay
                0x0000000008006270       0x1c obj/stm32f1xx_hal.o
                0x0000000008006270                HAL_Delay
 .text.HAL_NVIC_SetPriorityGrouping
                0x000000000800628c       0x3c obj/stm32f1xx_hal_cortex.o
                0x000000000800628c                HAL_NVIC_SetPriorityGrouping
 .text.HAL_NVIC_SetPriority
                0x00000000080062c8       0x8c obj/stm32f1xx_hal_cortex.o
                0x00000000080062c8                HAL_NVIC_SetPriority
 .text.HAL_NVIC_EnableIRQ
                0x0000000008006354       0x2c obj/stm32f1xx_hal_cortex.o
                0x0000000008006354                HAL_NVIC_EnableIRQ
 .text.HAL_SYSTICK_Config
                0x0000000008006380       0x2c obj/stm32f1xx_hal_cortex.o
                0x0000000008006380                HAL_SYSTICK_Config
 .text.HAL_SYSTICK_CLKSourceConfig
                0x00000000080063ac       0x3c obj/stm32f1xx_hal_cortex.o
                0x00000000080063ac                HAL_SYSTICK_CLKSourceConfig
 .text.HAL_SYSTICK_Callback
                0x00000000080063e8        0x2 obj/stm32f1xx_hal_cortex.o
                0x00000000080063e8                HAL_SYSTICK_Callback
 .text.HAL_SYSTICK_IRQHandler
                0x00000000080063ea        0x8 obj/stm32f1xx_hal_cortex.o
                0x00000000080063ea                HAL_SYSTICK_IRQHandler
 .text.DMA_SetConfig
                0x00000000080063f2       0x22 obj/stm32f1xx_hal_dma.o
 .text.HAL_DMA_Init
                0x0000000008006414      0x138 obj/stm32f1xx_hal_dma.o
                0x0000000008006414                HAL_DMA_Init
 .text.HAL_DMA_Start_IT
                0x000000000800654c       0x80 obj/stm32f1xx_hal_dma.o
                0x000000000800654c                HAL_DMA_Start_IT
 .text.HAL_DMA_IRQHandler
                0x00000000080065cc      0x270 obj/stm32f1xx_hal_dma.o
                0x00000000080065cc                HAL_DMA_IRQHandler
 .text.HAL_GPIO_Init
                0x000000000800683c      0x318 obj/stm32f1xx_hal_gpio.o
                0x000000000800683c                HAL_GPIO_Init
 .text.HAL_GPIO_ReadPin
                0x0000000008006b54       0x28 obj/stm32f1xx_hal_gpio.o
                0x0000000008006b54                HAL_GPIO_ReadPin
 .text.HAL_GPIO_WritePin
                0x0000000008006b7c       0x38 obj/stm32f1xx_hal_gpio.o
                0x0000000008006b7c                HAL_GPIO_WritePin
 .text.I2C_Configure_Speed
                0x0000000008006bb4       0x50 obj/stm32f1xx_hal_i2c.o
 .text.I2C_IsAcknowledgeFailed
                0x0000000008006c04       0x2a obj/stm32f1xx_hal_i2c.o
 .text.I2C_WaitOnFlagUntilTimeout
                0x0000000008006c2e       0xc0 obj/stm32f1xx_hal_i2c.o
 .text.I2C_WaitOnMasterAddressFlagUntilTimeout
                0x0000000008006cee       0x92 obj/stm32f1xx_hal_i2c.o
 .text.I2C_MasterRequestWrite
                0x0000000008006d80       0x8c obj/stm32f1xx_hal_i2c.o
 .text.I2C_MasterRequestRead
                0x0000000008006e0c       0xe8 obj/stm32f1xx_hal_i2c.o
 .text.I2C_WaitOnTXEFlagUntilTimeout
                0x0000000008006ef4       0x50 obj/stm32f1xx_hal_i2c.o
 .text.I2C_WaitOnBTFFlagUntilTimeout
                0x0000000008006f44       0x50 obj/stm32f1xx_hal_i2c.o
 .text.HAL_I2C_Init
                0x0000000008006f94      0x188 obj/stm32f1xx_hal_i2c.o
                0x0000000008006f94                HAL_I2C_Init
 .text.HAL_I2C_Master_Transmit
                0x000000000800711c      0x130 obj/stm32f1xx_hal_i2c.o
                0x000000000800711c                HAL_I2C_Master_Transmit
 .text.HAL_I2C_Master_Transmit_DMA
                0x000000000800724c       0xe0 obj/stm32f1xx_hal_i2c.o
                0x000000000800724c                HAL_I2C_Master_Transmit_DMA
 .text.HAL_I2C_Master_Receive_DMA
                0x000000000800732c       0xf8 obj/stm32f1xx_hal_i2c.o
                0x000000000800732c                HAL_I2C_Master_Receive_DMA
 .text.HAL_I2C_ErrorCallback
                0x0000000008007424        0x2 obj/stm32f1xx_hal_i2c.o
                0x0000000008007424                HAL_I2C_ErrorCallback
 .text.I2C_DMAError
                0x0000000008007426       0x2a obj/stm32f1xx_hal_i2c.o
 .text.I2C_DMAMasterTransmitCplt
                0x0000000008007450       0x54 obj/stm32f1xx_hal_i2c.o
 .text.I2C_DMAMasterReceiveCplt
                0x00000000080074a4       0x4a obj/stm32f1xx_hal_i2c.o
 .text.HAL_IWDG_MspInit
                0x00000000080074ee        0x2 obj/stm32f1xx_hal_iwdg.o
                0x00000000080074ee                HAL_IWDG_MspInit
 .text.HAL_IWDG_Init
                0x00000000080074f0       0xa0 obj/stm32f1xx_hal_iwdg.o
                0x00000000080074f0                HAL_IWDG_Init
 .text.HAL_IWDG_Start
                0x0000000008007590       0x2a obj/stm32f1xx_hal_iwdg.o
                0x0000000008007590                HAL_IWDG_Start
 .text.HAL_IWDG_Refresh
                0x00000000080075ba       0x4c obj/stm32f1xx_hal_iwdg.o
                0x00000000080075ba                HAL_IWDG_Refresh
 *fill*         0x0000000008007606        0x2 
 .text.HAL_RCC_OscConfig
                0x0000000008007608      0x728 obj/stm32f1xx_hal_rcc.o
                0x0000000008007608                HAL_RCC_OscConfig
 .text.HAL_RCC_GetSysClockFreq
                0x0000000008007d30       0x8c obj/stm32f1xx_hal_rcc.o
                0x0000000008007d30                HAL_RCC_GetSysClockFreq
 .text.HAL_RCC_ClockConfig
                0x0000000008007dbc      0x2a0 obj/stm32f1xx_hal_rcc.o
                0x0000000008007dbc                HAL_RCC_ClockConfig
 .text.HAL_RCC_GetHCLKFreq
                0x000000000800805c        0xc obj/stm32f1xx_hal_rcc.o
                0x000000000800805c                HAL_RCC_GetHCLKFreq
 .text.HAL_RCC_GetPCLK1Freq
                0x0000000008008068       0x2c obj/stm32f1xx_hal_rcc.o
                0x0000000008008068                HAL_RCC_GetPCLK1Freq
 .text.HAL_RCC_GetPCLK2Freq
                0x0000000008008094       0x2c obj/stm32f1xx_hal_rcc.o
                0x0000000008008094                HAL_RCC_GetPCLK2Freq
 .text.HAL_RCCEx_PeriphCLKConfig
                0x00000000080080c0      0x1a4 obj/stm32f1xx_hal_rcc_ex.o
                0x00000000080080c0                HAL_RCCEx_PeriphCLKConfig
 .text.HAL_TIM_Base_Start
                0x0000000008008264       0x50 obj/stm32f1xx_hal_tim.o
                0x0000000008008264                HAL_TIM_Base_Start
 .text.HAL_TIM_PeriodElapsedCallback
                0x00000000080082b4        0x2 obj/stm32f1xx_hal_tim.o
                0x00000000080082b4                HAL_TIM_PeriodElapsedCallback
 .text.HAL_TIM_OC_DelayElapsedCallback
                0x00000000080082b6        0x2 obj/stm32f1xx_hal_tim.o
                0x00000000080082b6                HAL_TIM_OC_DelayElapsedCallback
 .text.HAL_TIM_IC_CaptureCallback
                0x00000000080082b8        0x2 obj/stm32f1xx_hal_tim.o
                0x00000000080082b8                HAL_TIM_IC_CaptureCallback
 .text.HAL_TIM_PWM_PulseFinishedCallback
                0x00000000080082ba        0x2 obj/stm32f1xx_hal_tim.o
                0x00000000080082ba                HAL_TIM_PWM_PulseFinishedCallback
 .text.HAL_TIM_TriggerCallback
                0x00000000080082bc        0x2 obj/stm32f1xx_hal_tim.o
                0x00000000080082bc                HAL_TIM_TriggerCallback
 .text.HAL_TIM_IRQHandler
                0x00000000080082be      0x17a obj/stm32f1xx_hal_tim.o
                0x00000000080082be                HAL_TIM_IRQHandler
 .text.TIM_Base_SetConfig
                0x0000000008008438       0x6c obj/stm32f1xx_hal_tim.o
                0x0000000008008438                TIM_Base_SetConfig
 .text.HAL_TIM_Encoder_Init
                0x00000000080084a4      0x194 obj/stm32f1xx_hal_tim.o
                0x00000000080084a4                HAL_TIM_Encoder_Init
 .text.HAL_TIMEx_MasterConfigSynchronization
                0x0000000008008638       0xc4 obj/stm32f1xx_hal_tim_ex.o
                0x0000000008008638                HAL_TIMEx_MasterConfigSynchronization
 .text.HAL_TIMEx_CommutationCallback
                0x00000000080086fc        0x2 obj/stm32f1xx_hal_tim_ex.o
                0x00000000080086fc                HAL_TIMEx_CommutationCallback
 .text.HAL_TIMEx_BreakCallback
                0x00000000080086fe        0x2 obj/stm32f1xx_hal_tim_ex.o
                0x00000000080086fe                HAL_TIMEx_BreakCallback
 .text.UART_Transmit_IT
                0x0000000008008700       0x6c obj/stm32f1xx_hal_uart.o
 .text.UART_SetConfig
                0x000000000800876c      0x214 obj/stm32f1xx_hal_uart.o
 .text.HAL_UART_Init
                0x0000000008008980       0xf8 obj/stm32f1xx_hal_uart.o
                0x0000000008008980                HAL_UART_Init
 .text.HAL_UART_Transmit_DMA
                0x0000000008008a78       0xa0 obj/stm32f1xx_hal_uart.o
                0x0000000008008a78                HAL_UART_Transmit_DMA
 .text.UART_DMATransmitCplt
                0x0000000008008b18       0x30 obj/stm32f1xx_hal_uart.o
 .text.UART_EndTransmit_IT
                0x0000000008008b48       0x2c obj/stm32f1xx_hal_uart.o
 .text.HAL_UART_TxHalfCpltCallback
                0x0000000008008b74        0x2 obj/stm32f1xx_hal_uart.o
                0x0000000008008b74                HAL_UART_TxHalfCpltCallback
 .text.UART_DMATxHalfCplt
                0x0000000008008b76        0xa obj/stm32f1xx_hal_uart.o
 .text.UART_Receive_IT
                0x0000000008008b80       0xb6 obj/stm32f1xx_hal_uart.o
 .text.HAL_UART_ErrorCallback
                0x0000000008008c36        0x2 obj/stm32f1xx_hal_uart.o
                0x0000000008008c36                HAL_UART_ErrorCallback
 .text.UART_DMAError
                0x0000000008008c38       0x1e obj/stm32f1xx_hal_uart.o
 .text.HAL_UART_IRQHandler
                0x0000000008008c56       0xca obj/stm32f1xx_hal_uart.o
                0x0000000008008c56                HAL_UART_IRQHandler
 .text.MW_EncoderInit
                0x0000000008008d20       0x70 obj/MW_ENCODER.o
                0x0000000008008d20                MW_EncoderInit
 .text.MW_GetEncoderVal
                0x0000000008008d90       0x28 obj/MW_ENCODER.o
                0x0000000008008d90                MW_GetEncoderVal
 .text.MW_WriteEncoderVal
                0x0000000008008db8       0x28 obj/MW_ENCODER.o
                0x0000000008008db8                MW_WriteEncoderVal
 .text.MW_SetGPIOPin
                0x0000000008008de0        0xc obj/MW_GPIO.o
                0x0000000008008de0                MW_SetGPIOPin
 .text.MW_SetGPIOMode
                0x0000000008008dec        0xc obj/MW_GPIO.o
                0x0000000008008dec                MW_SetGPIOMode
 .text.MW_SetGPIOPull
                0x0000000008008df8        0xc obj/MW_GPIO.o
                0x0000000008008df8                MW_SetGPIOPull
 .text.MW_SetGPIOSpeed
                0x0000000008008e04        0xc obj/MW_GPIO.o
                0x0000000008008e04                MW_SetGPIOSpeed
 .text.MW_GPIOInit
                0x0000000008008e10       0x2c obj/MW_GPIO.o
                0x0000000008008e10                MW_GPIOInit
 .text.MW_GPIOWrite
                0x0000000008008e3c       0x30 obj/MW_GPIO.o
                0x0000000008008e3c                MW_GPIOWrite
 .text.MW_GPIORead
                0x0000000008008e6c       0x2c obj/MW_GPIO.o
                0x0000000008008e6c                MW_GPIORead
 .text.MW_SetI2CClockSpeed
                0x0000000008008e98       0x24 obj/MW_I2C.o
                0x0000000008008e98                MW_SetI2CClockSpeed
 .text.MW_I2CInit
                0x0000000008008ebc       0x1c obj/MW_I2C.o
                0x0000000008008ebc                MW_I2CInit
 .text.MW_I2C1Transmit
                0x0000000008008ed8       0x28 obj/MW_I2C.o
                0x0000000008008ed8                MW_I2C1Transmit
 .text.MW_I2C2Transmit
                0x0000000008008f00       0x30 obj/MW_I2C.o
                0x0000000008008f00                MW_I2C2Transmit
 .text.MW_I2C2Receive
                0x0000000008008f30       0x30 obj/MW_I2C.o
                0x0000000008008f30                MW_I2C2Receive
 .text.MW_I2C2TransitionCompletedCallBack
                0x0000000008008f60        0xc obj/MW_I2C.o
                0x0000000008008f60                MW_I2C2TransitionCompletedCallBack
 .text.MW_I2C2ReceptionCompletedCallBack
                0x0000000008008f6c        0xc obj/MW_I2C.o
                0x0000000008008f6c                MW_I2C2ReceptionCompletedCallBack
 .text.MW_SetIWDGPrescaler
                0x0000000008008f78        0xc obj/MW_IWDG.o
                0x0000000008008f78                MW_SetIWDGPrescaler
 .text.MW_SetIWDGReload
                0x0000000008008f84        0xc obj/MW_IWDG.o
                0x0000000008008f84                MW_SetIWDGReload
 .text.MW_IWDGInit
                0x0000000008008f90       0x1c obj/MW_IWDG.o
                0x0000000008008f90                MW_IWDGInit
 .text.MW_IWDGClr
                0x0000000008008fac       0x10 obj/MW_IWDG.o
                0x0000000008008fac                MW_IWDGClr
 .text.TIM1_UP_IRQHandler
                0x0000000008008fbc       0x10 obj/MW_TIM.o
                0x0000000008008fbc                TIM1_UP_IRQHandler
 .text.TIM2_IRQHandler
                0x0000000008008fcc       0x10 obj/MW_TIM.o
                0x0000000008008fcc                TIM2_IRQHandler
 .text.MW_USARTInit
                0x0000000008008fdc       0x1c obj/MW_USART.o
                0x0000000008008fdc                MW_USARTInit
 .text.MW_USART2Transmit
                0x0000000008008ff8       0x1c obj/MW_USART.o
                0x0000000008008ff8                MW_USART2Transmit
 .text._xprintf
                0x0000000008009014       0x1c obj/message.o
 .text.MW_waitForMessageTransitionComplete
                0x0000000008009030       0x3c obj/message.o
                0x0000000008009030                MW_waitForMessageTransitionComplete
 .text.flush    0x000000000800906c       0x40 obj/message.o
                0x000000000800906c                flush
 .text.MW_printf
                0x00000000080090ac       0x44 obj/message.o
                0x00000000080090ac                MW_printf
 .text._msg     0x00000000080090f0       0x4c obj/message.o
                0x00000000080090f0                _msg
 .text.MW_messageTransitionCompletedCallBack
                0x000000000800913c        0xc obj/message.o
                0x000000000800913c                MW_messageTransitionCompletedCallBack
 .text.xputc    0x0000000008009148       0x38 obj/xprintf.o
                0x0000000008009148                xputc
 .text.xputs    0x0000000008009180       0x14 obj/xprintf.o
                0x0000000008009180                xputs
 .text.xvprintf
                0x0000000008009194      0x1fa obj/xprintf.o
                0x0000000008009194                xvprintf
 .text.DD_send2AB
                0x000000000800938e       0x20 obj/DD_AB.o
                0x000000000800938e                DD_send2AB
 *fill*         0x00000000080093ae        0x2 
 .text.DD_ABHandPrint
                0x00000000080093b0       0x14 obj/DD_AB.o
                0x00000000080093b0                DD_ABHandPrint
 .text.DD_InitEncoder1
                0x00000000080093c4        0xa obj/DD_ENCODER.o
                0x00000000080093c4                DD_InitEncoder1
 .text.DD_InitEncoder2
                0x00000000080093ce        0xa obj/DD_ENCODER.o
                0x00000000080093ce                DD_InitEncoder2
 .text.DD_encoder1update
                0x00000000080093d8       0x20 obj/DD_ENCODER.o
                0x00000000080093d8                DD_encoder1update
 .text.DD_encoder2update
                0x00000000080093f8       0x20 obj/DD_ENCODER.o
                0x00000000080093f8                DD_encoder2update
 .text.DD_encoder1Get_int32
                0x0000000008009418        0xc obj/DD_ENCODER.o
                0x0000000008009418                DD_encoder1Get_int32
 .text.DD_encoder2Get_int32
                0x0000000008009424        0xc obj/DD_ENCODER.o
                0x0000000008009424                DD_encoder2Get_int32
 .text.DD_encoder1reset
                0x0000000008009430        0xc obj/DD_ENCODER.o
                0x0000000008009430                DD_encoder1reset
 .text.DD_encoder2reset
                0x000000000800943c        0xc obj/DD_ENCODER.o
                0x000000000800943c                DD_encoder2reset
 .text.DD_encoderprint
                0x0000000008009448       0x20 obj/DD_ENCODER.o
                0x0000000008009448                DD_encoderprint
 .text.DD_I2C1Send
                0x0000000008009468       0x3c obj/DD_Gene.o
                0x0000000008009468                DD_I2C1Send
 .text.DD_I2C2Send
                0x00000000080094a4       0x5c obj/DD_Gene.o
                0x00000000080094a4                DD_I2C2Send
 .text.DD_I2C2Receive
                0x0000000008009500       0x5c obj/DD_Gene.o
                0x0000000008009500                DD_I2C2Receive
 .text.DD_doTasks
                0x000000000800955c       0xa0 obj/DD_Gene.o
                0x000000000800955c                DD_doTasks
 .text.DD_print
                0x00000000080095fc       0x74 obj/DD_Gene.o
                0x00000000080095fc                DD_print
 .text.DD_initialize
                0x0000000008009670       0x94 obj/DD_Gene.o
                0x0000000008009670                DD_initialize
 .text.DD_send2LD
                0x0000000008009704        0xe obj/DD_LD.o
                0x0000000008009704                DD_send2LD
 *fill*         0x0000000008009712        0x2 
 .text.DD_LDHandPrint
                0x0000000008009714       0x10 obj/DD_LD.o
                0x0000000008009714                DD_LDHandPrint
 .text.DD_send2MD
                0x0000000008009724       0x58 obj/DD_MD.o
                0x0000000008009724                DD_send2MD
 .text.DD_MDHandPrint
                0x000000000800977c       0x5c obj/DD_MD.o
                0x000000000800977c                DD_MDHandPrint
 .text.DD_RCGetLX
                0x00000000080097d8       0x22 obj/DD_RC.o
                0x00000000080097d8                DD_RCGetLX
 .text.DD_RCGetLY
                0x00000000080097fa       0x22 obj/DD_RC.o
                0x00000000080097fa                DD_RCGetLY
 .text.DD_RCGetRX
                0x000000000800981c       0x22 obj/DD_RC.o
                0x000000000800981c                DD_RCGetRX
 .text.DD_RCGetRY
                0x000000000800983e       0x22 obj/DD_RC.o
                0x000000000800983e                DD_RCGetRY
 .text.DD_RCPrint
                0x0000000008009860      0x2a8 obj/DD_RC.o
                0x0000000008009860                DD_RCPrint
 .text.DD_SSHandPrint
                0x0000000008009b08       0x90 obj/DD_SS.o
                0x0000000008009b08                DD_SSHandPrint
 .text.SS_Init  0x0000000008009b98        0x4 obj/DD_SS.o
                0x0000000008009b98                SS_Init
 .text.DD_SSPutReceiveRequest
                0x0000000008009b9c       0x3c obj/DD_SS.o
                0x0000000008009b9c                DD_SSPutReceiveRequest
 .text.DD_SSPullReceiveRequest
                0x0000000008009bd8       0x38 obj/DD_SS.o
                0x0000000008009bd8                DD_SSPullReceiveRequest
 .text.Empty_Check
                0x0000000008009c10       0x20 obj/DD_SS.o
                0x0000000008009c10                Empty_Check
 .text.Read_ENCODER
                0x0000000008009c30       0x12 obj/DD_SS.o
                0x0000000008009c30                Read_ENCODER
 .text.Read_SRF02
                0x0000000008009c42       0x12 obj/DD_SS.o
                0x0000000008009c42                Read_SRF02
 .text.Read_GP2Y0A710K
                0x0000000008009c54       0x12 obj/DD_SS.o
                0x0000000008009c54                Read_GP2Y0A710K
 .text.Read_BMX055
                0x0000000008009c66       0x12 obj/DD_SS.o
                0x0000000008009c66                Read_BMX055
 .text.Write_BMX055
                0x0000000008009c78       0x12 obj/DD_SS.o
                0x0000000008009c78                Write_BMX055
 .text.Read_PHOTOARRAY
                0x0000000008009c8a       0x12 obj/DD_SS.o
                0x0000000008009c8a                Read_PHOTOARRAY
 .text.DD_receive2SS
                0x0000000008009c9c      0x138 obj/DD_SS.o
                0x0000000008009c9c                DD_receive2SS
 .text.SY_I2CConnTest
                0x0000000008009dd4        0x4 obj/SystemTaskManager.o
 .text.SY_clockInit
                0x0000000008009dd8       0xcc obj/SystemTaskManager.o
 .text.SY_GPIOInit
                0x0000000008009ea4       0x94 obj/SystemTaskManager.o
 .text.SY_init  0x0000000008009f38       0x80 obj/SystemTaskManager.o
 .text.SY_doAppTasks
                0x0000000008009fb8        0x8 obj/SystemTaskManager.o
 .text.SY_doDevDriverTasks
                0x0000000008009fc0        0x8 obj/SystemTaskManager.o
 .text.main     0x0000000008009fc8      0x188 obj/SystemTaskManager.o
                0x0000000008009fc8                main
 .text.SY_wait  0x000000000800a150       0x2c obj/SystemTaskManager.o
                0x000000000800a150                SY_wait
 .text.HAL_UART_RxCpltCallback
                0x000000000800a17c        0x2 obj/SystemTaskManager.o
                0x000000000800a17c                HAL_UART_RxCpltCallback
 .text.HAL_UART_TxCpltCallback
                0x000000000800a17e        0x8 obj/SystemTaskManager.o
                0x000000000800a17e                HAL_UART_TxCpltCallback
 .text.HAL_I2C_MasterTxCpltCallback
                0x000000000800a186        0xc obj/SystemTaskManager.o
                0x000000000800a186                HAL_I2C_MasterTxCpltCallback
 .text.HAL_I2C_MasterRxCpltCallback
                0x000000000800a192        0xc obj/SystemTaskManager.o
                0x000000000800a192                HAL_I2C_MasterRxCpltCallback
 *fill*         0x000000000800a19e        0x2 
 .text.Reset_Handler
                0x000000000800a1a0       0x48 obj/startup.o
                0x000000000800a1a0                Reset_Handler
 .text.Default_Handler
                0x000000000800a1e8        0x2 obj/startup.o
                0x000000000800a1e8                USBWakeUp_IRQHandler
                0x000000000800a1e8                EXTI2_IRQHandler
                0x000000000800a1e8                TIM1_CC_IRQHandler
                0x000000000800a1e8                PVD_IRQHandler
                0x000000000800a1e8                EXTI3_IRQHandler
                0x000000000800a1e8                EXTI0_IRQHandler
                0x000000000800a1e8                I2C2_EV_IRQHandler
                0x000000000800a1e8                ADC1_2_IRQHandler
                0x000000000800a1e8                SPI1_IRQHandler
                0x000000000800a1e8                TAMPER_IRQHandler
                0x000000000800a1e8                RTC_IRQHandler
                0x000000000800a1e8                CAN1_RX1_IRQHandler
                0x000000000800a1e8                TIM4_IRQHandler
                0x000000000800a1e8                I2C1_EV_IRQHandler
                0x000000000800a1e8                DMA1_Channel6_IRQHandler
                0x000000000800a1e8                TIM3_IRQHandler
                0x000000000800a1e8                RCC_IRQHandler
                0x000000000800a1e8                TIM1_TRG_COM_IRQHandler
                0x000000000800a1e8                DMA1_Channel1_IRQHandler
                0x000000000800a1e8                Default_Handler
                0x000000000800a1e8                EXTI15_10_IRQHandler
                0x000000000800a1e8                EXTI9_5_IRQHandler
                0x000000000800a1e8                SPI2_IRQHandler
                0x000000000800a1e8                EXTI4_IRQHandler
                0x000000000800a1e8                USB_LP_CAN1_RX0_IRQHandler
                0x000000000800a1e8                USB_HP_CAN1_TX_IRQHandler
                0x000000000800a1e8                WWDG_IRQHandler
                0x000000000800a1e8                TIM1_BRK_IRQHandler
                0x000000000800a1e8                EXTI1_IRQHandler
                0x000000000800a1e8                I2C2_ER_IRQHandler
                0x000000000800a1e8                DMA1_Channel2_IRQHandler
                0x000000000800a1e8                CAN1_SCE_IRQHandler
                0x000000000800a1e8                FLASH_IRQHandler
                0x000000000800a1e8                USART1_IRQHandler
                0x000000000800a1e8                I2C1_ER_IRQHandler
                0x000000000800a1e8                RTC_Alarm_IRQHandler
 *fill*         0x000000000800a1ea        0x2 
 .text.cos      0x000000000800a1ec       0x90 /usr/local/Cellar/gcc-arm-none-eabi/20180627/bin/../lib/gcc/arm-none-eabi/7.3.1/../../../../arm-none-eabi/lib/thumb/v7-m/libm.a(lib_a-s_cos.o)
                0x000000000800a1ec                cos
 .text.round    0x000000000800a27c       0x9c /usr/local/Cellar/gcc-arm-none-eabi/20180627/bin/../lib/gcc/arm-none-eabi/7.3.1/../../../../arm-none-eabi/lib/thumb/v7-m/libm.a(lib_a-s_round.o)
                0x000000000800a27c                round
 .text.sin      0x000000000800a318       0x90 /usr/local/Cellar/gcc-arm-none-eabi/20180627/bin/../lib/gcc/arm-none-eabi/7.3.1/../../../../arm-none-eabi/lib/thumb/v7-m/libm.a(lib_a-s_sin.o)
                0x000000000800a318                sin
 .text.fmod     0x000000000800a3a8       0xc0 /usr/local/Cellar/gcc-arm-none-eabi/20180627/bin/../lib/gcc/arm-none-eabi/7.3.1/../../../../arm-none-eabi/lib/thumb/v7-m/libm.a(lib_a-w_fmod.o)
                0x000000000800a3a8                fmod
 .text.__ieee754_fmod
                0x000000000800a468      0x23c /usr/local/Cellar/gcc-arm-none-eabi/20180627/bin/../lib/gcc/arm-none-eabi/7.3.1/../../../../arm-none-eabi/lib/thumb/v7-m/libm.a(lib_a-e_fmod.o)
                0x000000000800a468                __ieee754_fmod
 *fill*         0x000000000800a6a4        0x4 
 .text.__ieee754_rem_pio2
                0x000000000800a6a8      0x43c /usr/local/Cellar/gcc-arm-none-eabi/20180627/bin/../lib/gcc/arm-none-eabi/7.3.1/../../../../arm-none-eabi/lib/thumb/v7-m/libm.a(lib_a-e_rem_pio2.o)
                0x000000000800a6a8                __ieee754_rem_pio2
 *fill*         0x000000000800aae4        0x4 
 .text.__kernel_cos
                0x000000000800aae8      0x248 /usr/local/Cellar/gcc-arm-none-eabi/20180627/bin/../lib/gcc/arm-none-eabi/7.3.1/../../../../arm-none-eabi/lib/thumb/v7-m/libm.a(lib_a-k_cos.o)
                0x000000000800aae8                __kernel_cos
 .text.__kernel_rem_pio2
                0x000000000800ad30      0x850 /usr/local/Cellar/gcc-arm-none-eabi/20180627/bin/../lib/gcc/arm-none-eabi/7.3.1/../../../../arm-none-eabi/lib/thumb/v7-m/libm.a(lib_a-k_rem_pio2.o)
                0x000000000800ad30                __kernel_rem_pio2
 .text.__kernel_sin
                0x000000000800b580      0x16c /usr/local/Cellar/gcc-arm-none-eabi/20180627/bin/../lib/gcc/arm-none-eabi/7.3.1/../../../../arm-none-eabi/lib/thumb/v7-m/libm.a(lib_a-k_sin.o)
                0x000000000800b580                __kernel_sin
 .text.fabs     0x000000000800b6ec        0x8 /usr/local/Cellar/gcc-arm-none-eabi/20180627/bin/../lib/gcc/arm-none-eabi/7.3.1/../../../../arm-none-eabi/lib/thumb/v7-m/libm.a(lib_a-s_fabs.o)
                0x000000000800b6ec                fabs
 *fill*         0x000000000800b6f4        0x4 
 .text.floor    0x000000000800b6f8      0x108 /usr/local/Cellar/gcc-arm-none-eabi/20180627/bin/../lib/gcc/arm-none-eabi/7.3.1/../../../../arm-none-eabi/lib/thumb/v7-m/libm.a(lib_a-s_floor.o)
                0x000000000800b6f8                floor
 .text.matherr  0x000000000800b800        0x4 /usr/local/Cellar/gcc-arm-none-eabi/20180627/bin/../lib/gcc/arm-none-eabi/7.3.1/../../../../arm-none-eabi/lib/thumb/v7-m/libm.a(lib_a-s_matherr.o)
                0x000000000800b800                matherr
 *fill*         0x000000000800b804        0x4 
 .text.scalbn   0x000000000800b808       0xe4 /usr/local/Cellar/gcc-arm-none-eabi/20180627/bin/../lib/gcc/arm-none-eabi/7.3.1/../../../../arm-none-eabi/lib/thumb/v7-m/libm.a(lib_a-s_scalbn.o)
                0x000000000800b808                scalbn
 .text.copysign
                0x000000000800b8ec       0x10 /usr/local/Cellar/gcc-arm-none-eabi/20180627/bin/../lib/gcc/arm-none-eabi/7.3.1/../../../../arm-none-eabi/lib/thumb/v7-m/libm.a(lib_a-s_copysign.o)
                0x000000000800b8ec                copysign
 .text.__errno  0x000000000800b8fc        0xc /usr/local/Cellar/gcc-arm-none-eabi/20180627/bin/../lib/gcc/arm-none-eabi/7.3.1/../../../../arm-none-eabi/lib/thumb/v7-m/libc_nano.a(lib_a-errno.o)
                0x000000000800b8fc                __errno
 .text.__libc_init_array
                0x000000000800b908       0x48 /usr/local/Cellar/gcc-arm-none-eabi/20180627/bin/../lib/gcc/arm-none-eabi/7.3.1/../../../../arm-none-eabi/lib/thumb/v7-m/libc_nano.a(lib_a-init.o)
                0x000000000800b908                __libc_init_array
 .text.memcpy   0x000000000800b950       0x16 /usr/local/Cellar/gcc-arm-none-eabi/20180627/bin/../lib/gcc/arm-none-eabi/7.3.1/../../../../arm-none-eabi/lib/thumb/v7-m/libc_nano.a(lib_a-memcpy-stub.o)
                0x000000000800b950                memcpy
 *(.glue_7)
 .glue_7        0x000000000800b966        0x0 linker stubs
 *(.glue_7t)
 .glue_7t       0x000000000800b966        0x0 linker stubs
 *(.eh_frame)
 *fill*         0x000000000800b966        0x2 
 .eh_frame      0x000000000800b968        0x0 /usr/local/Cellar/gcc-arm-none-eabi/20180627/bin/../lib/gcc/arm-none-eabi/7.3.1/thumb/v7-m/crtbegin.o
 *(.init)
 .init          0x000000000800b968        0x4 /usr/local/Cellar/gcc-arm-none-eabi/20180627/bin/../lib/gcc/arm-none-eabi/7.3.1/thumb/v7-m/crti.o
                0x000000000800b968                _init
 .init          0x000000000800b96c        0x8 /usr/local/Cellar/gcc-arm-none-eabi/20180627/bin/../lib/gcc/arm-none-eabi/7.3.1/thumb/v7-m/crtn.o
 *(.fini)
 .fini          0x000000000800b974        0x4 /usr/local/Cellar/gcc-arm-none-eabi/20180627/bin/../lib/gcc/arm-none-eabi/7.3.1/thumb/v7-m/crti.o
                0x000000000800b974                _fini
 .fini          0x000000000800b978        0x8 /usr/local/Cellar/gcc-arm-none-eabi/20180627/bin/../lib/gcc/arm-none-eabi/7.3.1/thumb/v7-m/crtn.o
                0x000000000800b980                . = ALIGN (0x4)
                0x000000000800b980                _etext = .

.vfp11_veneer   0x000000000800b980        0x0
 .vfp11_veneer  0x000000000800b980        0x0 linker stubs

.v4_bx          0x000000000800b980        0x0
 .v4_bx         0x000000000800b980        0x0 linker stubs

.iplt           0x000000000800b980        0x0
 .iplt          0x000000000800b980        0x0 /usr/local/Cellar/gcc-arm-none-eabi/20180627/bin/../lib/gcc/arm-none-eabi/7.3.1/thumb/v7-m/crtbegin.o

.rodata         0x000000000800b980      0xe88
                0x000000000800b980                . = ALIGN (0x4)
 *(.rodata)
 .rodata        0x000000000800b980       0xd8 obj/app.o
 .rodata        0x000000000800ba58       0x12 obj/stm32f1xx_hal_rcc.o
 *(.rodata*)
 *fill*         0x000000000800ba6a        0x2 
 .rodata.I2C_Encoder.str1.4
                0x000000000800ba6c       0x4d obj/app.o
 *fill*         0x000000000800bab9        0x3 
 .rodata.appTask.str1.4
                0x000000000800babc      0x148 obj/app.o
 .rodata.decide_turn_duty.str1.4
                0x000000000800bc04       0x4b obj/app.o
 *fill*         0x000000000800bc4f        0x1 
 .rodata.go_to_target.str1.4
                0x000000000800bc50       0x60 obj/app.o
 .rodata.odmetry_position.str1.4
                0x000000000800bcb0       0x2c obj/app.o
 .rodata.steering_spin_to_target.str1.4
                0x000000000800bcdc       0x38 obj/app.o
 .rodata.str1.4
                0x000000000800bd14       0xcc obj/app.o
 .rodata.testmode_name
                0x000000000800bde0       0x30 obj/app.o
 .rodata.defaultad
                0x000000000800be10      0x144 obj/constManager.o
 .rodata.AHBPrescTable
                0x000000000800bf54       0x10 obj/system_stm32f1xx.o
                0x000000000800bf54                AHBPrescTable
 .rodata.APBPrescTable
                0x000000000800bf64        0x8 obj/system_stm32f1xx.o
                0x000000000800bf64                APBPrescTable
 .rodata.HAL_NVIC_SetPriorityGrouping.str1.4
                0x000000000800bf6c       0x38 obj/stm32f1xx_hal_cortex.o
 .rodata.HAL_DMA_Init.str1.4
                0x000000000800bfa4       0x35 obj/stm32f1xx_hal_dma.o
 *fill*         0x000000000800bfd9        0x3 
 .rodata.HAL_GPIO_Init.str1.4
                0x000000000800bfdc       0x36 obj/stm32f1xx_hal_gpio.o
 *fill*         0x000000000800c012        0x2 
 .rodata.HAL_I2C_Init.str1.4
                0x000000000800c014       0x35 obj/stm32f1xx_hal_i2c.o
 *fill*         0x000000000800c049        0x3 
 .rodata.HAL_IWDG_Init.str1.4
                0x000000000800c04c       0x36 obj/stm32f1xx_hal_iwdg.o
 *fill*         0x000000000800c082        0x2 
 .rodata.HAL_RCC_OscConfig.str1.4
                0x000000000800c084       0x35 obj/stm32f1xx_hal_rcc.o
 *fill*         0x000000000800c0b9        0x3 
 .rodata.HAL_RCCEx_PeriphCLKConfig.str1.4
                0x000000000800c0bc       0x38 obj/stm32f1xx_hal_rcc_ex.o
 .rodata.TIM_OC1_SetConfig.str1.4
                0x000000000800c0f4       0x35 obj/stm32f1xx_hal_tim.o
 *fill*         0x000000000800c129        0x3 
 .rodata.HAL_TIMEx_HallSensor_Init.str1.4
                0x000000000800c12c       0x38 obj/stm32f1xx_hal_tim_ex.o
 .rodata.UART_SetConfig.str1.4
                0x000000000800c164       0x36 obj/stm32f1xx_hal_uart.o
 *fill*         0x000000000800c19a        0x2 
 .rodata.MW_EncoderInit.str1.4
                0x000000000800c19c       0x2e obj/MW_ENCODER.o
 *fill*         0x000000000800c1ca        0x2 
 .rodata.encoderid
                0x000000000800c1cc        0x8 obj/MW_ENCODER.o
 .rodata.MW_GPIOInit.str1.4
                0x000000000800c1d4       0x28 obj/MW_GPIO.o
 .rodata.gpioid
                0x000000000800c1fc       0x10 obj/MW_GPIO.o
 .rodata.MW_SetI2CClockSpeed.str1.4
                0x000000000800c20c       0x26 obj/MW_I2C.o
 *fill*         0x000000000800c232        0x2 
 .rodata.i2cid  0x000000000800c234        0x8 obj/MW_I2C.o
 .rodata.uartid
                0x000000000800c23c        0xc obj/MW_USART.o
 .rodata._msg.str1.4
                0x000000000800c248       0x12 obj/message.o
 *fill*         0x000000000800c25a        0x2 
 .rodata.DD_ABHandPrint.str1.4
                0x000000000800c25c       0x10 obj/DD_AB.o
 .rodata.DD_encoderprint.str1.4
                0x000000000800c26c        0xf obj/DD_ENCODER.o
 *fill*         0x000000000800c27b        0x1 
 .rodata.DD_I2C1Send.str1.4
                0x000000000800c27c       0x3c obj/DD_Gene.o
 .rodata.DD_I2C2Receive.str1.4
                0x000000000800c2b8       0x57 obj/DD_Gene.o
 *fill*         0x000000000800c30f        0x1 
 .rodata.DD_I2C2Send.str1.4
                0x000000000800c310       0x5d obj/DD_Gene.o
 *fill*         0x000000000800c36d        0x3 
 .rodata.DD_initialize.str1.4
                0x000000000800c370       0x40 obj/DD_Gene.o
 .rodata.__FUNCTION__.8087
                0x000000000800c3b0        0xc obj/DD_Gene.o
 .rodata.__FUNCTION__.8094
                0x000000000800c3bc        0xc obj/DD_Gene.o
 .rodata.__FUNCTION__.8108
                0x000000000800c3c8        0xf obj/DD_Gene.o
 *fill*         0x000000000800c3d7        0x1 
 .rodata.__FUNCTION__.8148
                0x000000000800c3d8        0xe obj/DD_Gene.o
 *fill*         0x000000000800c3e6        0x2 
 .rodata.DD_LDHandPrint.str1.4
                0x000000000800c3e8        0xa obj/DD_LD.o
 *fill*         0x000000000800c3f2        0x2 
 .rodata.DD_MDHandPrint.str1.4
                0x000000000800c3f4       0x25 obj/DD_MD.o
 *fill*         0x000000000800c419        0x3 
 .rodata.DD_send2MD.str1.4
                0x000000000800c41c       0x17 obj/DD_MD.o
                                         0x1c (size before relaxing)
 *fill*         0x000000000800c433        0x1 
 .rodata.__FUNCTION__.8051
                0x000000000800c434        0xb obj/DD_MD.o
 *fill*         0x000000000800c43f        0x1 
 .rodata.DD_RCPrint.str1.4
                0x000000000800c440       0x99 obj/DD_RC.o
                                         0x9d (size before relaxing)
 *fill*         0x000000000800c4d9        0x3 
 .rodata.DD_SSHandPrint.str1.4
                0x000000000800c4dc       0x3b obj/DD_SS.o
                                         0x3e (size before relaxing)
 *fill*         0x000000000800c517        0x1 
 .rodata.SY_clockInit.str1.4
                0x000000000800c518       0x3e obj/SystemTaskManager.o
                                         0x42 (size before relaxing)
 *fill*         0x000000000800c556        0x2 
 .rodata.SY_init.str1.4
                0x000000000800c558       0x2d obj/SystemTaskManager.o
 *fill*         0x000000000800c585        0x3 
 .rodata.__FUNCTION__.8186
                0x000000000800c588        0x5 obj/SystemTaskManager.o
 *fill*         0x000000000800c58d        0x3 
 .rodata.__FUNCTION__.8228
                0x000000000800c590        0x8 obj/SystemTaskManager.o
 .rodata.__FUNCTION__.8235
                0x000000000800c598        0xd obj/SystemTaskManager.o
 *fill*         0x000000000800c5a5        0x3 
 .rodata.main.str1.4
                0x000000000800c5a8       0x6c obj/SystemTaskManager.o
                                         0x74 (size before relaxing)
 .rodata.fmod.str1.4
                0x000000000800c614        0x8 /usr/local/Cellar/gcc-arm-none-eabi/20180627/bin/../lib/gcc/arm-none-eabi/7.3.1/../../../../arm-none-eabi/lib/thumb/v7-m/libm.a(lib_a-w_fmod.o)
                                          0x5 (size before relaxing)
 *fill*         0x000000000800c61c        0x4 
 .rodata.Zero   0x000000000800c620       0x10 /usr/local/Cellar/gcc-arm-none-eabi/20180627/bin/../lib/gcc/arm-none-eabi/7.3.1/../../../../arm-none-eabi/lib/thumb/v7-m/libm.a(lib_a-e_fmod.o)
 .rodata.npio2_hw
                0x000000000800c630       0x80 /usr/local/Cellar/gcc-arm-none-eabi/20180627/bin/../lib/gcc/arm-none-eabi/7.3.1/../../../../arm-none-eabi/lib/thumb/v7-m/libm.a(lib_a-e_rem_pio2.o)
 .rodata.two_over_pi
                0x000000000800c6b0      0x108 /usr/local/Cellar/gcc-arm-none-eabi/20180627/bin/../lib/gcc/arm-none-eabi/7.3.1/../../../../arm-none-eabi/lib/thumb/v7-m/libm.a(lib_a-e_rem_pio2.o)
 .rodata.PIo2   0x000000000800c7b8       0x40 /usr/local/Cellar/gcc-arm-none-eabi/20180627/bin/../lib/gcc/arm-none-eabi/7.3.1/../../../../arm-none-eabi/lib/thumb/v7-m/libm.a(lib_a-k_rem_pio2.o)
 .rodata.init_jk
                0x000000000800c7f8       0x10 /usr/local/Cellar/gcc-arm-none-eabi/20180627/bin/../lib/gcc/arm-none-eabi/7.3.1/../../../../arm-none-eabi/lib/thumb/v7-m/libm.a(lib_a-k_rem_pio2.o)
                0x000000000800c808                . = ALIGN (0x4)

.rel.dyn        0x000000000800c808        0x0
 .rel.iplt      0x000000000800c808        0x0 /usr/local/Cellar/gcc-arm-none-eabi/20180627/bin/../lib/gcc/arm-none-eabi/7.3.1/thumb/v7-m/crtbegin.o

.ARM.extab
 *(.ARM.extab* .gnu.linkonce.armextab.*)

.ARM            0x000000000800c808        0x0
                0x000000000800c808                __exidx_start = .
 *(.ARM.exidx*)
                0x000000000800c808                __exidx_end = .

.preinit_array  0x000000000800c808        0x0
                0x000000000800c808                PROVIDE (__preinit_array_start = .)
 *(.preinit_array*)
                0x000000000800c808                PROVIDE (__preinit_array_end = .)

.init_array     0x000000000800c808        0x4
                0x000000000800c808                PROVIDE (__init_array_start = .)
 *(SORT_BY_NAME(.init_array.*))
 *(.init_array*)
 .init_array    0x000000000800c808        0x4 /usr/local/Cellar/gcc-arm-none-eabi/20180627/bin/../lib/gcc/arm-none-eabi/7.3.1/thumb/v7-m/crtbegin.o
                0x000000000800c80c                PROVIDE (__init_array_end = .)

.fini_array     0x000000000800c80c        0x4
                [!provide]                        PROVIDE (__fini_array_start = .)
 *(SORT_BY_NAME(.fini_array.*))
 *(.fini_array*)
 .fini_array    0x000000000800c80c        0x4 /usr/local/Cellar/gcc-arm-none-eabi/20180627/bin/../lib/gcc/arm-none-eabi/7.3.1/thumb/v7-m/crtbegin.o
                [!provide]                        PROVIDE (__fini_array_end = .)
                0x000000000800c810                _sidata = LOADADDR (.data)

.data           0x0000000020000000      0x2ec load address 0x000000000800c810
                0x0000000020000000                . = ALIGN (0x4)
                0x0000000020000000                _sdata = .
 *(.data)
 *(.data*)
 .data.first_flag.9049
                0x0000000020000000        0x1 obj/app.o
 .data.is_pressed_recet_flag.8796
                0x0000000020000001        0x1 obj/app.o
 .data.next_motion_recet_flag.8780
                0x0000000020000002        0x1 obj/app.o
 .data.now_mode.8754
                0x0000000020000003        0x1 obj/app.o
 .data.now_moving_situation.8773
                0x0000000020000004        0x1 obj/app.o
 .data.now_position.9186
                0x0000000020000005        0x1 obj/app.o
 .data.time_recet_flag.9187
                0x0000000020000006        0x1 obj/app.o
 *fill*         0x0000000020000007        0x1 
 .data.editlist
                0x0000000020000008       0x24 obj/constManager.o
                0x0000000020000008                editlist
 .data.g_ab_h   0x000000002000002c        0x2 obj/deviceDefinition.o
                0x000000002000002c                g_ab_h
 *fill*         0x000000002000002e        0x2 
 .data.g_ld_h   0x0000000020000030        0x9 obj/deviceDefinition.o
                0x0000000020000030                g_ld_h
 *fill*         0x0000000020000039        0x3 
 .data.g_md_h   0x000000002000003c       0x2a obj/deviceDefinition.o
                0x000000002000003c                g_md_h
 *fill*         0x0000000020000066        0x2 
 .data.g_ss_h   0x0000000020000068       0x16 obj/deviceDefinition.o
                0x0000000020000068                g_ss_h
 *fill*         0x000000002000007e        0x2 
 .data.SystemCoreClock
                0x0000000020000080        0x4 obj/system_stm32f1xx.o
                0x0000000020000080                SystemCoreClock
 .data.htim3    0x0000000020000084       0x3c obj/MW_ENCODER.o
 .data.htim4    0x00000000200000c0       0x3c obj/MW_ENCODER.o
 .data.had_completed_rx
                0x00000000200000fc        0x1 obj/MW_I2C.o
 .data.had_completed_tx
                0x00000000200000fd        0x1 obj/MW_I2C.o
 *fill*         0x00000000200000fe        0x2 
 .data.hi2c1    0x0000000020000100       0x3c obj/MW_I2C.o
 .data.hi2c2    0x000000002000013c       0x3c obj/MW_I2C.o
                0x000000002000013c                hi2c2
 .data.hiwdg    0x0000000020000178       0x10 obj/MW_IWDG.o
 .data.htim1    0x0000000020000188       0x3c obj/MW_TIM.o
 .data.huart1   0x00000000200001c4       0x40 obj/MW_USART.o
                0x00000000200001c4                huart1
 .data.huart2   0x0000000020000204       0x40 obj/MW_USART.o
                0x0000000020000204                huart2
 .data.huart3   0x0000000020000244       0x40 obj/MW_USART.o
                0x0000000020000244                huart3
 .data.had_completed
                0x0000000020000284        0x1 obj/message.o
 .data.had_completed_rx
                0x0000000020000285        0x1 obj/DD_Gene.o
 .data.had_completed_tx
                0x0000000020000286        0x1 obj/DD_Gene.o
 .data.__fdlib_version
                0x0000000020000287        0x1 /usr/local/Cellar/gcc-arm-none-eabi/20180627/bin/../lib/gcc/arm-none-eabi/7.3.1/../../../../arm-none-eabi/lib/thumb/v7-m/libm.a(lib_a-s_lib_ver.o)
                0x0000000020000287                __fdlib_version
 .data._impure_ptr
                0x0000000020000288        0x4 /usr/local/Cellar/gcc-arm-none-eabi/20180627/bin/../lib/gcc/arm-none-eabi/7.3.1/../../../../arm-none-eabi/lib/thumb/v7-m/libc_nano.a(lib_a-impure.o)
                0x0000000020000288                _impure_ptr
 .data.impure_data
                0x000000002000028c       0x60 /usr/local/Cellar/gcc-arm-none-eabi/20180627/bin/../lib/gcc/arm-none-eabi/7.3.1/../../../../arm-none-eabi/lib/thumb/v7-m/libc_nano.a(lib_a-impure.o)
                0x00000000200002ec                . = ALIGN (0x4)
                0x00000000200002ec                _edata = .

.igot.plt       0x00000000200002ec        0x0 load address 0x000000000800cafc
 .igot.plt      0x00000000200002ec        0x0 /usr/local/Cellar/gcc-arm-none-eabi/20180627/bin/../lib/gcc/arm-none-eabi/7.3.1/thumb/v7-m/crtbegin.o
                0x00000000200002ec                . = ALIGN (0x4)

.bss            0x00000000200002f0      0x92c load address 0x000000000800cafc
                0x00000000200002f0                _sbss = .
                0x00000000200002f0                __bss_start__ = _sbss
 *(.bss)
 .bss           0x00000000200002f0       0x1c /usr/local/Cellar/gcc-arm-none-eabi/20180627/bin/../lib/gcc/arm-none-eabi/7.3.1/thumb/v7-m/crtbegin.o
 *(.bss*)
 .bss.adjust.9380
                0x000000002000030c       0x10 obj/app.o
 .bss.adjust_timecount.8800
                0x000000002000031c        0x4 obj/app.o
 .bss.arm_mecha_mode.8789
                0x0000000020000320        0x1 obj/app.o
 .bss.arm_mecha_mode.9174
                0x0000000020000321        0x1 obj/app.o
 *fill*         0x0000000020000322        0x2 
 .bss.arm_mecha_target.8790
                0x0000000020000324        0x4 obj/app.o
 .bss.cal_matrix.9278
                0x0000000020000328       0x60 obj/app.o
 .bss.circle_flag.8755
                0x0000000020000388        0x1 obj/app.o
 *fill*         0x0000000020000389        0x3 
 .bss.destination_adjust_timecount.8779
                0x000000002000038c        0x4 obj/app.o
 .bss.encoder1_reset.8750
                0x0000000020000390        0x1 obj/app.o
 .bss.encoder2_reset.8751
                0x0000000020000391        0x1 obj/app.o
 .bss.error_flag.9014
                0x0000000020000392        0x1 obj/app.o
 *fill*         0x0000000020000393        0x1 
 .bss.error_wait.9016
                0x0000000020000394        0x4 obj/app.o
 .bss.error_wait_flag.9015
                0x0000000020000398        0x1 obj/app.o
 *fill*         0x0000000020000399        0x7 
 .bss.first_distance.9048
                0x00000000200003a0        0x8 obj/app.o
 .bss.first_flag.9011
                0x00000000200003a8        0x1 obj/app.o
 .bss.first_up_mecha_flag.8792
                0x00000000200003a9        0x1 obj/app.o
 .bss.game_zone.8797
                0x00000000200003aa        0x1 obj/app.o
 .bss.get_object_flag.8798
                0x00000000200003ab        0x1 obj/app.o
 .bss.is_pressed_start_flag.8795
                0x00000000200003ac        0x1 obj/app.o
 *fill*         0x00000000200003ad        0x3 
 .bss.left_duty.9007
                0x00000000200003b0        0x8 obj/app.o
 .bss.left_flag.8762
                0x00000000200003b8        0x1 obj/app.o
 .bss.matrix_init.9275
                0x00000000200003b9        0x1 obj/app.o
 *fill*         0x00000000200003ba        0x2 
 .bss.message_count.9384
                0x00000000200003bc        0x4 obj/app.o
 .bss.mode.9001
                0x00000000200003c0        0x1 obj/app.o
 *fill*         0x00000000200003c1        0x3 
 .bss.mode_count.9176
                0x00000000200003c4        0x4 obj/app.o
 .bss.motor_set.9136
                0x00000000200003c8        0x2 obj/app.o
 *fill*         0x00000000200003ca        0x2 
 .bss.moving_count.8776
                0x00000000200003cc        0x4 obj/app.o
 .bss.next_motion_delay_count.8781
                0x00000000200003d0        0x4 obj/app.o
 .bss.not_react.9221
                0x00000000200003d4        0x1 obj/app.o
 .bss.p_left_flag.8769
                0x00000000200003d5        0x1 obj/app.o
 .bss.p_recet_flag.8770
                0x00000000200003d6        0x1 obj/app.o
 .bss.p_right_flag.8768
                0x00000000200003d7        0x1 obj/app.o
 .bss.p_start_flag.8767
                0x00000000200003d8        0x1 obj/app.o
 *fill*         0x00000000200003d9        0x7 
 .bss.position.8752
                0x00000000200003e0       0x18 obj/app.o
 .bss.position.9010
                0x00000000200003f8       0x18 obj/app.o
 .bss.recent_position.9279
                0x0000000020000410       0x18 obj/app.o
 .bss.recent_time.9383
                0x0000000020000428       0x10 obj/app.o
 .bss.recent_value.9381
                0x0000000020000438       0x10 obj/app.o
 .bss.recent_zahyou_1.9008
                0x0000000020000448       0x10 obj/app.o
 .bss.recent_zahyou_1.9046
                0x0000000020000458       0x10 obj/app.o
 .bss.recent_zahyou_2.9009
                0x0000000020000468       0x10 obj/app.o
 .bss.recent_zahyou_2.9047
                0x0000000020000478       0x10 obj/app.o
 .bss.revo_count.9219
                0x0000000020000488        0x4 obj/app.o
 *fill*         0x000000002000048c        0x4 
 .bss.right_duty.9006
                0x0000000020000490        0x8 obj/app.o
 .bss.right_flag.8761
                0x0000000020000498        0x1 obj/app.o
 .bss.sheets_flag.8782
                0x0000000020000499        0x1 obj/app.o
 .bss.sheets_towel_flag.8787
                0x000000002000049a        0x1 obj/app.o
 *fill*         0x000000002000049b        0x1 
 .bss.steering_situation.8998
                0x000000002000049c        0x2 obj/app.o
 *fill*         0x000000002000049e        0x2 
 .bss.target_zahyou_1.8771
                0x00000000200004a0       0x10 obj/app.o
 .bss.target_zahyou_2.8772
                0x00000000200004b0       0x10 obj/app.o
 .bss.through_sensor.9189
                0x00000000200004c0        0x1 obj/app.o
 *fill*         0x00000000200004c1        0x3 
 .bss.time_count.9188
                0x00000000200004c4        0x4 obj/app.o
 .bss.towel_1_flag.8783
                0x00000000200004c8        0x1 obj/app.o
 .bss.towel_2_flag.8784
                0x00000000200004c9        0x1 obj/app.o
 .bss.towel_3_flag.8785
                0x00000000200004ca        0x1 obj/app.o
 .bss.towel_all_flag.8786
                0x00000000200004cb        0x1 obj/app.o
 .bss.triangle_flag.8758
                0x00000000200004cc        0x1 obj/app.o
 .bss.up_flag.8759
                0x00000000200004cd        0x1 obj/app.o
 .bss.zeneba_mecha_mode.9175
                0x00000000200004ce        0x1 obj/app.o
 *fill*         0x00000000200004cf        0x1 
 .bss.g_adjust  0x00000000200004d0      0x144 obj/constManager.o
                0x00000000200004d0                g_adjust
 .bss.g_c_data  0x0000000020000614       0x48 obj/constManager.o
                0x0000000020000614                g_c_data
 .bss.hdma_irx.7389
                0x000000002000065c       0x38 obj/msp.o
 .bss.hdma_itx.7388
                0x0000000020000694       0x38 obj/msp.o
 .bss.hdma_rx.7431
                0x00000000200006cc       0x38 obj/msp.o
 .bss.hdma_tx.7427
                0x0000000020000704       0x38 obj/msp.o
 .bss.uwTick    0x000000002000073c        0x4 obj/stm32f1xx_hal.o
 .bss.GPIO_InitStruct
                0x0000000020000740       0x10 obj/MW_GPIO.o
 .bss.buff      0x0000000020000750      0x400 obj/message.o
 .bss.outptr    0x0000000020000b50        0x4 obj/xprintf.o
                0x0000000020000b50                outptr
 .bss.xfunc_out
                0x0000000020000b54        0x4 obj/xprintf.o
                0x0000000020000b54                xfunc_out
 .bss.encval1   0x0000000020000b58        0x4 obj/DD_ENCODER.o
 .bss.encval2   0x0000000020000b5c        0x4 obj/DD_ENCODER.o
 .bss.count.8114
                0x0000000020000b60        0x4 obj/DD_Gene.o
 .bss.ReadPoint
                0x0000000020000b64        0x4 obj/DD_SS.o
 .bss.RingBuf   0x0000000020000b68       0x80 obj/DD_SS.o
 .bss.WritePoint
                0x0000000020000be8        0x4 obj/DD_SS.o
 .bss.encoder_wait
                0x0000000020000bec       0x20 obj/DD_SS.o
 .bss.phase     0x0000000020000c0c        0x1 obj/DD_SS.o
 .bss.temp_data
                0x0000000020000c0d        0x1 obj/DD_SS.o
 *fill*         0x0000000020000c0e        0x2 
 .bss.g_SY_system_counter
                0x0000000020000c10        0x4 obj/SystemTaskManager.o
                0x0000000020000c10                g_SY_system_counter
 .bss.g_rc_data
                0x0000000020000c14        0x8 obj/SystemTaskManager.o
                0x0000000020000c14                g_rc_data
 *(COMMON)
                0x0000000020000c1c                . = ALIGN (0x4)
                0x0000000020000c1c                _ebss = .
                0x0000000020000c1c                __bss_end__ = _ebss

._user_heap_stack
                0x0000000020000c1c      0x604 load address 0x000000000800cafc
                0x0000000020000c20                . = ALIGN (0x8)
 *fill*         0x0000000020000c1c        0x4 
                [!provide]                        PROVIDE (end = .)
                [!provide]                        PROVIDE (_end = .)
                0x0000000020000e20                . = (. + _Min_Heap_Size)
 *fill*         0x0000000020000c20      0x200 
                0x0000000020001220                . = (. + _Min_Stack_Size)
 *fill*         0x0000000020000e20      0x400 
                0x0000000020001220                . = ALIGN (0x8)

/DISCARD/
 libc.a(*)
 libm.a(*)
 libgcc.a(*)

.ARM.attributes
                0x0000000000000000       0x29
 *(.ARM.attributes)
 .ARM.attributes
                0x0000000000000000       0x1d /usr/local/Cellar/gcc-arm-none-eabi/20180627/bin/../lib/gcc/arm-none-eabi/7.3.1/thumb/v7-m/crti.o
 .ARM.attributes
                0x000000000000001d       0x2d /usr/local/Cellar/gcc-arm-none-eabi/20180627/bin/../lib/gcc/arm-none-eabi/7.3.1/thumb/v7-m/crtbegin.o
 .ARM.attributes
                0x000000000000004a       0x33 obj/app.o
 .ARM.attributes
                0x000000000000007d       0x33 obj/assert.o
 .ARM.attributes
                0x00000000000000b0       0x33 obj/constManager.o
 .ARM.attributes
                0x00000000000000e3       0x33 obj/deviceDefinition.o
 .ARM.attributes
                0x0000000000000116       0x33 obj/msp.o
 .ARM.attributes
                0x0000000000000149       0x33 obj/stm32f1xx_it.o
 .ARM.attributes
                0x000000000000017c       0x33 obj/system_stm32f1xx.o
 .ARM.attributes
                0x00000000000001af       0x33 obj/stm32f1xx_hal.o
 .ARM.attributes
                0x00000000000001e2       0x33 obj/stm32f1xx_hal_cortex.o
 .ARM.attributes
                0x0000000000000215       0x33 obj/stm32f1xx_hal_dma.o
 .ARM.attributes
                0x0000000000000248       0x33 obj/stm32f1xx_hal_gpio.o
 .ARM.attributes
                0x000000000000027b       0x33 obj/stm32f1xx_hal_i2c.o
 .ARM.attributes
                0x00000000000002ae       0x33 obj/stm32f1xx_hal_iwdg.o
 .ARM.attributes
                0x00000000000002e1       0x33 obj/stm32f1xx_hal_rcc.o
 .ARM.attributes
                0x0000000000000314       0x33 obj/stm32f1xx_hal_rcc_ex.o
 .ARM.attributes
                0x0000000000000347       0x33 obj/stm32f1xx_hal_tim.o
 .ARM.attributes
                0x000000000000037a       0x33 obj/stm32f1xx_hal_tim_ex.o
 .ARM.attributes
                0x00000000000003ad       0x33 obj/stm32f1xx_hal_uart.o
 .ARM.attributes
                0x00000000000003e0       0x33 obj/MW_ENCODER.o
 .ARM.attributes
                0x0000000000000413       0x33 obj/MW_GPIO.o
 .ARM.attributes
                0x0000000000000446       0x33 obj/MW_I2C.o
 .ARM.attributes
                0x0000000000000479       0x33 obj/MW_IWDG.o
 .ARM.attributes
                0x00000000000004ac       0x33 obj/MW_TIM.o
 .ARM.attributes
                0x00000000000004df       0x33 obj/MW_USART.o
 .ARM.attributes
                0x0000000000000512       0x33 obj/message.o
 .ARM.attributes
                0x0000000000000545       0x33 obj/xprintf.o
 .ARM.attributes
                0x0000000000000578       0x33 obj/DD_AB.o
 .ARM.attributes
                0x00000000000005ab       0x33 obj/DD_ENCODER.o
 .ARM.attributes
                0x00000000000005de       0x33 obj/DD_Gene.o
 .ARM.attributes
                0x0000000000000611       0x33 obj/DD_LD.o
 .ARM.attributes
                0x0000000000000644       0x33 obj/DD_MD.o
 .ARM.attributes
                0x0000000000000677       0x33 obj/DD_RC.o
 .ARM.attributes
                0x00000000000006aa       0x33 obj/DD_SS.o
 .ARM.attributes
                0x00000000000006dd       0x33 obj/SystemTaskManager.o
 .ARM.attributes
                0x0000000000000710       0x21 obj/startup.o
 .ARM.attributes
                0x0000000000000731       0x1d /usr/local/Cellar/gcc-arm-none-eabi/20180627/bin/../lib/gcc/arm-none-eabi/7.3.1/thumb/v7-m/libgcc.a(_arm_addsubdf3.o)
 .ARM.attributes
                0x000000000000074e       0x1d /usr/local/Cellar/gcc-arm-none-eabi/20180627/bin/../lib/gcc/arm-none-eabi/7.3.1/thumb/v7-m/libgcc.a(_arm_muldivdf3.o)
 .ARM.attributes
                0x000000000000076b       0x1d /usr/local/Cellar/gcc-arm-none-eabi/20180627/bin/../lib/gcc/arm-none-eabi/7.3.1/thumb/v7-m/libgcc.a(_arm_cmpdf2.o)
 .ARM.attributes
                0x0000000000000788       0x1d /usr/local/Cellar/gcc-arm-none-eabi/20180627/bin/../lib/gcc/arm-none-eabi/7.3.1/thumb/v7-m/libgcc.a(_arm_fixdfsi.o)
 .ARM.attributes
                0x00000000000007a5       0x2d /usr/local/Cellar/gcc-arm-none-eabi/20180627/bin/../lib/gcc/arm-none-eabi/7.3.1/../../../../arm-none-eabi/lib/thumb/v7-m/libm.a(lib_a-s_cos.o)
 .ARM.attributes
                0x00000000000007d2       0x2d /usr/local/Cellar/gcc-arm-none-eabi/20180627/bin/../lib/gcc/arm-none-eabi/7.3.1/../../../../arm-none-eabi/lib/thumb/v7-m/libm.a(lib_a-s_round.o)
 .ARM.attributes
                0x00000000000007ff       0x2d /usr/local/Cellar/gcc-arm-none-eabi/20180627/bin/../lib/gcc/arm-none-eabi/7.3.1/../../../../arm-none-eabi/lib/thumb/v7-m/libm.a(lib_a-s_sin.o)
 .ARM.attributes
                0x000000000000082c       0x2d /usr/local/Cellar/gcc-arm-none-eabi/20180627/bin/../lib/gcc/arm-none-eabi/7.3.1/../../../../arm-none-eabi/lib/thumb/v7-m/libm.a(lib_a-w_fmod.o)
 .ARM.attributes
                0x0000000000000859       0x2d /usr/local/Cellar/gcc-arm-none-eabi/20180627/bin/../lib/gcc/arm-none-eabi/7.3.1/../../../../arm-none-eabi/lib/thumb/v7-m/libm.a(lib_a-e_fmod.o)
 .ARM.attributes
                0x0000000000000886       0x2d /usr/local/Cellar/gcc-arm-none-eabi/20180627/bin/../lib/gcc/arm-none-eabi/7.3.1/../../../../arm-none-eabi/lib/thumb/v7-m/libm.a(lib_a-e_rem_pio2.o)
 .ARM.attributes
                0x00000000000008b3       0x2d /usr/local/Cellar/gcc-arm-none-eabi/20180627/bin/../lib/gcc/arm-none-eabi/7.3.1/../../../../arm-none-eabi/lib/thumb/v7-m/libm.a(lib_a-k_cos.o)
 .ARM.attributes
                0x00000000000008e0       0x2d /usr/local/Cellar/gcc-arm-none-eabi/20180627/bin/../lib/gcc/arm-none-eabi/7.3.1/../../../../arm-none-eabi/lib/thumb/v7-m/libm.a(lib_a-k_rem_pio2.o)
 .ARM.attributes
                0x000000000000090d       0x2d /usr/local/Cellar/gcc-arm-none-eabi/20180627/bin/../lib/gcc/arm-none-eabi/7.3.1/../../../../arm-none-eabi/lib/thumb/v7-m/libm.a(lib_a-k_sin.o)
 .ARM.attributes
                0x000000000000093a       0x2d /usr/local/Cellar/gcc-arm-none-eabi/20180627/bin/../lib/gcc/arm-none-eabi/7.3.1/../../../../arm-none-eabi/lib/thumb/v7-m/libm.a(lib_a-s_fabs.o)
 .ARM.attributes
                0x0000000000000967       0x2d /usr/local/Cellar/gcc-arm-none-eabi/20180627/bin/../lib/gcc/arm-none-eabi/7.3.1/../../../../arm-none-eabi/lib/thumb/v7-m/libm.a(lib_a-s_floor.o)
 .ARM.attributes
                0x0000000000000994       0x2d /usr/local/Cellar/gcc-arm-none-eabi/20180627/bin/../lib/gcc/arm-none-eabi/7.3.1/../../../../arm-none-eabi/lib/thumb/v7-m/libm.a(lib_a-s_lib_ver.o)
 .ARM.attributes
                0x00000000000009c1       0x2d /usr/local/Cellar/gcc-arm-none-eabi/20180627/bin/../lib/gcc/arm-none-eabi/7.3.1/../../../../arm-none-eabi/lib/thumb/v7-m/libm.a(lib_a-s_matherr.o)
 .ARM.attributes
                0x00000000000009ee       0x2d /usr/local/Cellar/gcc-arm-none-eabi/20180627/bin/../lib/gcc/arm-none-eabi/7.3.1/../../../../arm-none-eabi/lib/thumb/v7-m/libm.a(lib_a-s_scalbn.o)
 .ARM.attributes
                0x0000000000000a1b       0x2d /usr/local/Cellar/gcc-arm-none-eabi/20180627/bin/../lib/gcc/arm-none-eabi/7.3.1/../../../../arm-none-eabi/lib/thumb/v7-m/libm.a(lib_a-s_copysign.o)
 .ARM.attributes
                0x0000000000000a48       0x1d /usr/local/Cellar/gcc-arm-none-eabi/20180627/bin/../lib/gcc/arm-none-eabi/7.3.1/thumb/v7-m/libgcc.a(_arm_unorddf2.o)
 .ARM.attributes
                0x0000000000000a65       0x2d /usr/local/Cellar/gcc-arm-none-eabi/20180627/bin/../lib/gcc/arm-none-eabi/7.3.1/../../../../arm-none-eabi/lib/thumb/v7-m/libc_nano.a(lib_a-errno.o)
 .ARM.attributes
                0x0000000000000a92       0x2d /usr/local/Cellar/gcc-arm-none-eabi/20180627/bin/../lib/gcc/arm-none-eabi/7.3.1/../../../../arm-none-eabi/lib/thumb/v7-m/libc_nano.a(lib_a-impure.o)
 .ARM.attributes
                0x0000000000000abf       0x2d /usr/local/Cellar/gcc-arm-none-eabi/20180627/bin/../lib/gcc/arm-none-eabi/7.3.1/../../../../arm-none-eabi/lib/thumb/v7-m/libc_nano.a(lib_a-init.o)
 .ARM.attributes
                0x0000000000000aec       0x2d /usr/local/Cellar/gcc-arm-none-eabi/20180627/bin/../lib/gcc/arm-none-eabi/7.3.1/../../../../arm-none-eabi/lib/thumb/v7-m/libc_nano.a(lib_a-memcpy-stub.o)
 .ARM.attributes
                0x0000000000000b19       0x1d /usr/local/Cellar/gcc-arm-none-eabi/20180627/bin/../lib/gcc/arm-none-eabi/7.3.1/thumb/v7-m/crtn.o
OUTPUT(bin/Test.elf elf32-littlearm)

.debug_info     0x0000000000000000    0x304a8
 .debug_info    0x0000000000000000     0x502c obj/app.o
 .debug_info    0x000000000000502c      0x967 obj/assert.o
 .debug_info    0x0000000000005993     0x18c8 obj/constManager.o
 .debug_info    0x000000000000725b      0xc8d obj/deviceDefinition.o
 .debug_info    0x0000000000007ee8     0x23b5 obj/msp.o
 .debug_info    0x000000000000a29d     0x117b obj/stm32f1xx_it.o
 .debug_info    0x000000000000b418      0x3ec obj/system_stm32f1xx.o
 .debug_info    0x000000000000b804      0xf0e obj/stm32f1xx_hal.o
 .debug_info    0x000000000000c712     0x1550 obj/stm32f1xx_hal_cortex.o
 .debug_info    0x000000000000dc62      0xffa obj/stm32f1xx_hal_dma.o
 .debug_info    0x000000000000ec5c     0x1080 obj/stm32f1xx_hal_gpio.o
 .debug_info    0x000000000000fcdc     0x34cf obj/stm32f1xx_hal_i2c.o
 .debug_info    0x00000000000131ab      0xc15 obj/stm32f1xx_hal_iwdg.o
 .debug_info    0x0000000000013dc0     0x1d94 obj/stm32f1xx_hal_rcc.o
 .debug_info    0x0000000000015b54      0xe68 obj/stm32f1xx_hal_rcc_ex.o
 .debug_info    0x00000000000169bc     0x4b8a obj/stm32f1xx_hal_tim.o
 .debug_info    0x000000000001b546     0x2002 obj/stm32f1xx_hal_tim_ex.o
 .debug_info    0x000000000001d548     0x1c43 obj/stm32f1xx_hal_uart.o
 .debug_info    0x000000000001f18b     0x1038 obj/MW_ENCODER.o
 .debug_info    0x00000000000201c3      0xd24 obj/MW_GPIO.o
 .debug_info    0x0000000000020ee7     0x1081 obj/MW_I2C.o
 .debug_info    0x0000000000021f68      0xba9 obj/MW_IWDG.o
 .debug_info    0x0000000000022b11     0x1360 obj/MW_TIM.o
 .debug_info    0x0000000000023e71     0x10bd obj/MW_USART.o
 .debug_info    0x0000000000024f2e     0x1088 obj/message.o
 .debug_info    0x0000000000025fb6     0x1373 obj/xprintf.o
 .debug_info    0x0000000000027329      0xc9c obj/DD_AB.o
 .debug_info    0x0000000000027fc5      0xd9d obj/DD_ENCODER.o
 .debug_info    0x0000000000028d62     0x169f obj/DD_Gene.o
 .debug_info    0x000000000002a401      0xc81 obj/DD_LD.o
 .debug_info    0x000000000002b082      0xd7a obj/DD_MD.o
 .debug_info    0x000000000002bdfc     0x1662 obj/DD_RC.o
 .debug_info    0x000000000002d45e     0x1086 obj/DD_SS.o
 .debug_info    0x000000000002e4e4     0x1fc4 obj/SystemTaskManager.o

.debug_abbrev   0x0000000000000000     0x5b79
 .debug_abbrev  0x0000000000000000      0x3c8 obj/app.o
 .debug_abbrev  0x00000000000003c8      0x1c0 obj/assert.o
 .debug_abbrev  0x0000000000000588      0x337 obj/constManager.o
 .debug_abbrev  0x00000000000008bf      0x1c9 obj/deviceDefinition.o
 .debug_abbrev  0x0000000000000a88      0x2bc obj/msp.o
 .debug_abbrev  0x0000000000000d44      0x21f obj/stm32f1xx_it.o
 .debug_abbrev  0x0000000000000f63      0x134 obj/system_stm32f1xx.o
 .debug_abbrev  0x0000000000001097      0x338 obj/stm32f1xx_hal.o
 .debug_abbrev  0x00000000000013cf      0x3ac obj/stm32f1xx_hal_cortex.o
 .debug_abbrev  0x000000000000177b      0x2d4 obj/stm32f1xx_hal_dma.o
 .debug_abbrev  0x0000000000001a4f      0x2de obj/stm32f1xx_hal_gpio.o
 .debug_abbrev  0x0000000000001d2d      0x2f0 obj/stm32f1xx_hal_i2c.o
 .debug_abbrev  0x000000000000201d      0x299 obj/stm32f1xx_hal_iwdg.o
 .debug_abbrev  0x00000000000022b6      0x33a obj/stm32f1xx_hal_rcc.o
 .debug_abbrev  0x00000000000025f0      0x339 obj/stm32f1xx_hal_rcc_ex.o
 .debug_abbrev  0x0000000000002929      0x2ef obj/stm32f1xx_hal_tim.o
 .debug_abbrev  0x0000000000002c18      0x2e0 obj/stm32f1xx_hal_tim_ex.o
 .debug_abbrev  0x0000000000002ef8      0x2fd obj/stm32f1xx_hal_uart.o
 .debug_abbrev  0x00000000000031f5      0x26d obj/MW_ENCODER.o
 .debug_abbrev  0x0000000000003462      0x278 obj/MW_GPIO.o
 .debug_abbrev  0x00000000000036da      0x27d obj/MW_I2C.o
 .debug_abbrev  0x0000000000003957      0x25c obj/MW_IWDG.o
 .debug_abbrev  0x0000000000003bb3      0x27c obj/MW_TIM.o
 .debug_abbrev  0x0000000000003e2f      0x274 obj/MW_USART.o
 .debug_abbrev  0x00000000000040a3      0x2e2 obj/message.o
 .debug_abbrev  0x0000000000004385      0x35b obj/xprintf.o
 .debug_abbrev  0x00000000000046e0      0x24b obj/DD_AB.o
 .debug_abbrev  0x000000000000492b      0x23a obj/DD_ENCODER.o
 .debug_abbrev  0x0000000000004b65      0x29d obj/DD_Gene.o
 .debug_abbrev  0x0000000000004e02      0x23c obj/DD_LD.o
 .debug_abbrev  0x000000000000503e      0x274 obj/DD_MD.o
 .debug_abbrev  0x00000000000052b2      0x2a9 obj/DD_RC.o
 .debug_abbrev  0x000000000000555b      0x2a0 obj/DD_SS.o
 .debug_abbrev  0x00000000000057fb      0x37e obj/SystemTaskManager.o

.debug_loc      0x0000000000000000     0xd6f8
 .debug_loc     0x0000000000000000     0x1e1e obj/app.o
 .debug_loc     0x0000000000001e1e      0x371 obj/constManager.o
 .debug_loc     0x000000000000218f      0x3ac obj/msp.o
 .debug_loc     0x000000000000253b       0xdf obj/system_stm32f1xx.o
 .debug_loc     0x000000000000261a       0x81 obj/stm32f1xx_hal.o
 .debug_loc     0x000000000000269b      0x6db obj/stm32f1xx_hal_cortex.o
 .debug_loc     0x0000000000002d76      0x4fc obj/stm32f1xx_hal_dma.o
 .debug_loc     0x0000000000003272      0x571 obj/stm32f1xx_hal_gpio.o
 .debug_loc     0x00000000000037e3     0x2d80 obj/stm32f1xx_hal_i2c.o
 .debug_loc     0x0000000000006563      0x10d obj/stm32f1xx_hal_iwdg.o
 .debug_loc     0x0000000000006670      0x91b obj/stm32f1xx_hal_rcc.o
 .debug_loc     0x0000000000006f8b      0x333 obj/stm32f1xx_hal_rcc_ex.o
 .debug_loc     0x00000000000072be     0x2704 obj/stm32f1xx_hal_tim.o
 .debug_loc     0x00000000000099c2      0xade obj/stm32f1xx_hal_tim_ex.o
 .debug_loc     0x000000000000a4a0     0x116d obj/stm32f1xx_hal_uart.o
 .debug_loc     0x000000000000b60d       0x9d obj/MW_ENCODER.o
 .debug_loc     0x000000000000b6aa      0x1ca obj/MW_GPIO.o
 .debug_loc     0x000000000000b874      0x2bc obj/MW_I2C.o
 .debug_loc     0x000000000000bb30      0x2b8 obj/MW_TIM.o
 .debug_loc     0x000000000000bde8      0x1b8 obj/MW_USART.o
 .debug_loc     0x000000000000bfa0       0xb5 obj/message.o
 .debug_loc     0x000000000000c055      0x907 obj/xprintf.o
 .debug_loc     0x000000000000c95c       0x42 obj/DD_AB.o
 .debug_loc     0x000000000000c99e      0x36f obj/DD_Gene.o
 .debug_loc     0x000000000000cd0d       0x4f obj/DD_LD.o
 .debug_loc     0x000000000000cd5c       0x52 obj/DD_MD.o
 .debug_loc     0x000000000000cdae      0x4b0 obj/DD_RC.o
 .debug_loc     0x000000000000d25e      0x2ca obj/DD_SS.o
 .debug_loc     0x000000000000d528      0x1d0 obj/SystemTaskManager.o

.debug_aranges  0x0000000000000000     0x12d0
 .debug_aranges
                0x0000000000000000       0xa8 obj/app.o
 .debug_aranges
                0x00000000000000a8       0x20 obj/assert.o
 .debug_aranges
                0x00000000000000c8       0x88 obj/constManager.o
 .debug_aranges
                0x0000000000000150       0x18 obj/deviceDefinition.o
 .debug_aranges
                0x0000000000000168       0x88 obj/msp.o
 .debug_aranges
                0x00000000000001f0       0x90 obj/stm32f1xx_it.o
 .debug_aranges
                0x0000000000000280       0x28 obj/system_stm32f1xx.o
 .debug_aranges
                0x00000000000002a8       0xb0 obj/stm32f1xx_hal.o
 .debug_aranges
                0x0000000000000358       0x90 obj/stm32f1xx_hal_cortex.o
 .debug_aranges
                0x00000000000003e8       0x68 obj/stm32f1xx_hal_dma.o
 .debug_aranges
                0x0000000000000450       0x58 obj/stm32f1xx_hal_gpio.o
 .debug_aranges
                0x00000000000004a8      0x218 obj/stm32f1xx_hal_i2c.o
 .debug_aranges
                0x00000000000006c0       0x40 obj/stm32f1xx_hal_iwdg.o
 .debug_aranges
                0x0000000000000700       0x88 obj/stm32f1xx_hal_rcc.o
 .debug_aranges
                0x0000000000000788       0x30 obj/stm32f1xx_hal_rcc_ex.o
 .debug_aranges
                0x00000000000007b8      0x368 obj/stm32f1xx_hal_tim.o
 .debug_aranges
                0x0000000000000b20      0x138 obj/stm32f1xx_hal_tim_ex.o
 .debug_aranges
                0x0000000000000c58      0x150 obj/stm32f1xx_hal_uart.o
 .debug_aranges
                0x0000000000000da8       0x30 obj/MW_ENCODER.o
 .debug_aranges
                0x0000000000000dd8       0x58 obj/MW_GPIO.o
 .debug_aranges
                0x0000000000000e30       0x58 obj/MW_I2C.o
 .debug_aranges
                0x0000000000000e88       0x40 obj/MW_IWDG.o
 .debug_aranges
                0x0000000000000ec8       0x80 obj/MW_TIM.o
 .debug_aranges
                0x0000000000000f48       0x60 obj/MW_USART.o
 .debug_aranges
                0x0000000000000fa8       0x48 obj/message.o
 .debug_aranges
                0x0000000000000ff0       0x70 obj/xprintf.o
 .debug_aranges
                0x0000000000001060       0x28 obj/DD_AB.o
 .debug_aranges
                0x0000000000001088       0x60 obj/DD_ENCODER.o
 .debug_aranges
                0x00000000000010e8       0x50 obj/DD_Gene.o
 .debug_aranges
                0x0000000000001138       0x28 obj/DD_LD.o
 .debug_aranges
                0x0000000000001160       0x28 obj/DD_MD.o
 .debug_aranges
                0x0000000000001188       0x58 obj/DD_RC.o
 .debug_aranges
                0x00000000000011e0       0x78 obj/DD_SS.o
 .debug_aranges
                0x0000000000001258       0x78 obj/SystemTaskManager.o

.debug_ranges   0x0000000000000000     0x1180
 .debug_ranges  0x0000000000000000       0x98 obj/app.o
 .debug_ranges  0x0000000000000098       0x10 obj/assert.o
 .debug_ranges  0x00000000000000a8       0xa8 obj/constManager.o
 .debug_ranges  0x0000000000000150       0x78 obj/msp.o
 .debug_ranges  0x00000000000001c8       0x80 obj/stm32f1xx_it.o
 .debug_ranges  0x0000000000000248       0x18 obj/system_stm32f1xx.o
 .debug_ranges  0x0000000000000260       0xa0 obj/stm32f1xx_hal.o
 .debug_ranges  0x0000000000000300       0xe0 obj/stm32f1xx_hal_cortex.o
 .debug_ranges  0x00000000000003e0       0x58 obj/stm32f1xx_hal_dma.o
 .debug_ranges  0x0000000000000438       0x48 obj/stm32f1xx_hal_gpio.o
 .debug_ranges  0x0000000000000480      0x208 obj/stm32f1xx_hal_i2c.o
 .debug_ranges  0x0000000000000688       0x30 obj/stm32f1xx_hal_iwdg.o
 .debug_ranges  0x00000000000006b8       0x78 obj/stm32f1xx_hal_rcc.o
 .debug_ranges  0x0000000000000730       0x20 obj/stm32f1xx_hal_rcc_ex.o
 .debug_ranges  0x0000000000000750      0x358 obj/stm32f1xx_hal_tim.o
 .debug_ranges  0x0000000000000aa8      0x128 obj/stm32f1xx_hal_tim_ex.o
 .debug_ranges  0x0000000000000bd0      0x140 obj/stm32f1xx_hal_uart.o
 .debug_ranges  0x0000000000000d10       0x20 obj/MW_ENCODER.o
 .debug_ranges  0x0000000000000d30       0x48 obj/MW_GPIO.o
 .debug_ranges  0x0000000000000d78       0x48 obj/MW_I2C.o
 .debug_ranges  0x0000000000000dc0       0x30 obj/MW_IWDG.o
 .debug_ranges  0x0000000000000df0       0x70 obj/MW_TIM.o
 .debug_ranges  0x0000000000000e60       0x50 obj/MW_USART.o
 .debug_ranges  0x0000000000000eb0       0x38 obj/message.o
 .debug_ranges  0x0000000000000ee8       0x60 obj/xprintf.o
 .debug_ranges  0x0000000000000f48       0x18 obj/DD_AB.o
 .debug_ranges  0x0000000000000f60       0x50 obj/DD_ENCODER.o
 .debug_ranges  0x0000000000000fb0       0x40 obj/DD_Gene.o
 .debug_ranges  0x0000000000000ff0       0x18 obj/DD_LD.o
 .debug_ranges  0x0000000000001008       0x18 obj/DD_MD.o
 .debug_ranges  0x0000000000001020       0x78 obj/DD_RC.o
 .debug_ranges  0x0000000000001098       0x80 obj/DD_SS.o
 .debug_ranges  0x0000000000001118       0x68 obj/SystemTaskManager.o

.debug_macro    0x0000000000000000    0x16eca
 .debug_macro   0x0000000000000000      0x43e obj/app.o
 .debug_macro   0x000000000000043e      0xab4 obj/app.o
 .debug_macro   0x0000000000000ef2       0x40 obj/app.o
 .debug_macro   0x0000000000000f32       0x22 obj/app.o
 .debug_macro   0x0000000000000f54       0x8e obj/app.o
 .debug_macro   0x0000000000000fe2       0x51 obj/app.o
 .debug_macro   0x0000000000001033       0xef obj/app.o
 .debug_macro   0x0000000000001122       0x6a obj/app.o
 .debug_macro   0x000000000000118c      0x1df obj/app.o
 .debug_macro   0x000000000000136b       0x16 obj/app.o
 .debug_macro   0x0000000000001381       0x10 obj/app.o
 .debug_macro   0x0000000000001391       0x40 obj/app.o
 .debug_macro   0x00000000000013d1       0x10 obj/app.o
 .debug_macro   0x00000000000013e1      0x1e4 obj/app.o
 .debug_macro   0x00000000000015c5      0x1b1 obj/app.o
 .debug_macro   0x0000000000001776       0x2e obj/app.o
 .debug_macro   0x00000000000017a4       0x22 obj/app.o
 .debug_macro   0x00000000000017c6       0x3a obj/app.o
 .debug_macro   0x0000000000001800       0x34 obj/app.o
 .debug_macro   0x0000000000001834      0xb8e obj/app.o
 .debug_macro   0x00000000000023c2     0x69eb obj/app.o
 .debug_macro   0x0000000000008dad       0x43 obj/app.o
 .debug_macro   0x0000000000008df0     0x3383 obj/app.o
 .debug_macro   0x000000000000c173       0x5e obj/app.o
 .debug_macro   0x000000000000c1d1       0x18 obj/app.o
 .debug_macro   0x000000000000c1e9       0x35 obj/app.o
 .debug_macro   0x000000000000c21e       0x34 obj/app.o
 .debug_macro   0x000000000000c252       0x16 obj/app.o
 .debug_macro   0x000000000000c268       0x97 obj/app.o
 .debug_macro   0x000000000000c2ff      0x353 obj/app.o
 .debug_macro   0x000000000000c652       0xf6 obj/app.o
 .debug_macro   0x000000000000c748       0x10 obj/app.o
 .debug_macro   0x000000000000c758       0x58 obj/app.o
 .debug_macro   0x000000000000c7b0       0x1f obj/app.o
 .debug_macro   0x000000000000c7cf       0x43 obj/app.o
 .debug_macro   0x000000000000c812       0x20 obj/app.o
 .debug_macro   0x000000000000c832      0x18e obj/app.o
 .debug_macro   0x000000000000c9c0       0x10 obj/app.o
 .debug_macro   0x000000000000c9d0       0x1c obj/app.o
 .debug_macro   0x000000000000c9ec       0x52 obj/app.o
 .debug_macro   0x000000000000ca3e       0x40 obj/app.o
 .debug_macro   0x000000000000ca7e       0x10 obj/app.o
 .debug_macro   0x000000000000ca8e       0x40 obj/app.o
 .debug_macro   0x000000000000cace       0xd7 obj/app.o
 .debug_macro   0x000000000000cba5       0x1c obj/app.o
 .debug_macro   0x000000000000cbc1       0x3d obj/app.o
 .debug_macro   0x000000000000cbfe       0x16 obj/app.o
 .debug_macro   0x000000000000cc14      0x16f obj/app.o
 .debug_macro   0x000000000000cd83       0x57 obj/app.o
 .debug_macro   0x000000000000cdda      0x778 obj/app.o
 .debug_macro   0x000000000000d552      0x28b obj/app.o
 .debug_macro   0x000000000000d7dd      0x141 obj/app.o
 .debug_macro   0x000000000000d91e      0x197 obj/app.o
 .debug_macro   0x000000000000dab5      0x1ae obj/app.o
 .debug_macro   0x000000000000dc63       0x2d obj/app.o
 .debug_macro   0x000000000000dc90       0x3c obj/app.o
 .debug_macro   0x000000000000dccc       0x57 obj/app.o
 .debug_macro   0x000000000000dd23      0x46a obj/app.o
 .debug_macro   0x000000000000e18d      0x1b5 obj/app.o
 .debug_macro   0x000000000000e342       0x8c obj/app.o
 .debug_macro   0x000000000000e3ce      0x242 obj/app.o
 .debug_macro   0x000000000000e610      0x225 obj/app.o
 .debug_macro   0x000000000000e835       0x99 obj/app.o
 .debug_macro   0x000000000000e8ce      0x143 obj/app.o
 .debug_macro   0x000000000000ea11      0x1f4 obj/app.o
 .debug_macro   0x000000000000ec05      0x83e obj/app.o
 .debug_macro   0x000000000000f443       0x11 obj/app.o
 .debug_macro   0x000000000000f454      0x256 obj/app.o
 .debug_macro   0x000000000000f6aa       0x7c obj/app.o
 .debug_macro   0x000000000000f726       0x16 obj/app.o
 .debug_macro   0x000000000000f73c       0x35 obj/app.o
 .debug_macro   0x000000000000f771       0x16 obj/app.o
 .debug_macro   0x000000000000f787       0x29 obj/app.o
 .debug_macro   0x000000000000f7b0       0x16 obj/app.o
 .debug_macro   0x000000000000f7c6      0x100 obj/app.o
 .debug_macro   0x000000000000f8c6       0x2e obj/app.o
 .debug_macro   0x000000000000f8f4       0x22 obj/app.o
 .debug_macro   0x000000000000f916      0x1e1 obj/app.o
 .debug_macro   0x000000000000faf7       0x28 obj/app.o
 .debug_macro   0x000000000000fb1f       0x34 obj/app.o
 .debug_macro   0x000000000000fb53      0x325 obj/assert.o
 .debug_macro   0x000000000000fe78       0x34 obj/assert.o
 .debug_macro   0x000000000000feac      0x3b2 obj/constManager.o
 .debug_macro   0x000000000001025e       0x58 obj/constManager.o
 .debug_macro   0x00000000000102b6       0x94 obj/constManager.o
 .debug_macro   0x000000000001034a       0x57 obj/constManager.o
 .debug_macro   0x00000000000103a1      0x10b obj/constManager.o
 .debug_macro   0x00000000000104ac       0x10 obj/constManager.o
 .debug_macro   0x00000000000104bc       0x1c obj/constManager.o
 .debug_macro   0x00000000000104d8       0x28 obj/constManager.o
 .debug_macro   0x0000000000010500      0x3e9 obj/deviceDefinition.o
 .debug_macro   0x00000000000108e9      0x325 obj/msp.o
 .debug_macro   0x0000000000010c0e      0x369 obj/stm32f1xx_it.o
 .debug_macro   0x0000000000010f77       0x10 obj/stm32f1xx_it.o
 .debug_macro   0x0000000000010f87       0xd1 obj/system_stm32f1xx.o
 .debug_macro   0x0000000000011058      0x349 obj/stm32f1xx_hal.o
 .debug_macro   0x00000000000113a1      0x325 obj/stm32f1xx_hal_cortex.o
 .debug_macro   0x00000000000116c6      0x32b obj/stm32f1xx_hal_dma.o
 .debug_macro   0x00000000000119f1      0x395 obj/stm32f1xx_hal_gpio.o
 .debug_macro   0x0000000000011d86      0x33b obj/stm32f1xx_hal_i2c.o
 .debug_macro   0x00000000000120c1      0x32b obj/stm32f1xx_hal_iwdg.o
 .debug_macro   0x00000000000123ec      0x349 obj/stm32f1xx_hal_rcc.o
 .debug_macro   0x0000000000012735      0x325 obj/stm32f1xx_hal_rcc_ex.o
 .debug_macro   0x0000000000012a5a      0x326 obj/stm32f1xx_hal_tim.o
 .debug_macro   0x0000000000012d80      0x325 obj/stm32f1xx_hal_tim_ex.o
 .debug_macro   0x00000000000130a5      0x326 obj/stm32f1xx_hal_uart.o
 .debug_macro   0x00000000000133cb      0x369 obj/MW_ENCODER.o
 .debug_macro   0x0000000000013734      0x334 obj/MW_GPIO.o
 .debug_macro   0x0000000000013a68       0x22 obj/MW_GPIO.o
 .debug_macro   0x0000000000013a8a      0x372 obj/MW_I2C.o
 .debug_macro   0x0000000000013dfc      0x363 obj/MW_IWDG.o
 .debug_macro   0x000000000001415f      0x368 obj/MW_TIM.o
 .debug_macro   0x00000000000144c7       0x16 obj/MW_TIM.o
 .debug_macro   0x00000000000144dd      0x369 obj/MW_USART.o
 .debug_macro   0x0000000000014846      0x3a1 obj/message.o
 .debug_macro   0x0000000000014be7       0x22 obj/message.o
 .debug_macro   0x0000000000014c09       0x58 obj/message.o
 .debug_macro   0x0000000000014c61       0x22 obj/message.o
 .debug_macro   0x0000000000014c83      0x33d obj/xprintf.o
 .debug_macro   0x0000000000014fc0      0x3da obj/DD_AB.o
 .debug_macro   0x000000000001539a      0x3da obj/DD_ENCODER.o
 .debug_macro   0x0000000000015774      0x3ec obj/DD_Gene.o
 .debug_macro   0x0000000000015b60       0x10 obj/DD_Gene.o
 .debug_macro   0x0000000000015b70      0x3da obj/DD_LD.o
 .debug_macro   0x0000000000015f4a      0x3da obj/DD_MD.o
 .debug_macro   0x0000000000016324      0x396 obj/DD_RC.o
 .debug_macro   0x00000000000166ba       0x1c obj/DD_RC.o
 .debug_macro   0x00000000000166d6      0x3e3 obj/DD_SS.o
 .debug_macro   0x0000000000016ab9      0x411 obj/SystemTaskManager.o

.debug_line     0x0000000000000000    0x19a63
 .debug_line    0x0000000000000000     0x1ccf obj/app.o
 .debug_line    0x0000000000001ccf      0x71f obj/assert.o
 .debug_line    0x00000000000023ee      0xbbe obj/constManager.o
 .debug_line    0x0000000000002fac      0xb53 obj/deviceDefinition.o
 .debug_line    0x0000000000003aff      0x95c obj/msp.o
 .debug_line    0x000000000000445b      0x9bc obj/stm32f1xx_it.o
 .debug_line    0x0000000000004e17      0x333 obj/system_stm32f1xx.o
 .debug_line    0x000000000000514a      0x8a0 obj/stm32f1xx_hal.o
 .debug_line    0x00000000000059ea      0x937 obj/stm32f1xx_hal_cortex.o
 .debug_line    0x0000000000006321      0xbce obj/stm32f1xx_hal_dma.o