Archive member included to satisfy reference by file (symbol)

/usr/local/Cellar/gcc-arm-none-eabi/20180627/bin/../lib/gcc/arm-none-eabi/7.3.1/thumb/v7-m/libgcc.a(_arm_addsubdf3.o)
                              obj/app.o (__aeabi_dsub)
/usr/local/Cellar/gcc-arm-none-eabi/20180627/bin/../lib/gcc/arm-none-eabi/7.3.1/thumb/v7-m/libgcc.a(_arm_muldivdf3.o)
                              obj/app.o (__aeabi_dmul)
/usr/local/Cellar/gcc-arm-none-eabi/20180627/bin/../lib/gcc/arm-none-eabi/7.3.1/thumb/v7-m/libgcc.a(_arm_cmpdf2.o)
                              obj/app.o (__aeabi_dcmpeq)
/usr/local/Cellar/gcc-arm-none-eabi/20180627/bin/../lib/gcc/arm-none-eabi/7.3.1/thumb/v7-m/libgcc.a(_arm_fixdfsi.o)
                              obj/app.o (__aeabi_d2iz)
/usr/local/Cellar/gcc-arm-none-eabi/20180627/bin/../lib/gcc/arm-none-eabi/7.3.1/../../../../arm-none-eabi/lib/thumb/v7-m/libm.a(lib_a-s_atan.o)
                              obj/app.o (atan)
/usr/local/Cellar/gcc-arm-none-eabi/20180627/bin/../lib/gcc/arm-none-eabi/7.3.1/../../../../arm-none-eabi/lib/thumb/v7-m/libm.a(lib_a-s_cos.o)
                              obj/app.o (cos)
/usr/local/Cellar/gcc-arm-none-eabi/20180627/bin/../lib/gcc/arm-none-eabi/7.3.1/../../../../arm-none-eabi/lib/thumb/v7-m/libm.a(lib_a-s_fabs.o)
                              /usr/local/Cellar/gcc-arm-none-eabi/20180627/bin/../lib/gcc/arm-none-eabi/7.3.1/../../../../arm-none-eabi/lib/thumb/v7-m/libm.a(lib_a-s_atan.o) (fabs)
/usr/local/Cellar/gcc-arm-none-eabi/20180627/bin/../lib/gcc/arm-none-eabi/7.3.1/../../../../arm-none-eabi/lib/thumb/v7-m/libm.a(lib_a-s_round.o)
                              obj/app.o (round)
/usr/local/Cellar/gcc-arm-none-eabi/20180627/bin/../lib/gcc/arm-none-eabi/7.3.1/../../../../arm-none-eabi/lib/thumb/v7-m/libm.a(lib_a-s_sin.o)
                              obj/app.o (sin)
/usr/local/Cellar/gcc-arm-none-eabi/20180627/bin/../lib/gcc/arm-none-eabi/7.3.1/../../../../arm-none-eabi/lib/thumb/v7-m/libm.a(lib_a-w_acos.o)
                              obj/app.o (acos)
/usr/local/Cellar/gcc-arm-none-eabi/20180627/bin/../lib/gcc/arm-none-eabi/7.3.1/../../../../arm-none-eabi/lib/thumb/v7-m/libm.a(lib_a-w_fmod.o)
                              obj/app.o (fmod)
/usr/local/Cellar/gcc-arm-none-eabi/20180627/bin/../lib/gcc/arm-none-eabi/7.3.1/../../../../arm-none-eabi/lib/thumb/v7-m/libm.a(lib_a-w_sqrt.o)
                              obj/app.o (sqrt)
/usr/local/Cellar/gcc-arm-none-eabi/20180627/bin/../lib/gcc/arm-none-eabi/7.3.1/../../../../arm-none-eabi/lib/thumb/v7-m/libm.a(lib_a-e_acos.o)
                              /usr/local/Cellar/gcc-arm-none-eabi/20180627/bin/../lib/gcc/arm-none-eabi/7.3.1/../../../../arm-none-eabi/lib/thumb/v7-m/libm.a(lib_a-w_acos.o) (__ieee754_acos)
/usr/local/Cellar/gcc-arm-none-eabi/20180627/bin/../lib/gcc/arm-none-eabi/7.3.1/../../../../arm-none-eabi/lib/thumb/v7-m/libm.a(lib_a-e_fmod.o)
                              /usr/local/Cellar/gcc-arm-none-eabi/20180627/bin/../lib/gcc/arm-none-eabi/7.3.1/../../../../arm-none-eabi/lib/thumb/v7-m/libm.a(lib_a-w_fmod.o) (__ieee754_fmod)
/usr/local/Cellar/gcc-arm-none-eabi/20180627/bin/../lib/gcc/arm-none-eabi/7.3.1/../../../../arm-none-eabi/lib/thumb/v7-m/libm.a(lib_a-e_rem_pio2.o)
                              /usr/local/Cellar/gcc-arm-none-eabi/20180627/bin/../lib/gcc/arm-none-eabi/7.3.1/../../../../arm-none-eabi/lib/thumb/v7-m/libm.a(lib_a-s_cos.o) (__ieee754_rem_pio2)
/usr/local/Cellar/gcc-arm-none-eabi/20180627/bin/../lib/gcc/arm-none-eabi/7.3.1/../../../../arm-none-eabi/lib/thumb/v7-m/libm.a(lib_a-e_sqrt.o)
                              /usr/local/Cellar/gcc-arm-none-eabi/20180627/bin/../lib/gcc/arm-none-eabi/7.3.1/../../../../arm-none-eabi/lib/thumb/v7-m/libm.a(lib_a-w_sqrt.o) (__ieee754_sqrt)
/usr/local/Cellar/gcc-arm-none-eabi/20180627/bin/../lib/gcc/arm-none-eabi/7.3.1/../../../../arm-none-eabi/lib/thumb/v7-m/libm.a(lib_a-k_cos.o)
                              /usr/local/Cellar/gcc-arm-none-eabi/20180627/bin/../lib/gcc/arm-none-eabi/7.3.1/../../../../arm-none-eabi/lib/thumb/v7-m/libm.a(lib_a-s_cos.o) (__kernel_cos)
/usr/local/Cellar/gcc-arm-none-eabi/20180627/bin/../lib/gcc/arm-none-eabi/7.3.1/../../../../arm-none-eabi/lib/thumb/v7-m/libm.a(lib_a-k_rem_pio2.o)
                              /usr/local/Cellar/gcc-arm-none-eabi/20180627/bin/../lib/gcc/arm-none-eabi/7.3.1/../../../../arm-none-eabi/lib/thumb/v7-m/libm.a(lib_a-e_rem_pio2.o) (__kernel_rem_pio2)
/usr/local/Cellar/gcc-arm-none-eabi/20180627/bin/../lib/gcc/arm-none-eabi/7.3.1/../../../../arm-none-eabi/lib/thumb/v7-m/libm.a(lib_a-k_sin.o)
                              /usr/local/Cellar/gcc-arm-none-eabi/20180627/bin/../lib/gcc/arm-none-eabi/7.3.1/../../../../arm-none-eabi/lib/thumb/v7-m/libm.a(lib_a-s_cos.o) (__kernel_sin)
/usr/local/Cellar/gcc-arm-none-eabi/20180627/bin/../lib/gcc/arm-none-eabi/7.3.1/../../../../arm-none-eabi/lib/thumb/v7-m/libm.a(lib_a-s_floor.o)
[...]
Memory Configuration

Name             Origin             Length             Attributes
FLASH            0x0000000008000000 0x000000000001fc00 xr
RAM              0x0000000020000000 0x0000000000005000 xrw
*default*        0x0000000000000000 0xffffffffffffffff

Linker script and memory map

LOAD /usr/local/Cellar/gcc-arm-none-eabi/20180627/bin/../lib/gcc/arm-none-eabi/7.3.1/thumb/v7-m/crti.o
LOAD /usr/local/Cellar/gcc-arm-none-eabi/20180627/bin/../lib/gcc/arm-none-eabi/7.3.1/thumb/v7-m/crtbegin.o
LOAD /usr/local/Cellar/gcc-arm-none-eabi/20180627/bin/../lib/gcc/arm-none-eabi/7.3.1/../../../../arm-none-eabi/lib/thumb/v7-m/crt0.o
LOAD obj/app.o
LOAD obj/assert.o
LOAD obj/constManager.o
LOAD obj/deviceDefinition.o
LOAD obj/msp.o
LOAD obj/stm32f1xx_it.o
LOAD obj/system_stm32f1xx.o
LOAD obj/trapezoid_ctrl.o
LOAD obj/stm32f1xx_hal.o
LOAD obj/stm32f1xx_hal_adc.o
LOAD obj/stm32f1xx_hal_adc_ex.o
LOAD obj/stm32f1xx_hal_can.o
LOAD obj/stm32f1xx_hal_cec.o
LOAD obj/stm32f1xx_hal_cortex.o
LOAD obj/stm32f1xx_hal_crc.o
LOAD obj/stm32f1xx_hal_dac.o
LOAD obj/stm32f1xx_hal_dac_ex.o
LOAD obj/stm32f1xx_hal_dma.o
LOAD obj/stm32f1xx_hal_eth.o
LOAD obj/stm32f1xx_hal_flash.o
LOAD obj/stm32f1xx_hal_flash_ex.o
LOAD obj/stm32f1xx_hal_gpio.o
LOAD obj/stm32f1xx_hal_gpio_ex.o
LOAD obj/stm32f1xx_hal_hcd.o
LOAD obj/stm32f1xx_hal_i2c.o
LOAD obj/stm32f1xx_hal_i2s.o
LOAD obj/stm32f1xx_hal_irda.o
LOAD obj/stm32f1xx_hal_iwdg.o
LOAD obj/stm32f1xx_hal_nand.o
LOAD obj/stm32f1xx_hal_nor.o
LOAD obj/stm32f1xx_hal_pccard.o
LOAD obj/stm32f1xx_hal_pcd.o
LOAD obj/stm32f1xx_hal_pcd_ex.o
LOAD obj/stm32f1xx_hal_pwr.o
LOAD obj/stm32f1xx_hal_rcc.o
LOAD obj/stm32f1xx_hal_rcc_ex.o
LOAD obj/stm32f1xx_hal_rtc.o
LOAD obj/stm32f1xx_hal_rtc_ex.o
LOAD obj/stm32f1xx_hal_sd.o
LOAD obj/stm32f1xx_hal_smartcard.o
LOAD obj/stm32f1xx_hal_spi.o
LOAD obj/stm32f1xx_hal_spi_ex.o
LOAD obj/stm32f1xx_hal_sram.o
LOAD obj/stm32f1xx_hal_tim.o
LOAD obj/stm32f1xx_hal_tim_ex.o
LOAD obj/stm32f1xx_hal_uart.o
LOAD obj/stm32f1xx_hal_usart.o
LOAD obj/stm32f1xx_hal_wwdg.o
LOAD obj/stm32f1xx_ll_fsmc.o
LOAD obj/stm32f1xx_ll_sdmmc.o
LOAD obj/stm32f1xx_ll_usb.o
LOAD obj/MW_ENCODER.o
LOAD obj/MW_GPIO.o
LOAD obj/MW_I2C.o
LOAD obj/MW_IWDG.o
LOAD obj/MW_TIM.o
LOAD obj/MW_USART.o
LOAD obj/MW_flash.o
LOAD obj/message.o
LOAD obj/xprintf.o
LOAD obj/DD_AB.o
LOAD obj/DD_ENCODER.o
LOAD obj/DD_Gene.o
LOAD obj/DD_LD.o
LOAD obj/DD_MD.o
LOAD obj/DD_RC.o
LOAD obj/DD_SS.o
LOAD obj/DD_SV.o
LOAD obj/SystemTaskManager.o
LOAD obj/startup.o
START GROUP
LOAD /usr/local/Cellar/gcc-arm-none-eabi/20180627/bin/../lib/gcc/arm-none-eabi/7.3.1/thumb/v7-m/libgcc.a
LOAD /usr/local/Cellar/gcc-arm-none-eabi/20180627/bin/../lib/gcc/arm-none-eabi/7.3.1/../../../../arm-none-eabi/lib/thumb/v7-m/libm.a
END GROUP
START GROUP
LOAD /usr/local/Cellar/gcc-arm-none-eabi/20180627/bin/../lib/gcc/arm-none-eabi/7.3.1/thumb/v7-m/libgcc.a
LOAD /usr/local/Cellar/gcc-arm-none-eabi/20180627/bin/../lib/gcc/arm-none-eabi/7.3.1/../../../../arm-none-eabi/lib/thumb/v7-m/libc_nano.a
END GROUP
START GROUP
LOAD /usr/local/Cellar/gcc-arm-none-eabi/20180627/bin/../lib/gcc/arm-none-eabi/7.3.1/thumb/v7-m/libgcc.a
LOAD /usr/local/Cellar/gcc-arm-none-eabi/20180627/bin/../lib/gcc/arm-none-eabi/7.3.1/../../../../arm-none-eabi/lib/thumb/v7-m/libc_nano.a
END GROUP
LOAD /usr/local/Cellar/gcc-arm-none-eabi/20180627/bin/../lib/gcc/arm-none-eabi/7.3.1/thumb/v7-m/crtend.o
LOAD /usr/local/Cellar/gcc-arm-none-eabi/20180627/bin/../lib/gcc/arm-none-eabi/7.3.1/thumb/v7-m/crtn.o
                0x0000000020005000                _estack = 0x20005000
                0x0000000000000200                _Min_Heap_Size = 0x200
                0x0000000000000400                _Min_Stack_Size = 0x400

.isr_vector     0x0000000008000000      0x10c
                0x0000000008000000                . = ALIGN (0x4)
 *(.isr_vector)
 .isr_vector    0x0000000008000000      0x10c obj/startup.o
                0x0000000008000000                g_pfnVectors
                0x000000000800010c                . = ALIGN (0x4)

.text           0x0000000008000110     0x9b30
                0x0000000008000110                . = ALIGN (0x4)
 *(.text)
 .text          0x0000000008000110       0x40 /usr/local/Cellar/gcc-arm-none-eabi/20180627/bin/../lib/gcc/arm-none-eabi/7.3.1/thumb/v7-m/crtbegin.o
 .text          0x0000000008000150      0x378 /usr/local/Cellar/gcc-arm-none-eabi/20180627/bin/../lib/gcc/arm-none-eabi/7.3.1/thumb/v7-m/libgcc.a(_arm_addsubdf3.o)
                0x0000000008000150                __aeabi_drsub
                0x0000000008000158                __subdf3
                0x0000000008000158                __aeabi_dsub
                0x000000000800015c                __aeabi_dadd
                0x000000000800015c                __adddf3
                0x00000000080003d4                __aeabi_ui2d
                0x00000000080003d4                __floatunsidf
                0x00000000080003f4                __floatsidf
                0x00000000080003f4                __aeabi_i2d
                0x0000000008000418                __extendsfdf2
                0x0000000008000418                __aeabi_f2d
                0x000000000800045c                __aeabi_ul2d
                0x000000000800045c                __floatundidf
                0x000000000800046c                __aeabi_l2d
                0x000000000800046c                __floatdidf
 .text          0x00000000080004c8      0x424 /usr/local/Cellar/gcc-arm-none-eabi/20180627/bin/../lib/gcc/arm-none-eabi/7.3.1/thumb/v7-m/libgcc.a(_arm_muldivdf3.o)
                0x00000000080004c8                __aeabi_dmul
                0x00000000080004c8                __muldf3
                0x000000000800071c                __aeabi_ddiv
                0x000000000800071c                __divdf3
 .text          0x00000000080008ec      0x110 /usr/local/Cellar/gcc-arm-none-eabi/20180627/bin/../lib/gcc/arm-none-eabi/7.3.1/thumb/v7-m/libgcc.a(_arm_cmpdf2.o)
                0x00000000080008ec                __gedf2
                0x00000000080008ec                __gtdf2
                0x00000000080008f4                __ledf2
                0x00000000080008f4                __ltdf2
                0x00000000080008fc                __cmpdf2
                0x00000000080008fc                __eqdf2
                0x00000000080008fc                __nedf2
                0x0000000008000978                __aeabi_cdrcmple
                0x0000000008000988                __aeabi_cdcmple
                0x0000000008000988                __aeabi_cdcmpeq
                0x0000000008000998                __aeabi_dcmpeq
                0x00000000080009ac                __aeabi_dcmplt
                0x00000000080009c0                __aeabi_dcmple
                0x00000000080009d4                __aeabi_dcmpge
                0x00000000080009e8                __aeabi_dcmpgt
 .text          0x00000000080009fc       0x50 /usr/local/Cellar/gcc-arm-none-eabi/20180627/bin/../lib/gcc/arm-none-eabi/7.3.1/thumb/v7-m/libgcc.a(_arm_fixdfsi.o)
                0x00000000080009fc                __fixdfsi
                0x00000000080009fc                __aeabi_d2iz
 .text          0x0000000008000a4c       0x2c /usr/local/Cellar/gcc-arm-none-eabi/20180627/bin/../lib/gcc/arm-none-eabi/7.3.1/thumb/v7-m/libgcc.a(_arm_unorddf2.o)
                0x0000000008000a4c                __aeabi_dcmpun
                0x0000000008000a4c                __unorddf2
 *(.text*)
 .text.decide_straight_duty
                0x0000000008000a78      0x29c obj/app.o
 .text.get_diff
                0x0000000008000d14       0x2e obj/app.o
 *fill*         0x0000000008000d42        0x2 
 .text.LEDSystem
                0x0000000008000d44       0x90 obj/app.o
 .text.ABSystem
                0x0000000008000dd4       0x2c obj/app.o
 .text.all_motor_stop
                0x0000000008000e00       0x24 obj/app.o
 .text.fill_array
                0x0000000008000e24       0x1e obj/app.o
 *fill*         0x0000000008000e42        0x2 
 .text.I2C_Encoder
                0x0000000008000e44      0x190 obj/app.o
 .text.first_up_mecha_move
                0x0000000008000fd4       0x74 obj/app.o
 .text.get_deg_dis
                0x0000000008001048      0x5fc obj/app.o
 *fill*         0x0000000008001644        0x4 
 .text.decide_turn_duty
                0x0000000008001648      0x4d4 obj/app.o
 .text.steering_2_init
                0x0000000008001b1c       0x34 obj/app.o
 .text.steering_1_init
                0x0000000008001b50       0x34 obj/app.o
 *fill*         0x0000000008001b84        0x4 
 .text.steering_spin_to_target
                0x0000000008001b88      0x2d8 obj/app.o
 .text.suspensionSystem
                0x0000000008001e60      0x108 obj/app.o
 .text.odmetry_position
                0x0000000008001f68      0x3b0 obj/app.o
 .text.odmetry_position_recent
                0x0000000008002318       0x7a obj/app.o
 *fill*         0x0000000008002392        0x6 
 .text.go_to_target
                0x0000000008002398      0x598 obj/app.o
 .text.appInit  0x0000000008002930        0xa obj/app.o
                0x0000000008002930                appInit
 *fill*         0x000000000800293a        0x6 
 .text.appTask  0x0000000008002940      0x6cc obj/app.o
                0x0000000008002940                appTask
 .text.assert_failed
                0x000000000800300c        0x2 obj/assert.o
                0x000000000800300c                assert_failed
 *fill*         0x000000000800300e        0x2 
 .text.reloadDefault
                0x0000000008003010       0x18 obj/constManager.o
 .text.load     0x0000000008003028       0x40 obj/constManager.o
 .text.ad_init  0x0000000008003068        0xc obj/constManager.o
                0x0000000008003068                ad_init
 .text.HAL_MspInit
                0x0000000008003074       0x7c obj/msp.o
                0x0000000008003074                HAL_MspInit
 .text.HAL_I2C_MspInit
                0x00000000080030f0      0x1a4 obj/msp.o
                0x00000000080030f0                HAL_I2C_MspInit
 .text.HAL_TIM_Encoder_MspInit
                0x0000000008003294       0x8c obj/msp.o
                0x0000000008003294                HAL_TIM_Encoder_MspInit
 .text.HAL_UART_MspInit
                0x0000000008003320      0x1fc obj/msp.o
                0x0000000008003320                HAL_UART_MspInit
 .text.NMI_Handler
                0x000000000800351c        0x2 obj/stm32f1xx_it.o
                0x000000000800351c                NMI_Handler
 .text.HardFault_Handler
                0x000000000800351e        0x2 obj/stm32f1xx_it.o
                0x000000000800351e                HardFault_Handler
 .text.MemManage_Handler
                0x0000000008003520        0x2 obj/stm32f1xx_it.o
                0x0000000008003520                MemManage_Handler
 .text.BusFault_Handler
                0x0000000008003522        0x2 obj/stm32f1xx_it.o
                0x0000000008003522                BusFault_Handler
 .text.UsageFault_Handler
                0x0000000008003524        0x2 obj/stm32f1xx_it.o
                0x0000000008003524                UsageFault_Handler
 .text.SVC_Handler
                0x0000000008003526        0x2 obj/stm32f1xx_it.o
                0x0000000008003526                SVC_Handler
 .text.DebugMon_Handler
                0x0000000008003528        0x2 obj/stm32f1xx_it.o
                0x0000000008003528                DebugMon_Handler
 .text.PendSV_Handler
                0x000000000800352a        0x2 obj/stm32f1xx_it.o
                0x000000000800352a                PendSV_Handler
 .text.SysTick_Handler
                0x000000000800352c       0x18 obj/stm32f1xx_it.o
                0x000000000800352c                SysTick_Handler
 .text.DMA1_Channel7_IRQHandler
                0x0000000008003544       0x10 obj/stm32f1xx_it.o
                0x0000000008003544                DMA1_Channel7_IRQHandler
 .text.DMA1_Channel3_IRQHandler
                0x0000000008003554       0x10 obj/stm32f1xx_it.o
                0x0000000008003554                DMA1_Channel3_IRQHandler
 .text.USART3_IRQHandler
                0x0000000008003564       0x10 obj/stm32f1xx_it.o
                0x0000000008003564                USART3_IRQHandler
 .text.USART2_IRQHandler
                0x0000000008003574       0x10 obj/stm32f1xx_it.o
                0x0000000008003574                USART2_IRQHandler
 .text.DMA1_Channel4_IRQHandler
                0x0000000008003584       0x10 obj/stm32f1xx_it.o
                0x0000000008003584                DMA1_Channel4_IRQHandler
 .text.DMA1_Channel5_IRQHandler
                0x0000000008003594       0x10 obj/stm32f1xx_it.o
                0x0000000008003594                DMA1_Channel5_IRQHandler
 .text.SystemInit
                0x00000000080035a4       0x4c obj/system_stm32f1xx.o
                0x00000000080035a4                SystemInit
 .text.HAL_InitTick
                0x00000000080035f0       0x28 obj/stm32f1xx_hal.o
                0x00000000080035f0                HAL_InitTick
 .text.HAL_Init
                0x0000000008003618       0x24 obj/stm32f1xx_hal.o
                0x0000000008003618                HAL_Init
 .text.HAL_IncTick
                0x000000000800363c       0x10 obj/stm32f1xx_hal.o
                0x000000000800363c                HAL_IncTick
 .text.HAL_GetTick
                0x000000000800364c        0xc obj/stm32f1xx_hal.o
                0x000000000800364c                HAL_GetTick
 .text.HAL_Delay
                0x0000000008003658       0x1c obj/stm32f1xx_hal.o
                0x0000000008003658                HAL_Delay
 .text.HAL_NVIC_SetPriorityGrouping
                0x0000000008003674       0x3c obj/stm32f1xx_hal_cortex.o
                0x0000000008003674                HAL_NVIC_SetPriorityGrouping
 .text.HAL_NVIC_SetPriority
                0x00000000080036b0       0x8c obj/stm32f1xx_hal_cortex.o
                0x00000000080036b0                HAL_NVIC_SetPriority
 .text.HAL_NVIC_EnableIRQ
                0x000000000800373c       0x2c obj/stm32f1xx_hal_cortex.o
                0x000000000800373c                HAL_NVIC_EnableIRQ
 .text.HAL_SYSTICK_Config
                0x0000000008003768       0x2c obj/stm32f1xx_hal_cortex.o
                0x0000000008003768                HAL_SYSTICK_Config
 .text.HAL_SYSTICK_CLKSourceConfig
                0x0000000008003794       0x3c obj/stm32f1xx_hal_cortex.o
                0x0000000008003794                HAL_SYSTICK_CLKSourceConfig
 .text.HAL_SYSTICK_Callback
                0x00000000080037d0        0x2 obj/stm32f1xx_hal_cortex.o
                0x00000000080037d0                HAL_SYSTICK_Callback
 .text.HAL_SYSTICK_IRQHandler
                0x00000000080037d2        0x8 obj/stm32f1xx_hal_cortex.o
                0x00000000080037d2                HAL_SYSTICK_IRQHandler
 .text.DMA_SetConfig
                0x00000000080037da       0x22 obj/stm32f1xx_hal_dma.o
 .text.HAL_DMA_Init
                0x00000000080037fc      0x138 obj/stm32f1xx_hal_dma.o
                0x00000000080037fc                HAL_DMA_Init
 .text.HAL_DMA_Start_IT
                0x0000000008003934       0x80 obj/stm32f1xx_hal_dma.o
                0x0000000008003934                HAL_DMA_Start_IT
 .text.HAL_DMA_IRQHandler
                0x00000000080039b4      0x270 obj/stm32f1xx_hal_dma.o
                0x00000000080039b4                HAL_DMA_IRQHandler
 .text.HAL_GPIO_Init
                0x0000000008003c24      0x318 obj/stm32f1xx_hal_gpio.o
                0x0000000008003c24                HAL_GPIO_Init
 .text.HAL_GPIO_ReadPin
                0x0000000008003f3c       0x28 obj/stm32f1xx_hal_gpio.o
                0x0000000008003f3c                HAL_GPIO_ReadPin
 .text.HAL_GPIO_WritePin
                0x0000000008003f64       0x38 obj/stm32f1xx_hal_gpio.o
                0x0000000008003f64                HAL_GPIO_WritePin
 .text.I2C_Configure_Speed
                0x0000000008003f9c       0x50 obj/stm32f1xx_hal_i2c.o
 .text.I2C_IsAcknowledgeFailed
                0x0000000008003fec       0x2a obj/stm32f1xx_hal_i2c.o
 .text.I2C_WaitOnFlagUntilTimeout
                0x0000000008004016       0xc0 obj/stm32f1xx_hal_i2c.o
 .text.I2C_WaitOnMasterAddressFlagUntilTimeout
                0x00000000080040d6       0x92 obj/stm32f1xx_hal_i2c.o
 .text.I2C_MasterRequestWrite
                0x0000000008004168       0x8c obj/stm32f1xx_hal_i2c.o
 .text.I2C_MasterRequestRead
                0x00000000080041f4       0xe8 obj/stm32f1xx_hal_i2c.o
 .text.I2C_WaitOnTXEFlagUntilTimeout
                0x00000000080042dc       0x50 obj/stm32f1xx_hal_i2c.o
 .text.I2C_WaitOnBTFFlagUntilTimeout
                0x000000000800432c       0x50 obj/stm32f1xx_hal_i2c.o
 .text.HAL_I2C_Init
                0x000000000800437c      0x188 obj/stm32f1xx_hal_i2c.o
                0x000000000800437c                HAL_I2C_Init
 .text.HAL_I2C_Master_Transmit
                0x0000000008004504      0x130 obj/stm32f1xx_hal_i2c.o
                0x0000000008004504                HAL_I2C_Master_Transmit
 .text.HAL_I2C_Master_Transmit_DMA
                0x0000000008004634       0xe0 obj/stm32f1xx_hal_i2c.o
                0x0000000008004634                HAL_I2C_Master_Transmit_DMA
 .text.HAL_I2C_Master_Receive_DMA
                0x0000000008004714       0xf8 obj/stm32f1xx_hal_i2c.o
                0x0000000008004714                HAL_I2C_Master_Receive_DMA
 .text.HAL_I2C_ErrorCallback
                0x000000000800480c        0x2 obj/stm32f1xx_hal_i2c.o
                0x000000000800480c                HAL_I2C_ErrorCallback
 .text.I2C_DMAError
                0x000000000800480e       0x2a obj/stm32f1xx_hal_i2c.o
 .text.I2C_DMAMasterTransmitCplt
                0x0000000008004838       0x54 obj/stm32f1xx_hal_i2c.o
 .text.I2C_DMAMasterReceiveCplt
                0x000000000800488c       0x4a obj/stm32f1xx_hal_i2c.o
 .text.HAL_IWDG_MspInit
                0x00000000080048d6        0x2 obj/stm32f1xx_hal_iwdg.o
                0x00000000080048d6                HAL_IWDG_MspInit
 .text.HAL_IWDG_Init
                0x00000000080048d8       0xa0 obj/stm32f1xx_hal_iwdg.o
                0x00000000080048d8                HAL_IWDG_Init
 .text.HAL_IWDG_Start
                0x0000000008004978       0x2a obj/stm32f1xx_hal_iwdg.o
                0x0000000008004978                HAL_IWDG_Start
 .text.HAL_IWDG_Refresh
                0x00000000080049a2       0x4c obj/stm32f1xx_hal_iwdg.o
                0x00000000080049a2                HAL_IWDG_Refresh
 *fill*         0x00000000080049ee        0x2 
 .text.HAL_RCC_OscConfig
                0x00000000080049f0      0x728 obj/stm32f1xx_hal_rcc.o
                0x00000000080049f0                HAL_RCC_OscConfig
 .text.HAL_RCC_GetSysClockFreq
                0x0000000008005118       0x8c obj/stm32f1xx_hal_rcc.o
                0x0000000008005118                HAL_RCC_GetSysClockFreq
 .text.HAL_RCC_ClockConfig
                0x00000000080051a4      0x2a0 obj/stm32f1xx_hal_rcc.o
                0x00000000080051a4                HAL_RCC_ClockConfig
 .text.HAL_RCC_GetHCLKFreq
                0x0000000008005444        0xc obj/stm32f1xx_hal_rcc.o
                0x0000000008005444                HAL_RCC_GetHCLKFreq
 .text.HAL_RCC_GetPCLK1Freq
                0x0000000008005450       0x2c obj/stm32f1xx_hal_rcc.o
                0x0000000008005450                HAL_RCC_GetPCLK1Freq
 .text.HAL_RCC_GetPCLK2Freq
                0x000000000800547c       0x2c obj/stm32f1xx_hal_rcc.o
                0x000000000800547c                HAL_RCC_GetPCLK2Freq
 .text.HAL_RCCEx_PeriphCLKConfig
                0x00000000080054a8      0x1a4 obj/stm32f1xx_hal_rcc_ex.o
                0x00000000080054a8                HAL_RCCEx_PeriphCLKConfig
 .text.HAL_TIM_Base_Start
                0x000000000800564c       0x50 obj/stm32f1xx_hal_tim.o
                0x000000000800564c                HAL_TIM_Base_Start
 .text.HAL_TIM_PeriodElapsedCallback
                0x000000000800569c        0x2 obj/stm32f1xx_hal_tim.o
                0x000000000800569c                HAL_TIM_PeriodElapsedCallback
 .text.HAL_TIM_OC_DelayElapsedCallback
                0x000000000800569e        0x2 obj/stm32f1xx_hal_tim.o
                0x000000000800569e                HAL_TIM_OC_DelayElapsedCallback
 .text.HAL_TIM_IC_CaptureCallback
                0x00000000080056a0        0x2 obj/stm32f1xx_hal_tim.o
                0x00000000080056a0                HAL_TIM_IC_CaptureCallback
 .text.HAL_TIM_PWM_PulseFinishedCallback
                0x00000000080056a2        0x2 obj/stm32f1xx_hal_tim.o
                0x00000000080056a2                HAL_TIM_PWM_PulseFinishedCallback
 .text.HAL_TIM_TriggerCallback
                0x00000000080056a4        0x2 obj/stm32f1xx_hal_tim.o
                0x00000000080056a4                HAL_TIM_TriggerCallback
 .text.HAL_TIM_IRQHandler
                0x00000000080056a6      0x17a obj/stm32f1xx_hal_tim.o
                0x00000000080056a6                HAL_TIM_IRQHandler
 .text.TIM_Base_SetConfig
                0x0000000008005820       0x6c obj/stm32f1xx_hal_tim.o
                0x0000000008005820                TIM_Base_SetConfig
 .text.HAL_TIM_Encoder_Init
                0x000000000800588c      0x194 obj/stm32f1xx_hal_tim.o
                0x000000000800588c                HAL_TIM_Encoder_Init
 .text.HAL_TIMEx_MasterConfigSynchronization
                0x0000000008005a20       0xc4 obj/stm32f1xx_hal_tim_ex.o
                0x0000000008005a20                HAL_TIMEx_MasterConfigSynchronization
 .text.HAL_TIMEx_CommutationCallback
                0x0000000008005ae4        0x2 obj/stm32f1xx_hal_tim_ex.o
                0x0000000008005ae4                HAL_TIMEx_CommutationCallback
 .text.HAL_TIMEx_BreakCallback
                0x0000000008005ae6        0x2 obj/stm32f1xx_hal_tim_ex.o
                0x0000000008005ae6                HAL_TIMEx_BreakCallback
 .text.UART_Transmit_IT
                0x0000000008005ae8       0x6c obj/stm32f1xx_hal_uart.o
 .text.UART_SetConfig
                0x0000000008005b54      0x214 obj/stm32f1xx_hal_uart.o
 .text.HAL_UART_Init
                0x0000000008005d68       0xf8 obj/stm32f1xx_hal_uart.o
                0x0000000008005d68                HAL_UART_Init
 .text.HAL_UART_Transmit_DMA
                0x0000000008005e60       0xa0 obj/stm32f1xx_hal_uart.o
                0x0000000008005e60                HAL_UART_Transmit_DMA
 .text.HAL_UART_Receive_DMA
                0x0000000008005f00       0x98 obj/stm32f1xx_hal_uart.o
                0x0000000008005f00                HAL_UART_Receive_DMA
 .text.UART_DMATransmitCplt
                0x0000000008005f98       0x30 obj/stm32f1xx_hal_uart.o
 .text.UART_EndTransmit_IT
                0x0000000008005fc8       0x2c obj/stm32f1xx_hal_uart.o
 .text.HAL_UART_TxHalfCpltCallback
                0x0000000008005ff4        0x2 obj/stm32f1xx_hal_uart.o
                0x0000000008005ff4                HAL_UART_TxHalfCpltCallback
 .text.UART_DMATxHalfCplt
                0x0000000008005ff6        0xa obj/stm32f1xx_hal_uart.o
 .text.UART_DMAReceiveCplt
                0x0000000008006000       0x3c obj/stm32f1xx_hal_uart.o
 .text.UART_Receive_IT
                0x000000000800603c       0xb6 obj/stm32f1xx_hal_uart.o
 .text.HAL_UART_RxHalfCpltCallback
                0x00000000080060f2        0x2 obj/stm32f1xx_hal_uart.o
                0x00000000080060f2                HAL_UART_RxHalfCpltCallback
 .text.UART_DMARxHalfCplt
                0x00000000080060f4        0xa obj/stm32f1xx_hal_uart.o
 .text.HAL_UART_ErrorCallback
                0x00000000080060fe        0x2 obj/stm32f1xx_hal_uart.o
                0x00000000080060fe                HAL_UART_ErrorCallback
 .text.UART_DMAError
                0x0000000008006100       0x1e obj/stm32f1xx_hal_uart.o
 .text.HAL_UART_IRQHandler
                0x000000000800611e       0xca obj/stm32f1xx_hal_uart.o
                0x000000000800611e                HAL_UART_IRQHandler
 .text.MW_EncoderInit
                0x00000000080061e8       0x70 obj/MW_ENCODER.o
                0x00000000080061e8                MW_EncoderInit
 .text.MW_GetEncoderVal
                0x0000000008006258       0x28 obj/MW_ENCODER.o
                0x0000000008006258                MW_GetEncoderVal
 .text.MW_WriteEncoderVal
                0x0000000008006280       0x28 obj/MW_ENCODER.o
                0x0000000008006280                MW_WriteEncoderVal
 .text.MW_SetGPIOPin
                0x00000000080062a8        0xc obj/MW_GPIO.o
                0x00000000080062a8                MW_SetGPIOPin
 .text.MW_SetGPIOMode
                0x00000000080062b4        0xc obj/MW_GPIO.o
                0x00000000080062b4                MW_SetGPIOMode
 .text.MW_SetGPIOPull
                0x00000000080062c0        0xc obj/MW_GPIO.o
                0x00000000080062c0                MW_SetGPIOPull
 .text.MW_SetGPIOSpeed
                0x00000000080062cc        0xc obj/MW_GPIO.o
                0x00000000080062cc                MW_SetGPIOSpeed
 .text.MW_GPIOInit
                0x00000000080062d8       0x2c obj/MW_GPIO.o
                0x00000000080062d8                MW_GPIOInit
 .text.MW_GPIOWrite
                0x0000000008006304       0x30 obj/MW_GPIO.o
                0x0000000008006304                MW_GPIOWrite
 .text.MW_GPIORead
                0x0000000008006334       0x2c obj/MW_GPIO.o
                0x0000000008006334                MW_GPIORead
 .text.MW_SetI2CClockSpeed
                0x0000000008006360       0x24 obj/MW_I2C.o
                0x0000000008006360                MW_SetI2CClockSpeed
 .text.MW_I2CInit
                0x0000000008006384       0x1c obj/MW_I2C.o
                0x0000000008006384                MW_I2CInit
 .text.MW_I2C1Transmit
                0x00000000080063a0       0x28 obj/MW_I2C.o
                0x00000000080063a0                MW_I2C1Transmit
 .text.MW_I2C2Transmit
                0x00000000080063c8       0x30 obj/MW_I2C.o
                0x00000000080063c8                MW_I2C2Transmit
 .text.MW_I2C2Receive
                0x00000000080063f8       0x30 obj/MW_I2C.o
                0x00000000080063f8                MW_I2C2Receive
 .text.MW_I2C2TransitionCompletedCallBack
                0x0000000008006428        0xc obj/MW_I2C.o
                0x0000000008006428                MW_I2C2TransitionCompletedCallBack
 .text.MW_I2C2ReceptionCompletedCallBack
                0x0000000008006434        0xc obj/MW_I2C.o
                0x0000000008006434                MW_I2C2ReceptionCompletedCallBack
 .text.MW_SetIWDGPrescaler
                0x0000000008006440        0xc obj/MW_IWDG.o
                0x0000000008006440                MW_SetIWDGPrescaler
 .text.MW_SetIWDGReload
                0x000000000800644c        0xc obj/MW_IWDG.o
                0x000000000800644c                MW_SetIWDGReload
 .text.MW_IWDGInit
                0x0000000008006458       0x1c obj/MW_IWDG.o
                0x0000000008006458                MW_IWDGInit
 .text.MW_IWDGClr
                0x0000000008006474       0x10 obj/MW_IWDG.o
                0x0000000008006474                MW_IWDGClr
 .text.TIM1_UP_IRQHandler
                0x0000000008006484       0x10 obj/MW_TIM.o
                0x0000000008006484                TIM1_UP_IRQHandler
 .text.TIM2_IRQHandler
                0x0000000008006494       0x10 obj/MW_TIM.o
                0x0000000008006494                TIM2_IRQHandler
 .text.MW_USARTSetBaudRate
                0x00000000080064a4       0x28 obj/MW_USART.o
                0x00000000080064a4                MW_USARTSetBaudRate
 .text.MW_USARTInit
                0x00000000080064cc       0x1c obj/MW_USART.o
                0x00000000080064cc                MW_USARTInit
 .text.MW_USART2Transmit
                0x00000000080064e8       0x1c obj/MW_USART.o
                0x00000000080064e8                MW_USART2Transmit
 .text.MW_USART3ReceiveMult
                0x0000000008006504       0x1c obj/MW_USART.o
                0x0000000008006504                MW_USART3ReceiveMult
 .text._xprintf
                0x0000000008006520       0x1c obj/message.o
 .text.MW_waitForMessageTransitionComplete
                0x000000000800653c       0x3c obj/message.o
                0x000000000800653c                MW_waitForMessageTransitionComplete
 .text.flush    0x0000000008006578       0x40 obj/message.o
                0x0000000008006578                flush
 .text.MW_printf
                0x00000000080065b8       0x44 obj/message.o
                0x00000000080065b8                MW_printf
 .text._msg     0x00000000080065fc       0x4c obj/message.o
                0x00000000080065fc                _msg
 .text.MW_messageTransitionCompletedCallBack
                0x0000000008006648        0xc obj/message.o
                0x0000000008006648                MW_messageTransitionCompletedCallBack
 .text.xputc    0x0000000008006654       0x38 obj/xprintf.o
                0x0000000008006654                xputc
 .text.xputs    0x000000000800668c       0x14 obj/xprintf.o
                0x000000000800668c                xputs
 .text.xvprintf
                0x00000000080066a0      0x1fa obj/xprintf.o
                0x00000000080066a0                xvprintf
 .text.DD_send2AB
                0x000000000800689a       0x20 obj/DD_AB.o
                0x000000000800689a                DD_send2AB
 *fill*         0x00000000080068ba        0x2 
 .text.DD_ABHandPrint
                0x00000000080068bc       0x14 obj/DD_AB.o
                0x00000000080068bc                DD_ABHandPrint
 .text.DD_InitEncoder1
                0x00000000080068d0        0xa obj/DD_ENCODER.o
                0x00000000080068d0                DD_InitEncoder1
 .text.DD_InitEncoder2
                0x00000000080068da        0xa obj/DD_ENCODER.o
                0x00000000080068da                DD_InitEncoder2
 .text.DD_encoder1update
                0x00000000080068e4       0x20 obj/DD_ENCODER.o
                0x00000000080068e4                DD_encoder1update
 .text.DD_encoder2update
                0x0000000008006904       0x20 obj/DD_ENCODER.o
                0x0000000008006904                DD_encoder2update
 .text.DD_encoder1Get_int32
                0x0000000008006924        0xc obj/DD_ENCODER.o
                0x0000000008006924                DD_encoder1Get_int32
 .text.DD_encoder2Get_int32
                0x0000000008006930        0xc obj/DD_ENCODER.o
                0x0000000008006930                DD_encoder2Get_int32
 .text.DD_encoder1reset
                0x000000000800693c        0xc obj/DD_ENCODER.o
                0x000000000800693c                DD_encoder1reset
 .text.DD_encoder2reset
                0x0000000008006948        0xc obj/DD_ENCODER.o
                0x0000000008006948                DD_encoder2reset
 .text.DD_encoderprint
                0x0000000008006954       0x20 obj/DD_ENCODER.o
                0x0000000008006954                DD_encoderprint
 .text.DD_I2C1Send
                0x0000000008006974       0x3c obj/DD_Gene.o
                0x0000000008006974                DD_I2C1Send
 .text.DD_I2C2Send
                0x00000000080069b0       0x5c obj/DD_Gene.o
                0x00000000080069b0                DD_I2C2Send
 .text.DD_I2C2Receive
                0x0000000008006a0c       0x5c obj/DD_Gene.o
                0x0000000008006a0c                DD_I2C2Receive
 .text.DD_doTasks
                0x0000000008006a68       0x88 obj/DD_Gene.o
                0x0000000008006a68                DD_doTasks
 .text.DD_print
                0x0000000008006af0       0x74 obj/DD_Gene.o
                0x0000000008006af0                DD_print
 .text.DD_initialize
                0x0000000008006b64       0x94 obj/DD_Gene.o
                0x0000000008006b64                DD_initialize
 .text.DD_send2LD
                0x0000000008006bf8        0xe obj/DD_LD.o
                0x0000000008006bf8                DD_send2LD
 *fill*         0x0000000008006c06        0x2 
 .text.DD_LDHandPrint
                0x0000000008006c08       0x54 obj/DD_LD.o
                0x0000000008006c08                DD_LDHandPrint
 .text.DD_send2MD
                0x0000000008006c5c       0x58 obj/DD_MD.o
                0x0000000008006c5c                DD_send2MD
 .text.DD_MDHandPrint
                0x0000000008006cb4       0x5c obj/DD_MD.o
                0x0000000008006cb4                DD_MDHandPrint
 .text.DD_RCInit
                0x0000000008006d10       0x88 obj/DD_RC.o
                0x0000000008006d10                DD_RCInit
 .text.DD_RC_element
                0x0000000008006d98       0x6c obj/DD_RC.o
                0x0000000008006d98                DD_RC_element
 .text.DD_RCTask
                0x0000000008006e04       0x48 obj/DD_RC.o
                0x0000000008006e04                DD_RCTask
 .text.DD_RCGetLX
                0x0000000008006e4c       0x22 obj/DD_RC.o
                0x0000000008006e4c                DD_RCGetLX
 .text.DD_RCGetLY
                0x0000000008006e6e       0x22 obj/DD_RC.o
                0x0000000008006e6e                DD_RCGetLY
 .text.DD_RCGetRX
                0x0000000008006e90       0x22 obj/DD_RC.o
                0x0000000008006e90                DD_RCGetRX
 .text.DD_RCGetRY
                0x0000000008006eb2       0x22 obj/DD_RC.o
                0x0000000008006eb2                DD_RCGetRY
 .text.DD_RCPrint
                0x0000000008006ed4      0x2a8 obj/DD_RC.o
                0x0000000008006ed4                DD_RCPrint
 .text.DD_SSHandPrint
                0x000000000800717c       0x78 obj/DD_SS.o
                0x000000000800717c                DD_SSHandPrint
 .text.SS_Init  0x00000000080071f4        0x4 obj/DD_SS.o
                0x00000000080071f4                SS_Init
 .text.DD_SSPutReceiveRequest
                0x00000000080071f8       0x3c obj/DD_SS.o
                0x00000000080071f8                DD_SSPutReceiveRequest
 .text.DD_SSPullReceiveRequest
                0x0000000008007234       0x38 obj/DD_SS.o
                0x0000000008007234                DD_SSPullReceiveRequest
 .text.Empty_Check
                0x000000000800726c       0x20 obj/DD_SS.o
                0x000000000800726c                Empty_Check
 .text.Read_ENCODER
                0x000000000800728c       0x12 obj/DD_SS.o
                0x000000000800728c                Read_ENCODER
 .text.Read_SRF02
                0x000000000800729e       0x12 obj/DD_SS.o
                0x000000000800729e                Read_SRF02
 .text.Read_GP2Y0A710K
                0x00000000080072b0       0x12 obj/DD_SS.o
                0x00000000080072b0                Read_GP2Y0A710K
 .text.Read_BMX055
                0x00000000080072c2       0x12 obj/DD_SS.o
                0x00000000080072c2                Read_BMX055
 .text.Write_BMX055
                0x00000000080072d4       0x12 obj/DD_SS.o
                0x00000000080072d4                Write_BMX055
 .text.Read_PHOTOARRAY
                0x00000000080072e6       0x12 obj/DD_SS.o
                0x00000000080072e6                Read_PHOTOARRAY
 .text.DD_receive2SS
                0x00000000080072f8      0x134 obj/DD_SS.o
                0x00000000080072f8                DD_receive2SS
 .text.SY_I2CConnTest
                0x000000000800742c        0x4 obj/SystemTaskManager.o
 .text.SY_clockInit
                0x0000000008007430       0xcc obj/SystemTaskManager.o
 .text.SY_GPIOInit
                0x00000000080074fc       0xd4 obj/SystemTaskManager.o
 .text.SY_init  0x00000000080075d0      0x16c obj/SystemTaskManager.o
 .text.SY_doAppTasks
                0x000000000800773c        0x8 obj/SystemTaskManager.o
 .text.SY_doDevDriverTasks
                0x0000000008007744        0x8 obj/SystemTaskManager.o
 .text.main     0x000000000800774c      0x1e0 obj/SystemTaskManager.o
                0x000000000800774c                main
 .text.SY_wait  0x000000000800792c       0x2c obj/SystemTaskManager.o
                0x000000000800792c                SY_wait
 .text.HAL_UART_RxCpltCallback
                0x0000000008007958       0x3c obj/SystemTaskManager.o
                0x0000000008007958                HAL_UART_RxCpltCallback
 .text.HAL_UART_TxCpltCallback
                0x0000000008007994        0x8 obj/SystemTaskManager.o
                0x0000000008007994                HAL_UART_TxCpltCallback
 .text.HAL_I2C_MasterTxCpltCallback
                0x000000000800799c        0xc obj/SystemTaskManager.o
                0x000000000800799c                HAL_I2C_MasterTxCpltCallback
 .text.HAL_I2C_MasterRxCpltCallback
                0x00000000080079a8        0xc obj/SystemTaskManager.o
                0x00000000080079a8                HAL_I2C_MasterRxCpltCallback
 .text.Reset_Handler
                0x00000000080079b4       0x48 obj/startup.o
                0x00000000080079b4                Reset_Handler
 .text.Default_Handler
                0x00000000080079fc        0x2 obj/startup.o
                0x00000000080079fc                USBWakeUp_IRQHandler
                0x00000000080079fc                EXTI2_IRQHandler
                0x00000000080079fc                TIM1_CC_IRQHandler
                0x00000000080079fc                PVD_IRQHandler
                0x00000000080079fc                EXTI3_IRQHandler
                0x00000000080079fc                EXTI0_IRQHandler
                0x00000000080079fc                I2C2_EV_IRQHandler
                0x00000000080079fc                ADC1_2_IRQHandler
                0x00000000080079fc                SPI1_IRQHandler
                0x00000000080079fc                TAMPER_IRQHandler
                0x00000000080079fc                RTC_IRQHandler
                0x00000000080079fc                CAN1_RX1_IRQHandler
                0x00000000080079fc                TIM4_IRQHandler
                0x00000000080079fc                I2C1_EV_IRQHandler
                0x00000000080079fc                DMA1_Channel6_IRQHandler
                0x00000000080079fc                TIM3_IRQHandler
                0x00000000080079fc                RCC_IRQHandler
                0x00000000080079fc                TIM1_TRG_COM_IRQHandler
                0x00000000080079fc                DMA1_Channel1_IRQHandler
                0x00000000080079fc                Default_Handler
                0x00000000080079fc                EXTI15_10_IRQHandler
                0x00000000080079fc                EXTI9_5_IRQHandler
                0x00000000080079fc                SPI2_IRQHandler
                0x00000000080079fc                EXTI4_IRQHandler
                0x00000000080079fc                USB_LP_CAN1_RX0_IRQHandler
                0x00000000080079fc                USB_HP_CAN1_TX_IRQHandler
                0x00000000080079fc                WWDG_IRQHandler
                0x00000000080079fc                TIM1_BRK_IRQHandler
                0x00000000080079fc                EXTI1_IRQHandler
                0x00000000080079fc                I2C2_ER_IRQHandler
                0x00000000080079fc                DMA1_Channel2_IRQHandler
                0x00000000080079fc                CAN1_SCE_IRQHandler
                0x00000000080079fc                FLASH_IRQHandler
                0x00000000080079fc                USART1_IRQHandler
                0x00000000080079fc                I2C1_ER_IRQHandler
                0x00000000080079fc                RTC_Alarm_IRQHandler
 *fill*         0x00000000080079fe        0x2 
 .text.atan     0x0000000008007a00      0x31c /usr/local/Cellar/gcc-arm-none-eabi/20180627/bin/../lib/gcc/arm-none-eabi/7.3.1/../../../../arm-none-eabi/lib/thumb/v7-m/libm.a(lib_a-s_atan.o)
                0x0000000008007a00                atan
 .text.cos      0x0000000008007d1c       0x90 /usr/local/Cellar/gcc-arm-none-eabi/20180627/bin/../lib/gcc/arm-none-eabi/7.3.1/../../../../arm-none-eabi/lib/thumb/v7-m/libm.a(lib_a-s_cos.o)
                0x0000000008007d1c                cos
 .text.fabs     0x0000000008007dac        0x8 /usr/local/Cellar/gcc-arm-none-eabi/20180627/bin/../lib/gcc/arm-none-eabi/7.3.1/../../../../arm-none-eabi/lib/thumb/v7-m/libm.a(lib_a-s_fabs.o)
                0x0000000008007dac                fabs
 .text.round    0x0000000008007db4       0x9c /usr/local/Cellar/gcc-arm-none-eabi/20180627/bin/../lib/gcc/arm-none-eabi/7.3.1/../../../../arm-none-eabi/lib/thumb/v7-m/libm.a(lib_a-s_round.o)
                0x0000000008007db4                round
 .text.sin      0x0000000008007e50       0x90 /usr/local/Cellar/gcc-arm-none-eabi/20180627/bin/../lib/gcc/arm-none-eabi/7.3.1/../../../../arm-none-eabi/lib/thumb/v7-m/libm.a(lib_a-s_sin.o)
                0x0000000008007e50                sin
 .text.acos     0x0000000008007ee0       0xa4 /usr/local/Cellar/gcc-arm-none-eabi/20180627/bin/../lib/gcc/arm-none-eabi/7.3.1/../../../../arm-none-eabi/lib/thumb/v7-m/libm.a(lib_a-w_acos.o)
                0x0000000008007ee0                acos
 .text.fmod     0x0000000008007f84       0xc0 /usr/local/Cellar/gcc-arm-none-eabi/20180627/bin/../lib/gcc/arm-none-eabi/7.3.1/../../../../arm-none-eabi/lib/thumb/v7-m/libm.a(lib_a-w_fmod.o)
                0x0000000008007f84                fmod
 .text.sqrt     0x0000000008008044       0xbc /usr/local/Cellar/gcc-arm-none-eabi/20180627/bin/../lib/gcc/arm-none-eabi/7.3.1/../../../../arm-none-eabi/lib/thumb/v7-m/libm.a(lib_a-w_sqrt.o)
                0x0000000008008044                sqrt
 .text.__ieee754_acos
                0x0000000008008100      0x4a8 /usr/local/Cellar/gcc-arm-none-eabi/20180627/bin/../lib/gcc/arm-none-eabi/7.3.1/../../../../arm-none-eabi/lib/thumb/v7-m/libm.a(lib_a-e_acos.o)
                0x0000000008008100                __ieee754_acos
 .text.__ieee754_fmod
                0x00000000080085a8      0x23c /usr/local/Cellar/gcc-arm-none-eabi/20180627/bin/../lib/gcc/arm-none-eabi/7.3.1/../../../../arm-none-eabi/lib/thumb/v7-m/libm.a(lib_a-e_fmod.o)
                0x00000000080085a8                __ieee754_fmod
 *fill*         0x00000000080087e4        0x4 
 .text.__ieee754_rem_pio2
                0x00000000080087e8      0x43c /usr/local/Cellar/gcc-arm-none-eabi/20180627/bin/../lib/gcc/arm-none-eabi/7.3.1/../../../../arm-none-eabi/lib/thumb/v7-m/libm.a(lib_a-e_rem_pio2.o)
                0x00000000080087e8                __ieee754_rem_pio2
 .text.__ieee754_sqrt
                0x0000000008008c24      0x184 /usr/local/Cellar/gcc-arm-none-eabi/20180627/bin/../lib/gcc/arm-none-eabi/7.3.1/../../../../arm-none-eabi/lib/thumb/v7-m/libm.a(lib_a-e_sqrt.o)
                0x0000000008008c24                __ieee754_sqrt
 .text.__kernel_cos
                0x0000000008008da8      0x248 /usr/local/Cellar/gcc-arm-none-eabi/20180627/bin/../lib/gcc/arm-none-eabi/7.3.1/../../../../arm-none-eabi/lib/thumb/v7-m/libm.a(lib_a-k_cos.o)
                0x0000000008008da8                __kernel_cos
 .text.__kernel_rem_pio2
                0x0000000008008ff0      0x850 /usr/local/Cellar/gcc-arm-none-eabi/20180627/bin/../lib/gcc/arm-none-eabi/7.3.1/../../../../arm-none-eabi/lib/thumb/v7-m/libm.a(lib_a-k_rem_pio2.o)
                0x0000000008008ff0                __kernel_rem_pio2
 .text.__kernel_sin
                0x0000000008009840      0x16c /usr/local/Cellar/gcc-arm-none-eabi/20180627/bin/../lib/gcc/arm-none-eabi/7.3.1/../../../../arm-none-eabi/lib/thumb/v7-m/libm.a(lib_a-k_sin.o)
                0x0000000008009840                __kernel_sin
 *fill*         0x00000000080099ac        0x4 
 .text.floor    0x00000000080099b0      0x108 /usr/local/Cellar/gcc-arm-none-eabi/20180627/bin/../lib/gcc/arm-none-eabi/7.3.1/../../../../arm-none-eabi/lib/thumb/v7-m/libm.a(lib_a-s_floor.o)
                0x00000000080099b0                floor
 .text.matherr  0x0000000008009ab8        0x4 /usr/local/Cellar/gcc-arm-none-eabi/20180627/bin/../lib/gcc/arm-none-eabi/7.3.1/../../../../arm-none-eabi/lib/thumb/v7-m/libm.a(lib_a-s_matherr.o)
                0x0000000008009ab8                matherr
 .text.nan      0x0000000008009abc        0xc /usr/local/Cellar/gcc-arm-none-eabi/20180627/bin/../lib/gcc/arm-none-eabi/7.3.1/../../../../arm-none-eabi/lib/thumb/v7-m/libm.a(lib_a-s_nan.o)
                0x0000000008009abc                nan
 .text.scalbn   0x0000000008009ac8       0xe4 /usr/local/Cellar/gcc-arm-none-eabi/20180627/bin/../lib/gcc/arm-none-eabi/7.3.1/../../../../arm-none-eabi/lib/thumb/v7-m/libm.a(lib_a-s_scalbn.o)
                0x0000000008009ac8                scalbn
 .text.copysign
                0x0000000008009bac       0x10 /usr/local/Cellar/gcc-arm-none-eabi/20180627/bin/../lib/gcc/arm-none-eabi/7.3.1/../../../../arm-none-eabi/lib/thumb/v7-m/libm.a(lib_a-s_copysign.o)
                0x0000000008009bac                copysign
 .text.__errno  0x0000000008009bbc        0xc /usr/local/Cellar/gcc-arm-none-eabi/20180627/bin/../lib/gcc/arm-none-eabi/7.3.1/../../../../arm-none-eabi/lib/thumb/v7-m/libc_nano.a(lib_a-errno.o)
                0x0000000008009bbc                __errno
 .text.__libc_init_array
                0x0000000008009bc8       0x48 /usr/local/Cellar/gcc-arm-none-eabi/20180627/bin/../lib/gcc/arm-none-eabi/7.3.1/../../../../arm-none-eabi/lib/thumb/v7-m/libc_nano.a(lib_a-init.o)
                0x0000000008009bc8                __libc_init_array
 .text.memcpy   0x0000000008009c10       0x16 /usr/local/Cellar/gcc-arm-none-eabi/20180627/bin/../lib/gcc/arm-none-eabi/7.3.1/../../../../arm-none-eabi/lib/thumb/v7-m/libc_nano.a(lib_a-memcpy-stub.o)
                0x0000000008009c10                memcpy
 *(.glue_7)
 .glue_7        0x0000000008009c26        0x0 linker stubs
 *(.glue_7t)
 .glue_7t       0x0000000008009c26        0x0 linker stubs
 *(.eh_frame)
 *fill*         0x0000000008009c26        0x2 
 .eh_frame      0x0000000008009c28        0x0 /usr/local/Cellar/gcc-arm-none-eabi/20180627/bin/../lib/gcc/arm-none-eabi/7.3.1/thumb/v7-m/crtbegin.o
 *(.init)
 .init          0x0000000008009c28        0x4 /usr/local/Cellar/gcc-arm-none-eabi/20180627/bin/../lib/gcc/arm-none-eabi/7.3.1/thumb/v7-m/crti.o
                0x0000000008009c28                _init
 .init          0x0000000008009c2c        0x8 /usr/local/Cellar/gcc-arm-none-eabi/20180627/bin/../lib/gcc/arm-none-eabi/7.3.1/thumb/v7-m/crtn.o
 *(.fini)
 .fini          0x0000000008009c34        0x4 /usr/local/Cellar/gcc-arm-none-eabi/20180627/bin/../lib/gcc/arm-none-eabi/7.3.1/thumb/v7-m/crti.o
                0x0000000008009c34                _fini
 .fini          0x0000000008009c38        0x8 /usr/local/Cellar/gcc-arm-none-eabi/20180627/bin/../lib/gcc/arm-none-eabi/7.3.1/thumb/v7-m/crtn.o
                0x0000000008009c40                . = ALIGN (0x4)
                0x0000000008009c40                _etext = .

.vfp11_veneer   0x0000000008009c40        0x0
 .vfp11_veneer  0x0000000008009c40        0x0 linker stubs

.v4_bx          0x0000000008009c40        0x0
 .v4_bx         0x0000000008009c40        0x0 linker stubs

.iplt           0x0000000008009c40        0x0
 .iplt          0x0000000008009c40        0x0 /usr/local/Cellar/gcc-arm-none-eabi/20180627/bin/../lib/gcc/arm-none-eabi/7.3.1/thumb/v7-m/crtbegin.o

.rodata         0x0000000008009c40      0xf78
                0x0000000008009c40                . = ALIGN (0x4)
 *(.rodata)
 .rodata        0x0000000008009c40       0xd8 obj/app.o
 .rodata        0x0000000008009d18       0x12 obj/stm32f1xx_hal_rcc.o
 *(.rodata*)
 *fill*         0x0000000008009d2a        0x2 
 .rodata.I2C_Encoder.str1.4
                0x0000000008009d2c       0x2d obj/app.o
 *fill*         0x0000000008009d59        0x3 
 .rodata.appTask.str1.4
                0x0000000008009d5c       0xb0 obj/app.o
 .rodata.decide_turn_duty.str1.4
                0x0000000008009e0c       0x1d obj/app.o
 *fill*         0x0000000008009e29        0x3 
 .rodata.moving_situation_name
                0x0000000008009e2c       0x18 obj/app.o
 .rodata.odmetry_position.str1.4
                0x0000000008009e44       0x2c obj/app.o
 .rodata.steering_spin_to_target.str1.4
                0x0000000008009e70       0x38 obj/app.o
 .rodata.str1.4
                0x0000000008009ea8       0xa4 obj/app.o
 .rodata.testmode_name
                0x0000000008009f4c       0x10 obj/app.o
 .rodata.defaultad
                0x0000000008009f5c      0x144 obj/constManager.o
 .rodata.AHBPrescTable
                0x000000000800a0a0       0x10 obj/system_stm32f1xx.o
                0x000000000800a0a0                AHBPrescTable
 .rodata.APBPrescTable
                0x000000000800a0b0        0x8 obj/system_stm32f1xx.o
                0x000000000800a0b0                APBPrescTable
 .rodata.HAL_NVIC_SetPriorityGrouping.str1.4
                0x000000000800a0b8       0x38 obj/stm32f1xx_hal_cortex.o
 .rodata.HAL_DMA_Init.str1.4
                0x000000000800a0f0       0x35 obj/stm32f1xx_hal_dma.o
 *fill*         0x000000000800a125        0x3 
 .rodata.HAL_GPIO_Init.str1.4
                0x000000000800a128       0x36 obj/stm32f1xx_hal_gpio.o
 *fill*         0x000000000800a15e        0x2 
 .rodata.HAL_I2C_Init.str1.4
                0x000000000800a160       0x35 obj/stm32f1xx_hal_i2c.o
 *fill*         0x000000000800a195        0x3 
 .rodata.HAL_IWDG_Init.str1.4
                0x000000000800a198       0x36 obj/stm32f1xx_hal_iwdg.o
 *fill*         0x000000000800a1ce        0x2 
 .rodata.HAL_RCC_OscConfig.str1.4
                0x000000000800a1d0       0x35 obj/stm32f1xx_hal_rcc.o
 *fill*         0x000000000800a205        0x3 
 .rodata.HAL_RCCEx_PeriphCLKConfig.str1.4
                0x000000000800a208       0x38 obj/stm32f1xx_hal_rcc_ex.o
 .rodata.TIM_OC1_SetConfig.str1.4
                0x000000000800a240       0x35 obj/stm32f1xx_hal_tim.o
 *fill*         0x000000000800a275        0x3 
 .rodata.HAL_TIMEx_HallSensor_Init.str1.4
                0x000000000800a278       0x38 obj/stm32f1xx_hal_tim_ex.o
 .rodata.UART_SetConfig.str1.4
                0x000000000800a2b0       0x36 obj/stm32f1xx_hal_uart.o
 *fill*         0x000000000800a2e6        0x2 
 .rodata.MW_EncoderInit.str1.4
                0x000000000800a2e8       0x2e obj/MW_ENCODER.o
 *fill*         0x000000000800a316        0x2 
 .rodata.encoderid
                0x000000000800a318        0x8 obj/MW_ENCODER.o
 .rodata.MW_GPIOInit.str1.4
                0x000000000800a320       0x28 obj/MW_GPIO.o
 .rodata.gpioid
                0x000000000800a348       0x10 obj/MW_GPIO.o
 .rodata.MW_SetI2CClockSpeed.str1.4
                0x000000000800a358       0x26 obj/MW_I2C.o
 *fill*         0x000000000800a37e        0x2 
 .rodata.i2cid  0x000000000800a380        0x8 obj/MW_I2C.o
 .rodata.MW_USARTSetBaudRate.str1.4
                0x000000000800a388       0x29 obj/MW_USART.o
 *fill*         0x000000000800a3b1        0x3 
 .rodata.uartid
                0x000000000800a3b4        0xc obj/MW_USART.o
 .rodata._msg.str1.4
                0x000000000800a3c0       0x10 obj/message.o
                                         0x12 (size before relaxing)
 .rodata.DD_ABHandPrint.str1.4
                0x000000000800a3d0       0x10 obj/DD_AB.o
 .rodata.DD_encoderprint.str1.4
                0x000000000800a3e0        0xf obj/DD_ENCODER.o
 *fill*         0x000000000800a3ef        0x1 
 .rodata.DD_I2C1Send.str1.4
                0x000000000800a3f0       0x3c obj/DD_Gene.o
 .rodata.DD_I2C2Receive.str1.4
                0x000000000800a42c       0x57 obj/DD_Gene.o
 *fill*         0x000000000800a483        0x1 
 .rodata.DD_I2C2Send.str1.4
                0x000000000800a484       0x5d obj/DD_Gene.o
 *fill*         0x000000000800a4e1        0x3 
 .rodata.DD_initialize.str1.4
                0x000000000800a4e4       0x40 obj/DD_Gene.o
 .rodata.__FUNCTION__.8049
                0x000000000800a524        0xc obj/DD_Gene.o
 .rodata.__FUNCTION__.8056
                0x000000000800a530        0xc obj/DD_Gene.o
 .rodata.__FUNCTION__.8070
                0x000000000800a53c        0xf obj/DD_Gene.o
 *fill*         0x000000000800a54b        0x1 
 .rodata.__FUNCTION__.8109
                0x000000000800a54c        0xe obj/DD_Gene.o
 *fill*         0x000000000800a55a        0x2 
 .rodata.DD_LDHandPrint.str1.4
                0x000000000800a55c       0x30 obj/DD_LD.o
 .rodata.blink_mode
                0x000000000800a58c       0x58 obj/DD_LD.o
 .rodata.str1.4
                0x000000000800a5e4      0x102 obj/DD_LD.o
 *fill*         0x000000000800a6e6        0x2 
 .rodata.DD_MDHandPrint.str1.4
                0x000000000800a6e8       0x25 obj/DD_MD.o
 *fill*         0x000000000800a70d        0x3 
 .rodata.DD_send2MD.str1.4
                0x000000000800a710       0x17 obj/DD_MD.o
                                         0x1c (size before relaxing)
 *fill*         0x000000000800a727        0x1 
 .rodata.__FUNCTION__.8013
                0x000000000800a728        0xb obj/DD_MD.o
 *fill*         0x000000000800a733        0x1 
 .rodata.DD_RCInit.str1.4
                0x000000000800a734        0x3 obj/DD_RC.o
                                          0xb (size before relaxing)
 *fill*         0x000000000800a737        0x1 
 .rodata.DD_RCPrint.str1.4
                0x000000000800a738       0x99 obj/DD_RC.o
                                         0x9d (size before relaxing)
 *fill*         0x000000000800a7d1        0x3 
 .rodata.DD_SSHandPrint.str1.4
                0x000000000800a7d4       0x27 obj/DD_SS.o
                                         0x2a (size before relaxing)
 *fill*         0x000000000800a7fb        0x1 
 .rodata.HAL_UART_RxCpltCallback.str1.4
                0x000000000800a7fc        0x7 obj/SystemTaskManager.o
 *fill*         0x000000000800a803        0x1 
 .rodata.SY_clockInit.str1.4
                0x000000000800a804       0x3e obj/SystemTaskManager.o
                                         0x42 (size before relaxing)
 *fill*         0x000000000800a842        0x2 
 .rodata.SY_init.str1.4
                0x000000000800a844       0x75 obj/SystemTaskManager.o
 *fill*         0x000000000800a8b9        0x3 
 .rodata.__FUNCTION__.8148
                0x000000000800a8bc        0x5 obj/SystemTaskManager.o
 *fill*         0x000000000800a8c1        0x3 
 .rodata.__FUNCTION__.8197
                0x000000000800a8c4        0x8 obj/SystemTaskManager.o
 .rodata.__FUNCTION__.8222
                0x000000000800a8cc        0xd obj/SystemTaskManager.o
 *fill*         0x000000000800a8d9        0x3 
 .rodata.__FUNCTION__.8233
                0x000000000800a8dc       0x18 obj/SystemTaskManager.o
 .rodata.main.str1.4
                0x000000000800a8f4       0x7d obj/SystemTaskManager.o
                                         0x85 (size before relaxing)
 *fill*         0x000000000800a971        0x7 
 .rodata.atanhi
                0x000000000800a978       0x20 /usr/local/Cellar/gcc-arm-none-eabi/20180627/bin/../lib/gcc/arm-none-eabi/7.3.1/../../../../arm-none-eabi/lib/thumb/v7-m/libm.a(lib_a-s_atan.o)
 .rodata.atanlo
                0x000000000800a998       0x20 /usr/local/Cellar/gcc-arm-none-eabi/20180627/bin/../lib/gcc/arm-none-eabi/7.3.1/../../../../arm-none-eabi/lib/thumb/v7-m/libm.a(lib_a-s_atan.o)
 .rodata.acos.str1.4
                0x000000000800a9b8        0x5 /usr/local/Cellar/gcc-arm-none-eabi/20180627/bin/../lib/gcc/arm-none-eabi/7.3.1/../../../../arm-none-eabi/lib/thumb/v7-m/libm.a(lib_a-w_acos.o)
                                          0x9 (size before relaxing)
 *fill*         0x000000000800a9bd        0x3 
 .rodata.fmod.str1.4
                0x000000000800a9c0        0x5 /usr/local/Cellar/gcc-arm-none-eabi/20180627/bin/../lib/gcc/arm-none-eabi/7.3.1/../../../../arm-none-eabi/lib/thumb/v7-m/libm.a(lib_a-w_fmod.o)
 *fill*         0x000000000800a9c5        0x3 
 .rodata.sqrt.str1.4
                0x000000000800a9c8        0x8 /usr/local/Cellar/gcc-arm-none-eabi/20180627/bin/../lib/gcc/arm-none-eabi/7.3.1/../../../../arm-none-eabi/lib/thumb/v7-m/libm.a(lib_a-w_sqrt.o)
                                          0x5 (size before relaxing)
 .rodata.Zero   0x000000000800a9d0       0x10 /usr/local/Cellar/gcc-arm-none-eabi/20180627/bin/../lib/gcc/arm-none-eabi/7.3.1/../../../../arm-none-eabi/lib/thumb/v7-m/libm.a(lib_a-e_fmod.o)
 .rodata.npio2_hw
                0x000000000800a9e0       0x80 /usr/local/Cellar/gcc-arm-none-eabi/20180627/bin/../lib/gcc/arm-none-eabi/7.3.1/../../../../arm-none-eabi/lib/thumb/v7-m/libm.a(lib_a-e_rem_pio2.o)
 .rodata.two_over_pi
                0x000000000800aa60      0x108 /usr/local/Cellar/gcc-arm-none-eabi/20180627/bin/../lib/gcc/arm-none-eabi/7.3.1/../../../../arm-none-eabi/lib/thumb/v7-m/libm.a(lib_a-e_rem_pio2.o)
 .rodata.PIo2   0x000000000800ab68       0x40 /usr/local/Cellar/gcc-arm-none-eabi/20180627/bin/../lib/gcc/arm-none-eabi/7.3.1/../../../../arm-none-eabi/lib/thumb/v7-m/libm.a(lib_a-k_rem_pio2.o)
 .rodata.init_jk
                0x000000000800aba8       0x10 /usr/local/Cellar/gcc-arm-none-eabi/20180627/bin/../lib/gcc/arm-none-eabi/7.3.1/../../../../arm-none-eabi/lib/thumb/v7-m/libm.a(lib_a-k_rem_pio2.o)
                0x000000000800abb8                . = ALIGN (0x4)

.rel.dyn        0x000000000800abb8        0x0
 .rel.iplt      0x000000000800abb8        0x0 /usr/local/Cellar/gcc-arm-none-eabi/20180627/bin/../lib/gcc/arm-none-eabi/7.3.1/thumb/v7-m/crtbegin.o

.ARM.extab
 *(.ARM.extab* .gnu.linkonce.armextab.*)

.ARM            0x000000000800abb8        0x0
                0x000000000800abb8                __exidx_start = .
 *(.ARM.exidx*)
                0x000000000800abb8                __exidx_end = .

.preinit_array  0x000000000800abb8        0x0
                0x000000000800abb8                PROVIDE (__preinit_array_start = .)
 *(.preinit_array*)
                0x000000000800abb8                PROVIDE (__preinit_array_end = .)

.init_array     0x000000000800abb8        0x4
                0x000000000800abb8                PROVIDE (__init_array_start = .)
 *(SORT_BY_NAME(.init_array.*))
 *(.init_array*)
 .init_array    0x000000000800abb8        0x4 /usr/local/Cellar/gcc-arm-none-eabi/20180627/bin/../lib/gcc/arm-none-eabi/7.3.1/thumb/v7-m/crtbegin.o
                0x000000000800abbc                PROVIDE (__init_array_end = .)

.fini_array     0x000000000800abbc        0x4
                [!provide]                        PROVIDE (__fini_array_start = .)
 *(SORT_BY_NAME(.fini_array.*))
 *(.fini_array*)
 .fini_array    0x000000000800abbc        0x4 /usr/local/Cellar/gcc-arm-none-eabi/20180627/bin/../lib/gcc/arm-none-eabi/7.3.1/thumb/v7-m/crtbegin.o
                [!provide]                        PROVIDE (__fini_array_end = .)
                0x000000000800abc0                _sidata = LOADADDR (.data)

.data           0x0000000020000000      0x2f0 load address 0x000000000800abc0
                0x0000000020000000                . = ALIGN (0x4)
                0x0000000020000000                _sdata = .
 *(.data)
 *(.data*)
 .data.c_up_flag.8958
                0x0000000020000000        0x1 obj/app.o
 *fill*         0x0000000020000001        0x3 
 .data.color_num.8957
                0x0000000020000004        0x4 obj/app.o
 .data.first_flag.8834
                0x0000000020000008        0x1 obj/app.o
 .data.now_mode.8699
                0x0000000020000009        0x1 obj/app.o
 .data.now_moving_situation.8714
                0x000000002000000a        0x1 obj/app.o
 *fill*         0x000000002000000b        0x1 
 .data.editlist
                0x000000002000000c       0x24 obj/constManager.o
                0x000000002000000c                editlist
 .data.g_ab_h   0x0000000020000030        0x2 obj/deviceDefinition.o
                0x0000000020000030                g_ab_h
 *fill*         0x0000000020000032        0x2 
 .data.g_ld_h   0x0000000020000034        0x9 obj/deviceDefinition.o
                0x0000000020000034                g_ld_h
 *fill*         0x000000002000003d        0x3 
 .data.g_md_h   0x0000000020000040       0x24 obj/deviceDefinition.o
                0x0000000020000040                g_md_h
 .data.g_ss_h   0x0000000020000064       0x16 obj/deviceDefinition.o
                0x0000000020000064                g_ss_h
 *fill*         0x000000002000007a        0x2 
 .data.SystemCoreClock
                0x000000002000007c        0x4 obj/system_stm32f1xx.o
                0x000000002000007c                SystemCoreClock
 .data.htim3    0x0000000020000080       0x3c obj/MW_ENCODER.o
 .data.htim4    0x00000000200000bc       0x3c obj/MW_ENCODER.o
 .data.had_completed_rx
                0x00000000200000f8        0x1 obj/MW_I2C.o
 .data.had_completed_tx
                0x00000000200000f9        0x1 obj/MW_I2C.o
 *fill*         0x00000000200000fa        0x2 
 .data.hi2c1    0x00000000200000fc       0x3c obj/MW_I2C.o
 .data.hi2c2    0x0000000020000138       0x3c obj/MW_I2C.o
                0x0000000020000138                hi2c2
 .data.hiwdg    0x0000000020000174       0x10 obj/MW_IWDG.o
 .data.htim1    0x0000000020000184       0x3c obj/MW_TIM.o
 .data.huart1   0x00000000200001c0       0x40 obj/MW_USART.o
                0x00000000200001c0                huart1
 .data.huart2   0x0000000020000200       0x40 obj/MW_USART.o
                0x0000000020000200                huart2
 .data.huart3   0x0000000020000240       0x40 obj/MW_USART.o
                0x0000000020000240                huart3
 .data.had_completed
                0x0000000020000280        0x1 obj/message.o
 .data.had_completed_rx
                0x0000000020000281        0x1 obj/DD_Gene.o
 .data.had_completed_tx
                0x0000000020000282        0x1 obj/DD_Gene.o
 *fill*         0x0000000020000283        0x1 
 .data.is_not_avaiable
                0x0000000020000284        0x4 obj/DD_RC.o
 .data.__fdlib_version
                0x0000000020000288        0x1 /usr/local/Cellar/gcc-arm-none-eabi/20180627/bin/../lib/gcc/arm-none-eabi/7.3.1/../../../../arm-none-eabi/lib/thumb/v7-m/libm.a(lib_a-s_lib_ver.o)
                0x0000000020000288                __fdlib_version
 *fill*         0x0000000020000289        0x3 
 .data._impure_ptr
                0x000000002000028c        0x4 /usr/local/Cellar/gcc-arm-none-eabi/20180627/bin/../lib/gcc/arm-none-eabi/7.3.1/../../../../arm-none-eabi/lib/thumb/v7-m/libc_nano.a(lib_a-impure.o)
                0x000000002000028c                _impure_ptr
 .data.impure_data
                0x0000000020000290       0x60 /usr/local/Cellar/gcc-arm-none-eabi/20180627/bin/../lib/gcc/arm-none-eabi/7.3.1/../../../../arm-none-eabi/lib/thumb/v7-m/libc_nano.a(lib_a-impure.o)
                0x00000000200002f0                . = ALIGN (0x4)
                0x00000000200002f0                _edata = .

.igot.plt       0x00000000200002f0        0x0 load address 0x000000000800aeb0
 .igot.plt      0x00000000200002f0        0x0 /usr/local/Cellar/gcc-arm-none-eabi/20180627/bin/../lib/gcc/arm-none-eabi/7.3.1/thumb/v7-m/crtbegin.o
                0x00000000200002f0                . = ALIGN (0x4)

.bss            0x00000000200002f0      0xc9c load address 0x000000000800aeb0
                0x00000000200002f0                _sbss = .
                0x00000000200002f0                __bss_start__ = _sbss
 *(.bss)
 .bss           0x00000000200002f0       0x1c /usr/local/Cellar/gcc-arm-none-eabi/20180627/bin/../lib/gcc/arm-none-eabi/7.3.1/thumb/v7-m/crtbegin.o
 *(.bss*)
 .bss.adjust.9091
                0x000000002000030c       0x10 obj/app.o
 *fill*         0x000000002000031c        0x4 
 .bss.cal_matrix.9009
                0x0000000020000320       0x60 obj/app.o
 .bss.circle_flag.8700
                0x0000000020000380        0x1 obj/app.o
 .bss.encoder1_reset.8695
                0x0000000020000381        0x1 obj/app.o
 .bss.encoder2_reset.8696
                0x0000000020000382        0x1 obj/app.o
 *fill*         0x0000000020000383        0x5 
 .bss.first_distance.8833
                0x0000000020000388        0x8 obj/app.o
 .bss.first_flag.8751
                0x0000000020000390        0x4 obj/app.o
 .bss.left_flag.8707
                0x0000000020000394        0x1 obj/app.o
 .bss.matrix_init.9006
                0x0000000020000395        0x1 obj/app.o
 *fill*         0x0000000020000396        0x2 
 .bss.message_count.9093
                0x0000000020000398        0x4 obj/app.o
 .bss.mode.8741
                0x000000002000039c        0x1 obj/app.o
 *fill*         0x000000002000039d        0x3 
 .bss.motor_set.8917
                0x00000000200003a0        0x2 obj/app.o
 *fill*         0x00000000200003a2        0x2 
 .bss.moving_count.8717
                0x00000000200003a4        0x4 obj/app.o
 .bss.mun_sus_recent_target.8694
                0x00000000200003a8        0x4 obj/app.o
 .bss.over_shoot.8752
                0x00000000200003ac        0x1 obj/app.o
 *fill*         0x00000000200003ad        0x3 
 .bss.over_shoot_mode.8742
                0x00000000200003b0        0x4 obj/app.o
 .bss.over_shoot_situation.8740
                0x00000000200003b4        0x1 obj/app.o
 *fill*         0x00000000200003b5        0x3 
 .bss.position.8697
                0x00000000200003b8       0x18 obj/app.o
 .bss.position.8750
                0x00000000200003d0      0x1e0 obj/app.o
 .bss.position.9048
                0x00000000200005b0        0x1 obj/app.o
 *fill*         0x00000000200005b1        0x7 
 .bss.recent_position.8698
                0x00000000200005b8      0x1e0 obj/app.o
 .bss.recent_position.9010
                0x0000000020000798       0x18 obj/app.o
 .bss.recent_value.9092
                0x00000000200007b0       0x10 obj/app.o
 .bss.recent_zahyou_1.8748
                0x00000000200007c0       0x10 obj/app.o
 .bss.recent_zahyou_1.8831
                0x00000000200007d0       0x10 obj/app.o
 .bss.recent_zahyou_2.8749
                0x00000000200007e0       0x10 obj/app.o
 .bss.recent_zahyou_2.8832
                0x00000000200007f0       0x10 obj/app.o
 .bss.right_flag.8706
                0x0000000020000800        0x1 obj/app.o
 .bss.situation.8739
                0x0000000020000801        0x1 obj/app.o
 *fill*         0x0000000020000802        0x2 
 .bss.steering_situation.8738
                0x0000000020000804        0x2 obj/app.o
 *fill*         0x0000000020000806        0x2 
 .bss.target_zahyou_1.8712
                0x0000000020000808       0x10 obj/app.o
 .bss.target_zahyou_2.8713
                0x0000000020000818       0x10 obj/app.o
 .bss.test_flag.8692
                0x0000000020000828        0x1 obj/app.o
 *fill*         0x0000000020000829        0x3 
 .bss.g_adjust  0x000000002000082c      0x144 obj/constManager.o
                0x000000002000082c                g_adjust
 .bss.g_c_data  0x0000000020000970       0x48 obj/constManager.o
                0x0000000020000970                g_c_data
 .bss.hdma_irx.7389
                0x00000000200009b8       0x38 obj/msp.o
 .bss.hdma_itx.7388
                0x00000000200009f0       0x38 obj/msp.o
 .bss.hdma_rx.7431
                0x0000000020000a28       0x38 obj/msp.o
 .bss.hdma_tx.7427
                0x0000000020000a60       0x38 obj/msp.o
 .bss.uwTick    0x0000000020000a98        0x4 obj/stm32f1xx_hal.o
 .bss.GPIO_InitStruct
                0x0000000020000a9c       0x10 obj/MW_GPIO.o
 .bss.buff      0x0000000020000aac      0x400 obj/message.o
 .bss.outptr    0x0000000020000eac        0x4 obj/xprintf.o
                0x0000000020000eac                outptr
 .bss.xfunc_out
                0x0000000020000eb0        0x4 obj/xprintf.o
                0x0000000020000eb0                xfunc_out
 .bss.encval1   0x0000000020000eb4        0x4 obj/DD_ENCODER.o
 .bss.encval2   0x0000000020000eb8        0x4 obj/DD_ENCODER.o
 .bss.ip        0x0000000020000ebc        0x4 obj/DD_RC.o
 .bss.rcv_data  0x0000000020000ec0        0x8 obj/DD_RC.o
 .bss.ReadPoint
                0x0000000020000ec8        0x4 obj/DD_SS.o
 .bss.RingBuf   0x0000000020000ecc       0x80 obj/DD_SS.o
 .bss.WritePoint
                0x0000000020000f4c        0x4 obj/DD_SS.o
 .bss.encoder_wait
                0x0000000020000f50       0x20 obj/DD_SS.o
 .bss.phase     0x0000000020000f70        0x1 obj/DD_SS.o
 .bss.temp_data
                0x0000000020000f71        0x1 obj/DD_SS.o
 *fill*         0x0000000020000f72        0x2 
 .bss.count_for_rc
                0x0000000020000f74        0x4 obj/SystemTaskManager.o
 .bss.g_SY_system_counter
                0x0000000020000f78        0x4 obj/SystemTaskManager.o
                0x0000000020000f78                g_SY_system_counter
 .bss.g_rc_data
                0x0000000020000f7c        0x8 obj/SystemTaskManager.o
                0x0000000020000f7c                g_rc_data
 .bss.rc_rcv    0x0000000020000f84        0x8 obj/SystemTaskManager.o
 *(COMMON)
                0x0000000020000f8c                . = ALIGN (0x4)
                0x0000000020000f8c                _ebss = .
                0x0000000020000f8c                __bss_end__ = _ebss

._user_heap_stack
                0x0000000020000f8c      0x604 load address 0x000000000800aeb0
                0x0000000020000f90                . = ALIGN (0x8)
 *fill*         0x0000000020000f8c        0x4 
                [!provide]                        PROVIDE (end = .)
                [!provide]                        PROVIDE (_end = .)
                0x0000000020001190                . = (. + _Min_Heap_Size)
 *fill*         0x0000000020000f90      0x200 
                0x0000000020001590                . = (. + _Min_Stack_Size)
 *fill*         0x0000000020001190      0x400 
                0x0000000020001590                . = ALIGN (0x8)

/DISCARD/
 libc.a(*)
 libm.a(*)
 libgcc.a(*)

.ARM.attributes
                0x0000000000000000       0x29
 *(.ARM.attributes)
 .ARM.attributes
                0x0000000000000000       0x1d /usr/local/Cellar/gcc-arm-none-eabi/20180627/bin/../lib/gcc/arm-none-eabi/7.3.1/thumb/v7-m/crti.o
 .ARM.attributes
                0x000000000000001d       0x2d /usr/local/Cellar/gcc-arm-none-eabi/20180627/bin/../lib/gcc/arm-none-eabi/7.3.1/thumb/v7-m/crtbegin.o
 .ARM.attributes
                0x000000000000004a       0x33 obj/app.o
 .ARM.attributes
                0x000000000000007d       0x33 obj/assert.o
 .ARM.attributes
                0x00000000000000b0       0x33 obj/constManager.o
 .ARM.attributes
                0x00000000000000e3       0x33 obj/deviceDefinition.o
 .ARM.attributes
                0x0000000000000116       0x33 obj/msp.o
 .ARM.attributes
                0x0000000000000149       0x33 obj/stm32f1xx_it.o
 .ARM.attributes
                0x000000000000017c       0x33 obj/system_stm32f1xx.o
 .ARM.attributes
                0x00000000000001af       0x33 obj/stm32f1xx_hal.o
 .ARM.attributes
                0x00000000000001e2       0x33 obj/stm32f1xx_hal_cortex.o
 .ARM.attributes
                0x0000000000000215       0x33 obj/stm32f1xx_hal_dma.o
 .ARM.attributes
                0x0000000000000248       0x33 obj/stm32f1xx_hal_gpio.o
 .ARM.attributes
                0x000000000000027b       0x33 obj/stm32f1xx_hal_i2c.o
 .ARM.attributes
                0x00000000000002ae       0x33 obj/stm32f1xx_hal_iwdg.o
 .ARM.attributes
                0x00000000000002e1       0x33 obj/stm32f1xx_hal_rcc.o
 .ARM.attributes
                0x0000000000000314       0x33 obj/stm32f1xx_hal_rcc_ex.o
 .ARM.attributes
                0x0000000000000347       0x33 obj/stm32f1xx_hal_tim.o
 .ARM.attributes
                0x000000000000037a       0x33 obj/stm32f1xx_hal_tim_ex.o
 .ARM.attributes
                0x00000000000003ad       0x33 obj/stm32f1xx_hal_uart.o
 .ARM.attributes
                0x00000000000003e0       0x33 obj/MW_ENCODER.o
 .ARM.attributes
                0x0000000000000413       0x33 obj/MW_GPIO.o
 .ARM.attributes
                0x0000000000000446       0x33 obj/MW_I2C.o
 .ARM.attributes
                0x0000000000000479       0x33 obj/MW_IWDG.o
 .ARM.attributes
                0x00000000000004ac       0x33 obj/MW_TIM.o
 .ARM.attributes
                0x00000000000004df       0x33 obj/MW_USART.o
 .ARM.attributes
                0x0000000000000512       0x33 obj/message.o
 .ARM.attributes
                0x0000000000000545       0x33 obj/xprintf.o
 .ARM.attributes
                0x0000000000000578       0x33 obj/DD_AB.o
 .ARM.attributes
                0x00000000000005ab       0x33 obj/DD_ENCODER.o
 .ARM.attributes
                0x00000000000005de       0x33 obj/DD_Gene.o
 .ARM.attributes
                0x0000000000000611       0x33 obj/DD_LD.o
 .ARM.attributes
                0x0000000000000644       0x33 obj/DD_MD.o
 .ARM.attributes
                0x0000000000000677       0x33 obj/DD_RC.o
 .ARM.attributes
                0x00000000000006aa       0x33 obj/DD_SS.o
 .ARM.attributes
                0x00000000000006dd       0x33 obj/SystemTaskManager.o
 .ARM.attributes
                0x0000000000000710       0x21 obj/startup.o
 .ARM.attributes
                0x0000000000000731       0x1d /usr/local/Cellar/gcc-arm-none-eabi/20180627/bin/../lib/gcc/arm-none-eabi/7.3.1/thumb/v7-m/libgcc.a(_arm_addsubdf3.o)
 .ARM.attributes
                0x000000000000074e       0x1d /usr/local/Cellar/gcc-arm-none-eabi/20180627/bin/../lib/gcc/arm-none-eabi/7.3.1/thumb/v7-m/libgcc.a(_arm_muldivdf3.o)
 .ARM.attributes
                0x000000000000076b       0x1d /usr/local/Cellar/gcc-arm-none-eabi/20180627/bin/../lib/gcc/arm-none-eabi/7.3.1/thumb/v7-m/libgcc.a(_arm_cmpdf2.o)
 .ARM.attributes
                0x0000000000000788       0x1d /usr/local/Cellar/gcc-arm-none-eabi/20180627/bin/../lib/gcc/arm-none-eabi/7.3.1/thumb/v7-m/libgcc.a(_arm_fixdfsi.o)
 .ARM.attributes
                0x00000000000007a5       0x2d /usr/local/Cellar/gcc-arm-none-eabi/20180627/bin/../lib/gcc/arm-none-eabi/7.3.1/../../../../arm-none-eabi/lib/thumb/v7-m/libm.a(lib_a-s_atan.o)
 .ARM.attributes
                0x00000000000007d2       0x2d /usr/local/Cellar/gcc-arm-none-eabi/20180627/bin/../lib/gcc/arm-none-eabi/7.3.1/../../../../arm-none-eabi/lib/thumb/v7-m/libm.a(lib_a-s_cos.o)
 .ARM.attributes
                0x00000000000007ff       0x2d /usr/local/Cellar/gcc-arm-none-eabi/20180627/bin/../lib/gcc/arm-none-eabi/7.3.1/../../../../arm-none-eabi/lib/thumb/v7-m/libm.a(lib_a-s_fabs.o)
 .ARM.attributes
                0x000000000000082c       0x2d /usr/local/Cellar/gcc-arm-none-eabi/20180627/bin/../lib/gcc/arm-none-eabi/7.3.1/../../../../arm-none-eabi/lib/thumb/v7-m/libm.a(lib_a-s_round.o)
 .ARM.attributes
                0x0000000000000859       0x2d /usr/local/Cellar/gcc-arm-none-eabi/20180627/bin/../lib/gcc/arm-none-eabi/7.3.1/../../../../arm-none-eabi/lib/thumb/v7-m/libm.a(lib_a-s_sin.o)
 .ARM.attributes
                0x0000000000000886       0x2d /usr/local/Cellar/gcc-arm-none-eabi/20180627/bin/../lib/gcc/arm-none-eabi/7.3.1/../../../../arm-none-eabi/lib/thumb/v7-m/libm.a(lib_a-w_acos.o)
 .ARM.attributes
                0x00000000000008b3       0x2d /usr/local/Cellar/gcc-arm-none-eabi/20180627/bin/../lib/gcc/arm-none-eabi/7.3.1/../../../../arm-none-eabi/lib/thumb/v7-m/libm.a(lib_a-w_fmod.o)
 .ARM.attributes
                0x00000000000008e0       0x2d /usr/local/Cellar/gcc-arm-none-eabi/20180627/bin/../lib/gcc/arm-none-eabi/7.3.1/../../../../arm-none-eabi/lib/thumb/v7-m/libm.a(lib_a-w_sqrt.o)
 .ARM.attributes
                0x000000000000090d       0x2d /usr/local/Cellar/gcc-arm-none-eabi/20180627/bin/../lib/gcc/arm-none-eabi/7.3.1/../../../../arm-none-eabi/lib/thumb/v7-m/libm.a(lib_a-e_acos.o)
 .ARM.attributes
                0x000000000000093a       0x2d /usr/local/Cellar/gcc-arm-none-eabi/20180627/bin/../lib/gcc/arm-none-eabi/7.3.1/../../../../arm-none-eabi/lib/thumb/v7-m/libm.a(lib_a-e_fmod.o)
 .ARM.attributes
                0x0000000000000967       0x2d /usr/local/Cellar/gcc-arm-none-eabi/20180627/bin/../lib/gcc/arm-none-eabi/7.3.1/../../../../arm-none-eabi/lib/thumb/v7-m/libm.a(lib_a-e_rem_pio2.o)
 .ARM.attributes
                0x0000000000000994       0x2d /usr/local/Cellar/gcc-arm-none-eabi/20180627/bin/../lib/gcc/arm-none-eabi/7.3.1/../../../../arm-none-eabi/lib/thumb/v7-m/libm.a(lib_a-e_sqrt.o)
 .ARM.attributes
                0x00000000000009c1       0x2d /usr/local/Cellar/gcc-arm-none-eabi/20180627/bin/../lib/gcc/arm-none-eabi/7.3.1/../../../../arm-none-eabi/lib/thumb/v7-m/libm.a(lib_a-k_cos.o)
 .ARM.attributes
                0x00000000000009ee       0x2d /usr/local/Cellar/gcc-arm-none-eabi/20180627/bin/../lib/gcc/arm-none-eabi/7.3.1/../../../../arm-none-eabi/lib/thumb/v7-m/libm.a(lib_a-k_rem_pio2.o)
 .ARM.attributes
                0x0000000000000a1b       0x2d /usr/local/Cellar/gcc-arm-none-eabi/20180627/bin/../lib/gcc/arm-none-eabi/7.3.1/../../../../arm-none-eabi/lib/thumb/v7-m/libm.a(lib_a-k_sin.o)
 .ARM.attributes
                0x0000000000000a48       0x2d /usr/local/Cellar/gcc-arm-none-eabi/20180627/bin/../lib/gcc/arm-none-eabi/7.3.1/../../../../arm-none-eabi/lib/thumb/v7-m/libm.a(lib_a-s_floor.o)
 .ARM.attributes
                0x0000000000000a75       0x2d /usr/local/Cellar/gcc-arm-none-eabi/20180627/bin/../lib/gcc/arm-none-eabi/7.3.1/../../../../arm-none-eabi/lib/thumb/v7-m/libm.a(lib_a-s_lib_ver.o)
 .ARM.attributes
                0x0000000000000aa2       0x2d /usr/local/Cellar/gcc-arm-none-eabi/20180627/bin/../lib/gcc/arm-none-eabi/7.3.1/../../../../arm-none-eabi/lib/thumb/v7-m/libm.a(lib_a-s_matherr.o)
 .ARM.attributes
                0x0000000000000acf       0x2d /usr/local/Cellar/gcc-arm-none-eabi/20180627/bin/../lib/gcc/arm-none-eabi/7.3.1/../../../../arm-none-eabi/lib/thumb/v7-m/libm.a(lib_a-s_nan.o)
 .ARM.attributes
                0x0000000000000afc       0x2d /usr/local/Cellar/gcc-arm-none-eabi/20180627/bin/../lib/gcc/arm-none-eabi/7.3.1/../../../../arm-none-eabi/lib/thumb/v7-m/libm.a(lib_a-s_scalbn.o)
 .ARM.attributes
                0x0000000000000b29       0x2d /usr/local/Cellar/gcc-arm-none-eabi/20180627/bin/../lib/gcc/arm-none-eabi/7.3.1/../../../../arm-none-eabi/lib/thumb/v7-m/libm.a(lib_a-s_copysign.o)
 .ARM.attributes
                0x0000000000000b56       0x1d /usr/local/Cellar/gcc-arm-none-eabi/20180627/bin/../lib/gcc/arm-none-eabi/7.3.1/thumb/v7-m/libgcc.a(_arm_unorddf2.o)
 .ARM.attributes
                0x0000000000000b73       0x2d /usr/local/Cellar/gcc-arm-none-eabi/20180627/bin/../lib/gcc/arm-none-eabi/7.3.1/../../../../arm-none-eabi/lib/thumb/v7-m/libc_nano.a(lib_a-errno.o)
 .ARM.attributes
                0x0000000000000ba0       0x2d /usr/local/Cellar/gcc-arm-none-eabi/20180627/bin/../lib/gcc/arm-none-eabi/7.3.1/../../../../arm-none-eabi/lib/thumb/v7-m/libc_nano.a(lib_a-impure.o)
 .ARM.attributes
                0x0000000000000bcd       0x2d /usr/local/Cellar/gcc-arm-none-eabi/20180627/bin/../lib/gcc/arm-none-eabi/7.3.1/../../../../arm-none-eabi/lib/thumb/v7-m/libc_nano.a(lib_a-init.o)
 .ARM.attributes
                0x0000000000000bfa       0x2d /usr/local/Cellar/gcc-arm-none-eabi/20180627/bin/../lib/gcc/arm-none-eabi/7.3.1/../../../../arm-none-eabi/lib/thumb/v7-m/libc_nano.a(lib_a-memcpy-stub.o)
 .ARM.attributes
                0x0000000000000c27       0x1d /usr/local/Cellar/gcc-arm-none-eabi/20180627/bin/../lib/gcc/arm-none-eabi/7.3.1/thumb/v7-m/crtn.o
OUTPUT(bin/Test.elf elf32-littlearm)

.debug_info     0x0000000000000000    0x2df33
 .debug_info    0x0000000000000000     0x282d obj/app.o
 .debug_info    0x000000000000282d      0x967 obj/assert.o
 .debug_info    0x0000000000003194     0x18c8 obj/constManager.o
 .debug_info    0x0000000000004a5c      0xc83 obj/deviceDefinition.o
 .debug_info    0x00000000000056df     0x23b5 obj/msp.o
 .debug_info    0x0000000000007a94     0x117b obj/stm32f1xx_it.o
 .debug_info    0x0000000000008c0f      0x3ec obj/system_stm32f1xx.o
 .debug_info    0x0000000000008ffb      0xf0e obj/stm32f1xx_hal.o
 .debug_info    0x0000000000009f09     0x1550 obj/stm32f1xx_hal_cortex.o
 .debug_info    0x000000000000b459      0xffa obj/stm32f1xx_hal_dma.o
 .debug_info    0x000000000000c453     0x1080 obj/stm32f1xx_hal_gpio.o
 .debug_info    0x000000000000d4d3     0x34cf obj/stm32f1xx_hal_i2c.o
 .debug_info    0x00000000000109a2      0xc15 obj/stm32f1xx_hal_iwdg.o
 .debug_info    0x00000000000115b7     0x1d94 obj/stm32f1xx_hal_rcc.o
 .debug_info    0x000000000001334b      0xe68 obj/stm32f1xx_hal_rcc_ex.o
 .debug_info    0x00000000000141b3     0x4b8a obj/stm32f1xx_hal_tim.o
 .debug_info    0x0000000000018d3d     0x2002 obj/stm32f1xx_hal_tim_ex.o
 .debug_info    0x000000000001ad3f     0x1c43 obj/stm32f1xx_hal_uart.o
 .debug_info    0x000000000001c982     0x1038 obj/MW_ENCODER.o
 .debug_info    0x000000000001d9ba      0xd24 obj/MW_GPIO.o
 .debug_info    0x000000000001e6de     0x1081 obj/MW_I2C.o
 .debug_info    0x000000000001f75f      0xba9 obj/MW_IWDG.o
 .debug_info    0x0000000000020308     0x1360 obj/MW_TIM.o
 .debug_info    0x0000000000021668     0x10bd obj/MW_USART.o
 .debug_info    0x0000000000022725     0x1088 obj/message.o
 .debug_info    0x00000000000237ad     0x1373 obj/xprintf.o
 .debug_info    0x0000000000024b20      0xc92 obj/DD_AB.o
 .debug_info    0x00000000000257b2      0xd93 obj/DD_ENCODER.o
 .debug_info    0x0000000000026545     0x1684 obj/DD_Gene.o
 .debug_info    0x0000000000027bc9      0xcce obj/DD_LD.o
 .debug_info    0x0000000000028897      0xd70 obj/DD_MD.o
 .debug_info    0x0000000000029607     0x1662 obj/DD_RC.o
 .debug_info    0x000000000002ac69     0x1090 obj/DD_SS.o
 .debug_info    0x000000000002bcf9     0x223a obj/SystemTaskManager.o

.debug_abbrev   0x0000000000000000     0x5b9c
 .debug_abbrev  0x0000000000000000      0x3c8 obj/app.o
 .debug_abbrev  0x00000000000003c8      0x1c0 obj/assert.o
 .debug_abbrev  0x0000000000000588      0x337 obj/constManager.o
 .debug_abbrev  0x00000000000008bf      0x1c9 obj/deviceDefinition.o
 .debug_abbrev  0x0000000000000a88      0x2bc obj/msp.o
 .debug_abbrev  0x0000000000000d44      0x21f obj/stm32f1xx_it.o
 .debug_abbrev  0x0000000000000f63      0x134 obj/system_stm32f1xx.o
 .debug_abbrev  0x0000000000001097      0x338 obj/stm32f1xx_hal.o
 .debug_abbrev  0x00000000000013cf      0x3ac obj/stm32f1xx_hal_cortex.o
 .debug_abbrev  0x000000000000177b      0x2d4 obj/stm32f1xx_hal_dma.o
 .debug_abbrev  0x0000000000001a4f      0x2de obj/stm32f1xx_hal_gpio.o
 .debug_abbrev  0x0000000000001d2d      0x2f0 obj/stm32f1xx_hal_i2c.o
 .debug_abbrev  0x000000000000201d      0x299 obj/stm32f1xx_hal_iwdg.o
 .debug_abbrev  0x00000000000022b6      0x33a obj/stm32f1xx_hal_rcc.o
 .debug_abbrev  0x00000000000025f0      0x339 obj/stm32f1xx_hal_rcc_ex.o
 .debug_abbrev  0x0000000000002929      0x2ef obj/stm32f1xx_hal_tim.o
 .debug_abbrev  0x0000000000002c18      0x2e0 obj/stm32f1xx_hal_tim_ex.o
 .debug_abbrev  0x0000000000002ef8      0x2fd obj/stm32f1xx_hal_uart.o
 .debug_abbrev  0x00000000000031f5      0x26d obj/MW_ENCODER.o
 .debug_abbrev  0x0000000000003462      0x278 obj/MW_GPIO.o
 .debug_abbrev  0x00000000000036da      0x27d obj/MW_I2C.o
 .debug_abbrev  0x0000000000003957      0x25c obj/MW_IWDG.o
 .debug_abbrev  0x0000000000003bb3      0x27c obj/MW_TIM.o
 .debug_abbrev  0x0000000000003e2f      0x274 obj/MW_USART.o
 .debug_abbrev  0x00000000000040a3      0x2e2 obj/message.o
 .debug_abbrev  0x0000000000004385      0x35b obj/xprintf.o
 .debug_abbrev  0x00000000000046e0      0x24b obj/DD_AB.o
 .debug_abbrev  0x000000000000492b      0x23a obj/DD_ENCODER.o
 .debug_abbrev  0x0000000000004b65      0x29d obj/DD_Gene.o
 .debug_abbrev  0x0000000000004e02      0x265 obj/DD_LD.o
 .debug_abbrev  0x0000000000005067      0x274 obj/DD_MD.o
 .debug_abbrev  0x00000000000052db      0x2a9 obj/DD_RC.o
 .debug_abbrev  0x0000000000005584      0x2b6 obj/DD_SS.o
 .debug_abbrev  0x000000000000583a      0x362 obj/SystemTaskManager.o

.debug_loc      0x0000000000000000     0xd2d4
 .debug_loc     0x0000000000000000     0x193a obj/app.o
 .debug_loc     0x000000000000193a      0x371 obj/constManager.o
 .debug_loc     0x0000000000001cab      0x3ac obj/msp.o
 .debug_loc     0x0000000000002057       0xdf obj/system_stm32f1xx.o
 .debug_loc     0x0000000000002136       0x81 obj/stm32f1xx_hal.o
 .debug_loc     0x00000000000021b7      0x6db obj/stm32f1xx_hal_cortex.o
 .debug_loc     0x0000000000002892      0x4fc obj/stm32f1xx_hal_dma.o
 .debug_loc     0x0000000000002d8e      0x571 obj/stm32f1xx_hal_gpio.o
 .debug_loc     0x00000000000032ff     0x2d80 obj/stm32f1xx_hal_i2c.o
 .debug_loc     0x000000000000607f      0x10d obj/stm32f1xx_hal_iwdg.o
 .debug_loc     0x000000000000618c      0x91b obj/stm32f1xx_hal_rcc.o
 .debug_loc     0x0000000000006aa7      0x333 obj/stm32f1xx_hal_rcc_ex.o
 .debug_loc     0x0000000000006dda     0x2704 obj/stm32f1xx_hal_tim.o
 .debug_loc     0x00000000000094de      0xade obj/stm32f1xx_hal_tim_ex.o
 .debug_loc     0x0000000000009fbc     0x116d obj/stm32f1xx_hal_uart.o
 .debug_loc     0x000000000000b129       0x9d obj/MW_ENCODER.o
 .debug_loc     0x000000000000b1c6      0x1ca obj/MW_GPIO.o
 .debug_loc     0x000000000000b390      0x2bc obj/MW_I2C.o
 .debug_loc     0x000000000000b64c      0x2b8 obj/MW_TIM.o
 .debug_loc     0x000000000000b904      0x1b8 obj/MW_USART.o
 .debug_loc     0x000000000000babc       0xb5 obj/message.o
 .debug_loc     0x000000000000bb71      0x907 obj/xprintf.o
 .debug_loc     0x000000000000c478       0x42 obj/DD_AB.o
 .debug_loc     0x000000000000c4ba      0x36f obj/DD_Gene.o
 .debug_loc     0x000000000000c829       0x79 obj/DD_LD.o
 .debug_loc     0x000000000000c8a2       0x52 obj/DD_MD.o
 .debug_loc     0x000000000000c8f4      0x4b0 obj/DD_RC.o
 .debug_loc     0x000000000000cda4      0x272 obj/DD_SS.o
 .debug_loc     0x000000000000d016      0x2be obj/SystemTaskManager.o

.debug_aranges  0x0000000000000000     0x12d8
 .debug_aranges
                0x0000000000000000       0xb0 obj/app.o
 .debug_aranges
                0x00000000000000b0       0x20 obj/assert.o
 .debug_aranges
                0x00000000000000d0       0x88 obj/constManager.o
 .debug_aranges
                0x0000000000000158       0x18 obj/deviceDefinition.o
 .debug_aranges
                0x0000000000000170       0x88 obj/msp.o
 .debug_aranges
                0x00000000000001f8       0x90 obj/stm32f1xx_it.o
 .debug_aranges
                0x0000000000000288       0x28 obj/system_stm32f1xx.o
 .debug_aranges
                0x00000000000002b0       0xb0 obj/stm32f1xx_hal.o
 .debug_aranges
                0x0000000000000360       0x90 obj/stm32f1xx_hal_cortex.o
 .debug_aranges
                0x00000000000003f0       0x68 obj/stm32f1xx_hal_dma.o
 .debug_aranges
                0x0000000000000458       0x58 obj/stm32f1xx_hal_gpio.o
 .debug_aranges
                0x00000000000004b0      0x218 obj/stm32f1xx_hal_i2c.o
 .debug_aranges
                0x00000000000006c8       0x40 obj/stm32f1xx_hal_iwdg.o
 .debug_aranges
                0x0000000000000708       0x88 obj/stm32f1xx_hal_rcc.o
 .debug_aranges
                0x0000000000000790       0x30 obj/stm32f1xx_hal_rcc_ex.o
 .debug_aranges
                0x00000000000007c0      0x368 obj/stm32f1xx_hal_tim.o
 .debug_aranges
                0x0000000000000b28      0x138 obj/stm32f1xx_hal_tim_ex.o
 .debug_aranges
                0x0000000000000c60      0x150 obj/stm32f1xx_hal_uart.o
 .debug_aranges
                0x0000000000000db0       0x30 obj/MW_ENCODER.o
 .debug_aranges
                0x0000000000000de0       0x58 obj/MW_GPIO.o
 .debug_aranges
                0x0000000000000e38       0x58 obj/MW_I2C.o
 .debug_aranges
                0x0000000000000e90       0x40 obj/MW_IWDG.o
 .debug_aranges
                0x0000000000000ed0       0x80 obj/MW_TIM.o
 .debug_aranges
                0x0000000000000f50       0x60 obj/MW_USART.o
 .debug_aranges
                0x0000000000000fb0       0x48 obj/message.o
 .debug_aranges
                0x0000000000000ff8       0x70 obj/xprintf.o
 .debug_aranges
                0x0000000000001068       0x28 obj/DD_AB.o
 .debug_aranges
                0x0000000000001090       0x60 obj/DD_ENCODER.o
 .debug_aranges
                0x00000000000010f0       0x50 obj/DD_Gene.o
 .debug_aranges
                0x0000000000001140       0x28 obj/DD_LD.o
 .debug_aranges
                0x0000000000001168       0x28 obj/DD_MD.o
 .debug_aranges
                0x0000000000001190       0x58 obj/DD_RC.o
 .debug_aranges
                0x00000000000011e8       0x78 obj/DD_SS.o
 .debug_aranges
                0x0000000000001260       0x78 obj/SystemTaskManager.o

.debug_ranges   0x0000000000000000     0x11a0
 .debug_ranges  0x0000000000000000       0xa0 obj/app.o
 .debug_ranges  0x00000000000000a0       0x10 obj/assert.o
 .debug_ranges  0x00000000000000b0       0xa8 obj/constManager.o
 .debug_ranges  0x0000000000000158       0x78 obj/msp.o
 .debug_ranges  0x00000000000001d0       0x80 obj/stm32f1xx_it.o
 .debug_ranges  0x0000000000000250       0x18 obj/system_stm32f1xx.o
 .debug_ranges  0x0000000000000268       0xa0 obj/stm32f1xx_hal.o
 .debug_ranges  0x0000000000000308       0xe0 obj/stm32f1xx_hal_cortex.o
 .debug_ranges  0x00000000000003e8       0x58 obj/stm32f1xx_hal_dma.o
 .debug_ranges  0x0000000000000440       0x48 obj/stm32f1xx_hal_gpio.o
 .debug_ranges  0x0000000000000488      0x208 obj/stm32f1xx_hal_i2c.o
 .debug_ranges  0x0000000000000690       0x30 obj/stm32f1xx_hal_iwdg.o
 .debug_ranges  0x00000000000006c0       0x78 obj/stm32f1xx_hal_rcc.o
 .debug_ranges  0x0000000000000738       0x20 obj/stm32f1xx_hal_rcc_ex.o
 .debug_ranges  0x0000000000000758      0x358 obj/stm32f1xx_hal_tim.o
 .debug_ranges  0x0000000000000ab0      0x128 obj/stm32f1xx_hal_tim_ex.o
 .debug_ranges  0x0000000000000bd8      0x140 obj/stm32f1xx_hal_uart.o
 .debug_ranges  0x0000000000000d18       0x20 obj/MW_ENCODER.o
 .debug_ranges  0x0000000000000d38       0x48 obj/MW_GPIO.o
 .debug_ranges  0x0000000000000d80       0x48 obj/MW_I2C.o
 .debug_ranges  0x0000000000000dc8       0x30 obj/MW_IWDG.o
 .debug_ranges  0x0000000000000df8       0x70 obj/MW_TIM.o
 .debug_ranges  0x0000000000000e68       0x50 obj/MW_USART.o
 .debug_ranges  0x0000000000000eb8       0x38 obj/message.o
 .debug_ranges  0x0000000000000ef0       0x60 obj/xprintf.o
 .debug_ranges  0x0000000000000f50       0x18 obj/DD_AB.o
 .debug_ranges  0x0000000000000f68       0x50 obj/DD_ENCODER.o
 .debug_ranges  0x0000000000000fb8       0x40 obj/DD_Gene.o
 .debug_ranges  0x0000000000000ff8       0x18 obj/DD_LD.o
 .debug_ranges  0x0000000000001010       0x18 obj/DD_MD.o
 .debug_ranges  0x0000000000001028       0x78 obj/DD_RC.o
 .debug_ranges  0x00000000000010a0       0x98 obj/DD_SS.o
 .debug_ranges  0x0000000000001138       0x68 obj/SystemTaskManager.o

.debug_macro    0x0000000000000000    0x16e1c
 .debug_macro   0x0000000000000000      0x43e obj/app.o
 .debug_macro   0x000000000000043e      0xab4 obj/app.o
 .debug_macro   0x0000000000000ef2       0x40 obj/app.o
 .debug_macro   0x0000000000000f32       0x22 obj/app.o
 .debug_macro   0x0000000000000f54       0x8e obj/app.o
 .debug_macro   0x0000000000000fe2       0x51 obj/app.o
 .debug_macro   0x0000000000001033       0xef obj/app.o
 .debug_macro   0x0000000000001122       0x6a obj/app.o
 .debug_macro   0x000000000000118c      0x1df obj/app.o
 .debug_macro   0x000000000000136b       0x16 obj/app.o
 .debug_macro   0x0000000000001381       0x10 obj/app.o
 .debug_macro   0x0000000000001391       0x40 obj/app.o
 .debug_macro   0x00000000000013d1       0x10 obj/app.o
 .debug_macro   0x00000000000013e1      0x136 obj/app.o
 .debug_macro   0x0000000000001517      0x1b1 obj/app.o
 .debug_macro   0x00000000000016c8       0x2e obj/app.o
 .debug_macro   0x00000000000016f6       0x22 obj/app.o
 .debug_macro   0x0000000000001718       0x3a obj/app.o
 .debug_macro   0x0000000000001752       0x34 obj/app.o
 .debug_macro   0x0000000000001786      0xb8e obj/app.o
 .debug_macro   0x0000000000002314     0x69eb obj/app.o
 .debug_macro   0x0000000000008cff       0x43 obj/app.o
 .debug_macro   0x0000000000008d42     0x3383 obj/app.o
 .debug_macro   0x000000000000c0c5       0x5e obj/app.o
 .debug_macro   0x000000000000c123       0x18 obj/app.o
 .debug_macro   0x000000000000c13b       0x35 obj/app.o
 .debug_macro   0x000000000000c170       0x34 obj/app.o
 .debug_macro   0x000000000000c1a4       0x16 obj/app.o
 .debug_macro   0x000000000000c1ba       0x97 obj/app.o
 .debug_macro   0x000000000000c251      0x353 obj/app.o
 .debug_macro   0x000000000000c5a4       0xf6 obj/app.o
 .debug_macro   0x000000000000c69a       0x10 obj/app.o
 .debug_macro   0x000000000000c6aa       0x58 obj/app.o
 .debug_macro   0x000000000000c702       0x1f obj/app.o
 .debug_macro   0x000000000000c721       0x43 obj/app.o
 .debug_macro   0x000000000000c764       0x20 obj/app.o
 .debug_macro   0x000000000000c784      0x18e obj/app.o
 .debug_macro   0x000000000000c912       0x10 obj/app.o
 .debug_macro   0x000000000000c922       0x1c obj/app.o
 .debug_macro   0x000000000000c93e       0x52 obj/app.o
 .debug_macro   0x000000000000c990       0x40 obj/app.o
 .debug_macro   0x000000000000c9d0       0x10 obj/app.o
 .debug_macro   0x000000000000c9e0       0x40 obj/app.o
 .debug_macro   0x000000000000ca20       0xd7 obj/app.o
 .debug_macro   0x000000000000caf7       0x1c obj/app.o
 .debug_macro   0x000000000000cb13       0x3d obj/app.o
 .debug_macro   0x000000000000cb50       0x16 obj/app.o
 .debug_macro   0x000000000000cb66      0x16f obj/app.o
 .debug_macro   0x000000000000ccd5       0x57 obj/app.o
 .debug_macro   0x000000000000cd2c      0x778 obj/app.o
 .debug_macro   0x000000000000d4a4      0x28b obj/app.o
 .debug_macro   0x000000000000d72f      0x141 obj/app.o
 .debug_macro   0x000000000000d870      0x197 obj/app.o
 .debug_macro   0x000000000000da07      0x1ae obj/app.o
 .debug_macro   0x000000000000dbb5       0x2d obj/app.o
 .debug_macro   0x000000000000dbe2       0x3c obj/app.o
 .debug_macro   0x000000000000dc1e       0x57 obj/app.o
 .debug_macro   0x000000000000dc75      0x46a obj/app.o
 .debug_macro   0x000000000000e0df      0x1b5 obj/app.o
 .debug_macro   0x000000000000e294       0x8c obj/app.o
 .debug_macro   0x000000000000e320      0x242 obj/app.o
 .debug_macro   0x000000000000e562      0x225 obj/app.o
 .debug_macro   0x000000000000e787       0x99 obj/app.o
 .debug_macro   0x000000000000e820      0x143 obj/app.o
 .debug_macro   0x000000000000e963      0x1f4 obj/app.o
 .debug_macro   0x000000000000eb57      0x83e obj/app.o
 .debug_macro   0x000000000000f395       0x11 obj/app.o
 .debug_macro   0x000000000000f3a6      0x256 obj/app.o
 .debug_macro   0x000000000000f5fc       0x7c obj/app.o
 .debug_macro   0x000000000000f678       0x16 obj/app.o
 .debug_macro   0x000000000000f68e       0x35 obj/app.o
 .debug_macro   0x000000000000f6c3       0x16 obj/app.o
 .debug_macro   0x000000000000f6d9       0x29 obj/app.o
 .debug_macro   0x000000000000f702       0x16 obj/app.o
 .debug_macro   0x000000000000f718      0x100 obj/app.o
 .debug_macro   0x000000000000f818       0x2e obj/app.o
 .debug_macro   0x000000000000f846       0x22 obj/app.o
 .debug_macro   0x000000000000f868      0x1e1 obj/app.o
 .debug_macro   0x000000000000fa49       0x28 obj/app.o
 .debug_macro   0x000000000000fa71       0x34 obj/app.o